Microchip MPLAB XC8 Compiler V2.05 ()

Linker command line:

-W-3 --edf=/Applications/microchip/xc8/v2.05/pic/dat/en_msgs.txt -cs \
  -h+dist/default/debug/lab_8.X.debug.sym \
  --cmf=dist/default/debug/lab_8.X.debug.cmf -z -Q16F18446 -o/tmp/xcKoAa3Y5 \
  --defsym=__MPLAB_BUILD=1 -Mdist/default/debug/lab_8.X.debug.map -E1 \
  -ver=XC8 --acfsm=1493 -ASTACK=020E7h-027EFh -pstack=STACK \
  -ACODE=00h-07FFhx8 -ASTRCODE=00h-03FFFh -ASTRING=00h-0FFhx64 \
  -ACONST=00h-0FFhx64 -AENTRY=00h-0FFhx64 -ACOMMON=070h-07Fh \
  -ABANK0=020h-06Fh -ABANK1=0A0h-0EFh -ABANK2=0120h-016Fh \
  -ABANK3=01A0h-01EFh -ABANK4=0220h-026Fh -ABANK5=02A0h-02EFh \
  -ABANK6=0320h-036Fh -ABANK7=03A0h-03EFh -ABANK8=0420h-046Fh \
  -ABANK9=04A0h-04EFh -ABANK10=0520h-056Fh -ABANK11=05A0h-05EFh \
  -ABANK12=0620h-066Fh -ABANK13=06A0h-06EFh -ABANK14=0720h-076Fh \
  -ABANK15=07A0h-07EFh -ABANK16=0820h-086Fh -ABANK17=08A0h-08EFh \
  -ABANK18=0920h-096Fh -ABANK19=09A0h-09EFh -ABANK20=0A20h-0A6Fh \
  -ABANK21=0AA0h-0AEFh -ABANK22=0B20h-0B6Fh -ABANK23=0BA0h-0BEFh \
  -ABANK24=0C20h-0C6Fh -ABANK25=0CA0h-0CBFh -ABIGRAM=02000h-027EFh \
  -ARAM=020h-06Fh,0A0h-0EFh,0120h-016Fh,01A0h-01EFh,0220h-026Fh,02A0h-02EFh,0320h-036Fh,03A0h-03EFh,0420h-046Fh,04A0h-04EFh,0520h-056Fh,05A0h-05EFh,0620h-066Fh,06A0h-06EFh,0720h-076Fh,07A0h-07EFh,0820h-086Fh,08A0h-08EFh,0920h-096Fh,09A0h-09EFh,0A20h-0A6Fh,0AA0h-0AEFh,0B20h-0B6Fh,0BA0h-0BEFh,0C20h-0C6Fh,0CA0h-0CBFh \
  -AABS1=020h-07Fh,0A0h-0EFh,0120h-016Fh,01A0h-01EFh,0220h-026Fh,02A0h-02EFh,0320h-036Fh,03A0h-03EFh,0420h-046Fh,04A0h-04EFh,0520h-056Fh,05A0h-05EFh,0620h-066Fh,06A0h-06EFh,0720h-076Fh,07A0h-07EFh,0820h-086Fh,08A0h-08EFh,0920h-096Fh,09A0h-09EFh,0A20h-0A6Fh,0AA0h-0AEFh,0B20h-0B6Fh,0BA0h-0BEFh,0C20h-0C6Fh,0CA0h-0CBFh \
  -ASFR0=00h-01Fh -ASFR1=080h-09Fh -ASFR2=0100h-011Fh -ASFR3=0180h-019Fh \
  -ASFR4=0200h-021Fh -ASFR5=0280h-029Fh -ASFR6=0300h-031Fh \
  -ASFR7=0380h-039Fh -ASFR8=0400h-041Fh -ASFR9=0480h-049Fh \
  -ASFR10=0500h-051Fh -ASFR11=0580h-059Fh -ASFR12=0600h-061Fh \
  -ASFR13=0680h-069Fh -ASFR14=0700h-071Fh -ASFR15=0780h-079Fh \
  -ASFR16=0800h-081Fh -ASFR17=0880h-089Fh -ASFR18=0900h-091Fh \
  -ASFR19=0980h-099Fh -ASFR20=0A00h-0A1Fh -ASFR21=0A80h-0A9Fh \
  -ASFR22=0B00h-0B1Fh -ASFR23=0B80h-0B9Fh -ASFR24=0C00h-0C1Fh \
  -ASFR25=0C80h-0C9Fh -ASFR26=0D00h-0D6Fh -ASFR27=0D80h-0DEFh \
  -ASFR28=0E00h-0E6Fh -ASFR29=0E80h-0EEFh -ASFR30=0F00h-0F6Fh \
  -ASFR31=0F80h-0FEFh -ASFR32=01000h-0106Fh -ASFR33=01080h-010EFh \
  -ASFR34=01100h-0116Fh -ASFR35=01180h-011EFh -ASFR36=01200h-0126Fh \
  -ASFR37=01280h-012EFh -ASFR38=01300h-0136Fh -ASFR39=01380h-013EFh \
  -ASFR40=01400h-0146Fh -ASFR41=01480h-014EFh -ASFR42=01500h-0156Fh \
  -ASFR43=01580h-015EFh -ASFR44=01600h-0166Fh -ASFR45=01680h-016EFh \
  -ASFR46=01700h-0176Fh -ASFR47=01780h-017EFh -ASFR48=01800h-0186Fh \
  -ASFR49=01880h-018EFh -ASFR50=01900h-0196Fh -ASFR51=01980h-019EFh \
  -ASFR52=01A00h-01A6Fh -ASFR53=01A80h-01AEFh -ASFR54=01B00h-01B6Fh \
  -ASFR55=01B80h-01BEFh -ASFR56=01C00h-01C6Fh -ASFR57=01C80h-01CEFh \
  -ASFR58=01D00h-01D6Fh -ASFR59=01D80h-01DEFh -ASFR60=01E00h-01E6Fh \
  -ASFR61=01E80h-01EEFh -ASFR62=01F00h-01F6Fh -ASFR63=01F80h-01FEFh \
  -preset_vec=00h,intentry=04h,init,end_init -ppowerup=CODE -pcinit=CODE \
  -pfunctab=ENTRY -ACONFIG=08007h-0800Bh -pconfig=CONFIG -DCONFIG=2 \
  -AIDLOC=08000h-08003h -pidloc=IDLOC -DIDLOC=2 -AEEDATA=00h-0FFh/0F000h \
  -peeprom_data=EEDATA -DEEDATA=2 -DCODE=2 -DSTRCODE=2 -DSTRING=2 -DCONST=2 \
  -DENTRY=2 -k /tmp/xcj95JTYj.o dist/default/debug/lab_8.X.debug.o 

Object code version is 3.11

Machine type is 16F18446



                Name                               Link     Load   Length Selector   Space Scale
/tmp/xcj95JTYj.o
                end_init                             1E       1E        2        8       0
                reset_vec                             0        0        2        0       0
                config                             8007     8007        5    1000E       0
dist/default/debug/lab_8.X.debug.o
                cinit                                20       20       29        8       0
                intentry                              4        4       1A        8       0
                text43                              CAD      CAD        3     195A       0
                text42                              CFF      CFF       11     19FE       0
                text41                              D6F      D6F       18     1ADE       0
                text40                               49       49      154        8       0
                text39                              CAC      CAC        1     1958       0
                text38                              CB5      CB5        6     196A       0
                text37                              CE3      CE3        D     19C6       0
                text35                              D10      D10       11     1A20       0
                text34                              DF2      DF2       20     1BE4       0
                text33                              7A6      7A6       4E      E08       0
                text32                              CD1      CD1        9     19A2       0
                text31                              CC1      CC1        8     1982       0
                text30                              F52      F52       35     1EA4       0
                text29                              EF5      EF5       2D     1DEA       0
                text28                              CB0      CB0        5     1960       0
                text27                              704      704       52      E08       0
                text26                              E12      E12       20     1C24       0
                text25                              ECB      ECB       2A     1D96       0
                text24                              DD5      DD5       1D     1BAA       0
                text23                              5E2      5E2       C2        8       0
                text22                              CC9      CC9        8     1992       0
                text21                              DB9      DB9       1C     1B72       0
                text20                              CDA      CDA        9     19B4       0
                text19                              EA2      EA2       29     1D44       0
                text18                              7F4      7F4        A      E08       0
                text17                              D44      D44       14     1A88       0
                text16                              CF0      CF0        F     19E0       0
                text15                              D32      D32       12     1A64       0
                text14                              E32      E32       24     1C64       0
                text13                              F87      F87       37     1F0E       0
                text12                              E56      E56       26     1CAC       0
                text11                              D87      D87       19     1B0E       0
                text10                              756      756       50      E08       0
                text9                               F22      F22       30     1E44       0
                text8                               40C      40C       F7        8       0
                text7                               503      503       DF        8       0
                text6                               DA0      DA0       19     1B40       0
                text5                               19D      19D      151        8       0
                text4                               2EE      2EE      11E        8       0
                text3                               E7C      E7C       26     1CF8       0
                text2                               D21      D21       11     1A42       0
                text1                               D58      D58       17     1AB0       0
                maintext                            FBE      FBE       42     1F7C       0
                cstackBANK0                          20       20       50       20       1
                cstackCOMMON                         70       70        6       70       1
                cstackBANK1                          A0       A0       28       A0       1
                cstackBANK2                         164      164        2      120       1
                clrtext                             CBB      CBB        6     1976       0
                bssBANK2                            120      120       44      120       1
                dataBANK1                            EE       EE        2       A0       1
                bssBANK1                             C8       C8       21       A0       1
                dataCOMMON                           7B       7B        2       70       1
                bssCOMMON                            76       76        5       70       1
                stringtext11                       1045     1045        4     2000       0
                stringtext10                       1040     1040        5     2000       0
                stringtext9                        103A     103A        6     2000       0
                stringtext8                        1033     1033        7     2000       0
                stringtext7                        102C     102C        7     2000       0
                stringtext6                        1024     1024        8     2000       0
                stringtext5                        101C     101C        8     2000       0
                stringtext4                        1013     1013        9     2000       0
                stringtext3                        100A     100A        9     2000       0
                stringtext2                        1000     1000        A     2000       0
                nvBANK2                             166      166        1      120       1
                nvBANK1                              E9       E9        5       A0       1
                stringtext1                         6A4      6A4       60      D48       0
                idataBANK1                            2        2        2        0       0
                idataCOMMON                         7FE      7FE        2      E08       0

TOTAL           Name                               Link     Load   Length     Space
        CLASS   STACK          

        CLASS   CODE           
                end_init                             1E       1E        2         0
                cinit                                20       20       29         0
                intentry                              4        4       1A         0
                reset_vec                             0        0        2         0
                text43                              CAD      CAD        3         0
                text42                              CFF      CFF       11         0
                text41                              D6F      D6F       18         0
                text40                               49       49      154         0
                text39                              CAC      CAC        1         0
                text38                              CB5      CB5        6         0
                text37                              CE3      CE3        D         0
                text35                              D10      D10       11         0
                text34                              DF2      DF2       20         0
                text33                              7A6      7A6       4E         0
                text32                              CD1      CD1        9         0
                text31                              CC1      CC1        8         0
                text30                              F52      F52       35         0
                text29                              EF5      EF5       2D         0
                text28                              CB0      CB0        5         0
                text27                              704      704       52         0
                text26                              E12      E12       20         0
                text25                              ECB      ECB       2A         0
                text24                              DD5      DD5       1D         0
                text23                              5E2      5E2       C2         0
                text22                              CC9      CC9        8         0
                text21                              DB9      DB9       1C         0
                text20                              CDA      CDA        9         0
                text19                              EA2      EA2       29         0
                text18                              7F4      7F4        A         0
                text17                              D44      D44       14         0
                text16                              CF0      CF0        F         0
                text15                              D32      D32       12         0
                text14                              E32      E32       24         0
                text13                              F87      F87       37         0
                text12                              E56      E56       26         0
                text11                              D87      D87       19         0
                text10                              756      756       50         0
                text9                               F22      F22       30         0
                text8                               40C      40C       F7         0
                text7                               503      503       DF         0
                text6                               DA0      DA0       19         0
                text5                               19D      19D      151         0
                text4                               2EE      2EE      11E         0
                text3                               E7C      E7C       26         0
                text2                               D21      D21       11         0
                text1                               D58      D58       17         0
                maintext                            FBE      FBE       42         0
                clrtext                             CBB      CBB        6         0
                idataBANK1                            2        2        2         0
                idataCOMMON                         7FE      7FE        2         0

        CLASS   STRCODE        
                stringtext11                       1045     1045        4         0
                stringtext10                       1040     1040        5         0
                stringtext9                        103A     103A        6         0
                stringtext8                        1033     1033        7         0
                stringtext7                        102C     102C        7         0
                stringtext6                        1024     1024        8         0
                stringtext5                        101C     101C        8         0
                stringtext4                        1013     1013        9         0
                stringtext3                        100A     100A        9         0
                stringtext2                        1000     1000        A         0
                stringtext1                         6A4      6A4       60         0

        CLASS   STRING         

        CLASS   CONST          

        CLASS   ENTRY          

        CLASS   COMMON         
                cstackCOMMON                         70       70        6         1
                dataCOMMON                           7B       7B        2         1
                bssCOMMON                            76       76        5         1

        CLASS   BANK0          
                cstackBANK0                          20       20       50         1

        CLASS   BANK1          
                cstackBANK1                          A0       A0       28         1
                dataBANK1                            EE       EE        2         1
                bssBANK1                             C8       C8       21         1
                nvBANK1                              E9       E9        5         1

        CLASS   BANK2          
                cstackBANK2                         164      164        2         1
                bssBANK2                            120      120       44         1
                nvBANK2                             166      166        1         1

        CLASS   BANK3          

        CLASS   BANK4          

        CLASS   BANK5          

        CLASS   BANK6          

        CLASS   BANK7          

        CLASS   BANK8          

        CLASS   BANK9          

        CLASS   BANK10         

        CLASS   BANK11         

        CLASS   BANK12         

        CLASS   BANK13         

        CLASS   BANK14         

        CLASS   BANK15         

        CLASS   BANK16         

        CLASS   BANK17         

        CLASS   BANK18         

        CLASS   BANK19         

        CLASS   BANK20         

        CLASS   BANK21         

        CLASS   BANK22         

        CLASS   BANK23         

        CLASS   BANK24         

        CLASS   BANK25         

        CLASS   BIGRAM         

        CLASS   RAM            

        CLASS   ABS1           
                abs_s1                               7E       7E        2         1

        CLASS   SFR0           

        CLASS   SFR1           

        CLASS   SFR2           

        CLASS   SFR3           

        CLASS   SFR4           

        CLASS   SFR5           

        CLASS   SFR6           

        CLASS   SFR7           

        CLASS   SFR8           

        CLASS   SFR9           

        CLASS   SFR10          

        CLASS   SFR11          

        CLASS   SFR12          

        CLASS   SFR13          

        CLASS   SFR14          

        CLASS   SFR15          

        CLASS   SFR16          

        CLASS   SFR17          

        CLASS   SFR18          

        CLASS   SFR19          

        CLASS   SFR20          

        CLASS   SFR21          

        CLASS   SFR22          

        CLASS   SFR23          

        CLASS   SFR24          

        CLASS   SFR25          

        CLASS   SFR26          

        CLASS   SFR27          

        CLASS   SFR28          

        CLASS   SFR29          

        CLASS   SFR30          

        CLASS   SFR31          

        CLASS   SFR32          

        CLASS   SFR33          

        CLASS   SFR34          

        CLASS   SFR35          

        CLASS   SFR36          

        CLASS   SFR37          

        CLASS   SFR38          

        CLASS   SFR39          

        CLASS   SFR40          

        CLASS   SFR41          

        CLASS   SFR42          

        CLASS   SFR43          

        CLASS   SFR44          

        CLASS   SFR45          

        CLASS   SFR46          

        CLASS   SFR47          

        CLASS   SFR48          

        CLASS   SFR49          

        CLASS   SFR50          

        CLASS   SFR51          

        CLASS   SFR52          

        CLASS   SFR53          

        CLASS   SFR54          

        CLASS   SFR55          

        CLASS   SFR56          

        CLASS   SFR57          

        CLASS   SFR58          

        CLASS   SFR59          

        CLASS   SFR60          

        CLASS   SFR61          

        CLASS   SFR62          

        CLASS   SFR63          

        CLASS   CONFIG         
                config                             8007     8007        5         0

        CLASS   IDLOC          

        CLASS   EEDATA         

        CLASS   BANK63         

        CLASS   BANK62         

        CLASS   BANK61         

        CLASS   BANK60         

        CLASS   BANK59         

        CLASS   BANK58         

        CLASS   BANK57         

        CLASS   BANK56         

        CLASS   BANK55         

        CLASS   BANK54         

        CLASS   BANK53         

        CLASS   BANK52         

        CLASS   BANK51         

        CLASS   BANK50         

        CLASS   BANK49         

        CLASS   BANK48         

        CLASS   BANK47         

        CLASS   BANK46         

        CLASS   BANK45         

        CLASS   BANK44         

        CLASS   BANK43         

        CLASS   BANK42         

        CLASS   BANK41         

        CLASS   BANK40         

        CLASS   BANK39         

        CLASS   BANK38         

        CLASS   BANK37         

        CLASS   BANK36         

        CLASS   BANK35         

        CLASS   BANK34         

        CLASS   BANK33         

        CLASS   BANK32         

        CLASS   BANK31         

        CLASS   BANK30         

        CLASS   BANK29         

        CLASS   BANK28         

        CLASS   BANK27         

        CLASS   BANK26         



SEGMENTS        Name                           Load    Length   Top    Selector   Space  Class     Delta

                text6                          000DA0  000019  000DB9      1B40       0  CODE        2
                text1                          000D58  000017  000D6F      1AB0       0  CODE        2
                text17                         000D44  000014  000D58      1A88       0  CODE        2
                text11                         000D87  000019  000DA0      1B0E       0  CODE        2
                text41                         000D6F  000018  000D87      1ADE       0  CODE        2
                text21                         000DB9  00001C  000DD5      1B72       0  CODE        2
                text34                         000DF2  000020  000E12      1BE4       0  CODE        2
                reset_vec                      000000  000004  000004         0       0  CODE        2
                text24                         000DD5  00001D  000DF2      1BAA       0  CODE        2
                text15                         000D32  000012  000D44      1A64       0  CODE        2
                text35                         000D10  000011  000D21      1A20       0  CODE        2
                text2                          000D21  000011  000D32      1A42       0  CODE        2
                text26                         000E12  000020  000E32      1C24       0  CODE        2
                text14                         000E32  000024  000E56      1C64       0  CODE        2
                text3                          000E7C  000026  000EA2      1CF8       0  CODE        2
                text12                         000E56  000026  000E7C      1CAC       0  CODE        2
                text37                         000CE3  00000D  000CF0      19C6       0  CODE        2
                text20                         000CDA  000009  000CE3      19B4       0  CODE        2
                stringtext2                    001000  000049  001049      2000       0  STRCODE     2
                text16                         000CF0  00000F  000CFF      19E0       0  CODE        2
                text42                         000CFF  000011  000D10      19FE       0  CODE        2
                text9                          000F22  000030  000F52      1E44       0  CODE        2
                text30                         000F52  000035  000F87      1EA4       0  CODE        2
                text27                         000704  0000FC  000800       E08       0  CODE        2
                stringtext1                    0006A4  000060  000704       D48       0  STRCODE     2
                maintext                       000FBE  000042  001000      1F7C       0  CODE        2
                text13                         000F87  000037  000FBE      1F0E       0  CODE        2
                text25                         000ECB  00002A  000EF5      1D96       0  CODE        2
                text29                         000EF5  00002D  000F22      1DEA       0  CODE        2
                text19                         000EA2  000029  000ECB      1D44       0  CODE        2
                clrtext                        000CBB  000006  000CC1      1976       0  CODE        2
                text31                         000CC1  000008  000CC9      1982       0  CODE        2
                text38                         000CB5  000006  000CBB      196A       0  CODE        2
                text39                         000CAC  000001  000CAD      1958       0  CODE        2
                text43                         000CAD  000003  000CB0      195A       0  CODE        2
                text28                         000CB0  000005  000CB5      1960       0  CODE        2
                text32                         000CD1  000009  000CDA      19A2       0  CODE        2
                text22                         000CC9  000008  000CD1      1992       0  CODE        2
                cstackBANK1                    0000A0  000050  0000F0        A0       1  BANK1       1
                intentry                       000004  0006A0  0006A4         8       0  CODE        2
                bssBANK2                       000120  000047  000167       120       1  BANK2       1
                config                         008007  000005  00800C     1000E       0  CONFIG      2
                cstackBANK0                    000020  000050  000070        20       1  BANK0       1
                cstackCOMMON                   000070  00000D  00007D        70       1  COMMON      1


UNUSED ADDRESS RANGES

        Name                Unused          Largest block    Delta
        BANK10           00520-0056F              50           1
        BANK11           005A0-005EF              50           1
        BANK12           00620-0066F              50           1
        BANK13           006A0-006EF              50           1
        BANK14           00720-0076F              50           1
        BANK15           007A0-007EF              50           1
        BANK16           00820-0086F              50           1
        BANK17           008A0-008EF              50           1
        BANK18           00920-0096F              50           1
        BANK19           009A0-009EF              50           1
        BANK2            00167-0016F               9           1
        BANK20           00A20-00A6F              50           1
        BANK21           00AA0-00AEF              50           1
        BANK22           00B20-00B6F              50           1
        BANK23           00BA0-00BEF              50           1
        BANK24           00C20-00C6F              50           1
        BANK25           00CA0-00CBF              20           1
        BANK3            001A0-001EF              50           1
        BANK4            00220-0026F              50           1
        BANK5            002A0-002EF              50           1
        BANK6            00320-0036F              50           1
        BANK7            003A0-003EF              50           1
        BANK8            00420-0046F              50           1
        BANK9            004A0-004EF              50           1
        BIGRAM           02000-027EF             7F0           1
        CODE             00800-00CAB             4AC           2
                         01049-03FFF             800
        COMMON           0007D-0007D               1           1
        CONST            00800-00CAB             100           2
                         01049-03FFF             100
        EEDATA           0F000-0F0FF             100           2
        ENTRY            00800-00CAB             100           2
                         01049-03FFF             100
        IDLOC            08000-08003               4           2
        RAM              00167-0016F               9           1
                         001A0-001EF              50
                         00220-0026F              50
                         002A0-002EF              50
                         00320-0036F              50
                         003A0-003EF              50
                         00420-0046F              50
                         004A0-004EF              50
                         00520-0056F              50
                         005A0-005EF              50
                         00620-0066F              50
                         006A0-006EF              50
                         00720-0076F              50
                         007A0-007EF              50
                         00820-0086F              50
                         008A0-008EF              50
                         00920-0096F              50
                         009A0-009EF              50
                         00A20-00A6F              50
                         00AA0-00AEF              50
                         00B20-00B6F              50
                         00BA0-00BEF              50
                         00C20-00C6F              50
                         00CA0-00CBF              20
        SFR0             00000-0001F              20           1
        SFR1             00080-0009F              20           1
        SFR10            00500-0051F              20           1
        SFR11            00580-0059F              20           1
        SFR12            00600-0061F              20           1
        SFR13            00680-0069F              20           1
        SFR14            00700-0071F              20           1
        SFR15            00780-0079F              20           1
        SFR16            00800-0081F              20           1
        SFR17            00880-0089F              20           1
        SFR18            00900-0091F              20           1
        SFR19            00980-0099F              20           1
        SFR2             00100-0011F              20           1
        SFR20            00A00-00A1F              20           1
        SFR21            00A80-00A9F              20           1
        SFR22            00B00-00B1F              20           1
        SFR23            00B80-00B9F              20           1
        SFR24            00C00-00C1F              20           1
        SFR25            00C80-00C9F              20           1
        SFR26            00D00-00D6F              70           1
        SFR27            00D80-00DEF              70           1
        SFR28            00E00-00E6F              70           1
        SFR29            00E80-00EEF              70           1
        SFR3             00180-0019F              20           1
        SFR30            00F00-00F6F              70           1
        SFR31            00F80-00FEF              70           1
        SFR32            01000-0106F              70           1
        SFR33            01080-010EF              70           1
        SFR34            01100-0116F              70           1
        SFR35            01180-011EF              70           1
        SFR36            01200-0126F              70           1
        SFR37            01280-012EF              70           1
        SFR38            01300-0136F              70           1
        SFR39            01380-013EF              70           1
        SFR4             00200-0021F              20           1
        SFR40            01400-0146F              70           1
        SFR41            01480-014EF              70           1
        SFR42            01500-0156F              70           1
        SFR43            01580-015EF              70           1
        SFR44            01600-0166F              70           1
        SFR45            01680-016EF              70           1
        SFR46            01700-0176F              70           1
        SFR47            01780-017EF              70           1
        SFR48            01800-0186F              70           1
        SFR49            01880-018EF              70           1
        SFR5             00280-0029F              20           1
        SFR50            01900-0196F              70           1
        SFR51            01980-019EF              70           1
        SFR52            01A00-01A6F              70           1
        SFR53            01A80-01AEF              70           1
        SFR54            01B00-01B6F              70           1
        SFR55            01B80-01BEF              70           1
        SFR56            01C00-01C6F              70           1
        SFR57            01C80-01CEF              70           1
        SFR58            01D00-01D6F              70           1
        SFR59            01D80-01DEF              70           1
        SFR6             00300-0031F              20           1
        SFR60            01E00-01E6F              70           1
        SFR61            01E80-01EEF              70           1
        SFR62            01F00-01F6F              70           1
        SFR63            01F80-01FEF              70           1
        SFR7             00380-0039F              20           1
        SFR8             00400-0041F              20           1
        SFR9             00480-0049F              20           1
        STACK            020E7-027EF             709           1
        STRCODE          00800-00CAB             4AC           2
                         01049-03FFF            2FB7
        STRING           00800-00CAB             100           2
                         01049-03FFF             100

                                  Symbol Table

?___aodiv                                  cstackBANK0  00020
?___aomod                                  cstackBANK0  00020
?___lwdiv                                  cstackBANK0  00020
?___lwmod                                  cstackBANK0  00028
?_abs                                      cstackBANK0  00033
?_ctoa                                     cstackBANK0  00052
?_dtoa                                     cstackBANK0  00052
?_pad                                      cstackBANK0  00049
?_printf                                   cstackBANK1  000B9
?_strlen                                   cstackBANK0  00020
?_vfpfcnvrt                                cstackBANK1  000A0
?_vfprintf                                 cstackBANK1  000B1
I2C1_ISR@i2c_10bit_address_restart         bssBANK1     000DC
I2C1_ISR@i2c_address                       bssCOMMON    00079
I2C1_ISR@i2c_bytes_left                    bssBANK1     000DD
I2C1_ISR@pi2c_buf_ptr                      bssBANK1     000DE
I2C1_MasterRead@trBlock                    bssBANK2     00160
I2C1_MasterTRBInsert@count                 cstackBANK0  00024
I2C1_MasterTRBInsert@pflag                 cstackBANK0  00022
I2C1_MasterTRBInsert@ptrb_list             cstackBANK0  00020
I2C1_MasterWrite@address                   cstackBANK0  00028
I2C1_MasterWrite@length                    cstackBANK0  00027
I2C1_MasterWrite@pdata                     cstackBANK0  0002D
I2C1_MasterWrite@pflag                     cstackBANK0  0002A
I2C1_MasterWrite@trBlock                   bssBANK1     000E1
I2C1_MasterWriteTRBBuild@address           cstackBANK0  00022
I2C1_MasterWriteTRBBuild@length            cstackBANK0  00021
I2C1_MasterWriteTRBBuild@pdata             cstackBANK0  00020
I2C1_MasterWriteTRBBuild@ptrb              cstackBANK0  00026
I2C1_Stop@completion_code                  cstackCOMMON 00071
TM1650_fastPrintNum@num                    cstackBANK0  00034
TM1650_setDigit@data                       cstackBANK0  00034
TM1650_setDigit@digit                      cstackBANK0  00036
TMR0_SetInterruptHandler@InterruptHandler  cstackBANK0  00020
_ANSELA                                    (abs)        01F38
_ANSELAbits                                (abs)        01F38
_ANSELB                                    (abs)        01F43
_ANSELC                                    (abs)        01F4E
_ANSELCbits                                (abs)        01F4E
_BUTTONS_init                              text33       007A6
_CLOCK_init                                text31       00CC1
_CLOCK_timerCallback                       text38       00CB5
_CONTROLLER_init                           text22       00CC9
_GPIO_init                                 text35       00D10
_I2C1_BusCollisionISR                      text43       00CAD
_I2C1_FunctionComplete                     text42       00CFF
_I2C1_ISR                                  text40       00049
_I2C1_Initialize                           text21       00DB9
_I2C1_MasterTRBInsert                      text27       00704
_I2C1_MasterWrite                          text25       00ECB
_I2C1_MasterWriteTRBBuild                  text26       00E12
_I2C1_Stop                                 text41       00D6F
_I2C1_WaitForLastPacketToComplete          text28       00CB0
_INTCONbits                                (abs)        0000B
_INTERRUPT_InterruptManager                intentry     00004
_LATA                                      (abs)        00018
_LATB                                      (abs)        00019
_LATC                                      (abs)        0001A
_ODCONA                                    (abs)        01F3A
_ODCONB                                    (abs)        01F45
_ODCONC                                    (abs)        01F50
_OSCCON1                                   (abs)        0088D
_OSCCON3                                   (abs)        0088F
_OSCEN                                     (abs)        00891
_OSCFRQ                                    (abs)        00893
_OSCILLATOR_Initialize                     text20       00CDA
_OSCTUNE                                   (abs)        00892
_PIE0bits                                  (abs)        00716
_PIE3bits                                  (abs)        00719
_PIN_MANAGER_Initialize                    text19       00EA2
_PIR0bits                                  (abs)        0070C
_PIR3bits                                  (abs)        0070F
_PMD0                                      (abs)        00796
_PMD1                                      (abs)        00797
_PMD2                                      (abs)        00798
_PMD3                                      (abs)        00799
_PMD4                                      (abs)        0079A
_PMD5                                      (abs)        0079B
_PMD6                                      (abs)        0079C
_PMD7                                      (abs)        0079D
_PMD_Initialize                            text18       007F4
_PORTA                                     (abs)        0000C
_PORTC                                     (abs)        0000E
_RA4PPS                                    (abs)        01F14
_RA5PPS                                    (abs)        01F15
_SLRCONA                                   (abs)        01F3B
_SLRCONB                                   (abs)        01F46
_SLRCONC                                   (abs)        01F51
_SSP1ADD                                   (abs)        0018D
_SSP1BUF                                   (abs)        0018C
_SSP1CLKPPS                                (abs)        01EC5
_SSP1CON1                                  (abs)        00190
_SSP1CON1bits                              (abs)        00190
_SSP1CON2bits                              (abs)        00191
_SSP1CON3                                  (abs)        00192
_SSP1DATPPS                                (abs)        01EC6
_SSP1STAT                                  (abs)        0018F
_SYSTEM_Initialize                         text16       00CF0
_T0CON0                                    (abs)        0059E
_T0CON0bits                                (abs)        0059E
_T0CON1                                    (abs)        0059F
_TM1650_fastPrintNum                       text23       005E2
_TM1650_init                               text1        00D58
_TM1650_setDigit                           text15       00D32
_TMR0H                                     (abs)        0059D
_TMR0L                                     (abs)        0059C
_TMR0_DefaultInterruptHandler              text39       00CAC
_TMR0_ISR                                  text37       00CE3
_TMR0_Initialize                           text17       00D44
_TMR0_InterruptHandler                     nvBANK1      000E9
_TMR0_SetInterruptHandler                  text32       00CD1
_TRISA                                     (abs)        00012
_TRISAbits                                 (abs)        00012
_TRISB                                     (abs)        00013
_TRISC                                     (abs)        00014
_TRISCbits                                 (abs)        00014
_WPUA                                      (abs)        01F39
_WPUAbits                                  (abs)        01F39
_WPUB                                      (abs)        01F44
_WPUC                                      (abs)        01F4F
_WPUCbits                                  (abs)        01F4F
__CFG_BBEN$OFF                             (abs)        00000
__CFG_BBSIZE$BB512                         (abs)        00000
__CFG_BOREN$ON                             (abs)        00000
__CFG_BORV$LO                              (abs)        00000
__CFG_CLKOUTEN$OFF                         (abs)        00000
__CFG_CP$OFF                               (abs)        00000
__CFG_CSWEN$ON                             (abs)        00000
__CFG_FCMEN$ON                             (abs)        00000
__CFG_FEXTOSC$OFF                          (abs)        00000
__CFG_LPBOREN$OFF                          (abs)        00000
__CFG_LVP$ON                               (abs)        00000
__CFG_MCLRE$ON                             (abs)        00000
__CFG_PPS1WAY$ON                           (abs)        00000
__CFG_PWRTS$OFF                            (abs)        00000
__CFG_RSTOSC$HFINT1                        (abs)        00000
__CFG_SAFEN$OFF                            (abs)        00000
__CFG_STVREN$ON                            (abs)        00000
__CFG_WDTCCS$SC                            (abs)        00000
__CFG_WDTCPS$WDTCPS_31                     (abs)        00000
__CFG_WDTCWS$WDTCWS_7                      (abs)        00000
__CFG_WDTE$OFF                             (abs)        00000
__CFG_WRTAPP$OFF                           (abs)        00000
__CFG_WRTB$OFF                             (abs)        00000
__CFG_WRTC$OFF                             (abs)        00000
__CFG_WRTD$OFF                             (abs)        00000
__CFG_WRTSAF$OFF                           (abs)        00000
__CFG_ZCDDIS$OFF                           (abs)        00000
__Habs1                                    abs1         00000
__Hbank0                                   bank0        00000
__Hbank1                                   bank1        00000
__Hbank10                                  bank10       00000
__Hbank11                                  bank11       00000
__Hbank12                                  bank12       00000
__Hbank13                                  bank13       00000
__Hbank14                                  bank14       00000
__Hbank15                                  bank15       00000
__Hbank16                                  bank16       00000
__Hbank17                                  bank17       00000
__Hbank18                                  bank18       00000
__Hbank19                                  bank19       00000
__Hbank2                                   bank2        00000
__Hbank20                                  bank20       00000
__Hbank21                                  bank21       00000
__Hbank22                                  bank22       00000
__Hbank23                                  bank23       00000
__Hbank24                                  bank24       00000
__Hbank25                                  bank25       00000
__Hbank26                                  bank26       00000
__Hbank27                                  bank27       00000
__Hbank28                                  bank28       00000
__Hbank29                                  bank29       00000
__Hbank3                                   bank3        00000
__Hbank30                                  bank30       00000
__Hbank31                                  bank31       00000
__Hbank32                                  bank32       00000
__Hbank33                                  bank33       00000
__Hbank34                                  bank34       00000
__Hbank35                                  bank35       00000
__Hbank36                                  bank36       00000
__Hbank37                                  bank37       00000
__Hbank38                                  bank38       00000
__Hbank39                                  bank39       00000
__Hbank4                                   bank4        00000
__Hbank40                                  bank40       00000
__Hbank41                                  bank41       00000
__Hbank42                                  bank42       00000
__Hbank43                                  bank43       00000
__Hbank44                                  bank44       00000
__Hbank45                                  bank45       00000
__Hbank46                                  bank46       00000
__Hbank47                                  bank47       00000
__Hbank48                                  bank48       00000
__Hbank49                                  bank49       00000
__Hbank5                                   bank5        00000
__Hbank50                                  bank50       00000
__Hbank51                                  bank51       00000
__Hbank52                                  bank52       00000
__Hbank53                                  bank53       00000
__Hbank54                                  bank54       00000
__Hbank55                                  bank55       00000
__Hbank56                                  bank56       00000
__Hbank57                                  bank57       00000
__Hbank58                                  bank58       00000
__Hbank59                                  bank59       00000
__Hbank6                                   bank6        00000
__Hbank60                                  bank60       00000
__Hbank61                                  bank61       00000
__Hbank62                                  bank62       00000
__Hbank63                                  bank63       00000
__Hbank7                                   bank7        00000
__Hbank8                                   bank8        00000
__Hbank9                                   bank9        00000
__Hbigram                                  bigram       00000
__HbssBANK1                                bssBANK1     00000
__HbssBANK2                                bssBANK2     00000
__HbssCOMMON                               bssCOMMON    00000
__Hcinit                                   cinit        00049
__Hclrtext                                 clrtext      00000
__Hcode                                    code         00000
__Hcommon                                  common       00000
__Hconfig                                  config       0800C
__HcstackBANK0                             cstackBANK0  00000
__HcstackBANK1                             cstackBANK1  00000
__HcstackBANK2                             cstackBANK2  00000
__HcstackCOMMON                            cstackCOMMON 00000
__HdataBANK1                               dataBANK1    00000
__HdataCOMMON                              dataCOMMON   00000
__Heeprom_data                             eeprom_data  00000
__Hend_init                                end_init     00020
__Hfunctab                                 functab      00000
__HidataBANK1                              idataBANK1   00000
__HidataCOMMON                             idataCOMMON  00000
__Hidloc                                   idloc        00000
__Hinit                                    init         0001E
__Hintentry                                intentry     0001E
__Hmaintext                                maintext     00000
__HnvBANK1                                 nvBANK1      00000
__HnvBANK2                                 nvBANK2      00000
__Hpowerup                                 powerup      00000
__Hram                                     ram          00000
__Hreset_vec                               reset_vec    00002
__Hsfr0                                    sfr0         00000
__Hsfr1                                    sfr1         00000
__Hsfr10                                   sfr10        00000
__Hsfr11                                   sfr11        00000
__Hsfr12                                   sfr12        00000
__Hsfr13                                   sfr13        00000
__Hsfr14                                   sfr14        00000
__Hsfr15                                   sfr15        00000
__Hsfr16                                   sfr16        00000
__Hsfr17                                   sfr17        00000
__Hsfr18                                   sfr18        00000
__Hsfr19                                   sfr19        00000
__Hsfr2                                    sfr2         00000
__Hsfr20                                   sfr20        00000
__Hsfr21                                   sfr21        00000
__Hsfr22                                   sfr22        00000
__Hsfr23                                   sfr23        00000
__Hsfr24                                   sfr24        00000
__Hsfr25                                   sfr25        00000
__Hsfr26                                   sfr26        00000
__Hsfr27                                   sfr27        00000
__Hsfr28                                   sfr28        00000
__Hsfr29                                   sfr29        00000
__Hsfr3                                    sfr3         00000
__Hsfr30                                   sfr30        00000
__Hsfr31                                   sfr31        00000
__Hsfr32                                   sfr32        00000
__Hsfr33                                   sfr33        00000
__Hsfr34                                   sfr34        00000
__Hsfr35                                   sfr35        00000
__Hsfr36                                   sfr36        00000
__Hsfr37                                   sfr37        00000
__Hsfr38                                   sfr38        00000
__Hsfr39                                   sfr39        00000
__Hsfr4                                    sfr4         00000
__Hsfr40                                   sfr40        00000
__Hsfr41                                   sfr41        00000
__Hsfr42                                   sfr42        00000
__Hsfr43                                   sfr43        00000
__Hsfr44                                   sfr44        00000
__Hsfr45                                   sfr45        00000
__Hsfr46                                   sfr46        00000
__Hsfr47                                   sfr47        00000
__Hsfr48                                   sfr48        00000
__Hsfr49                                   sfr49        00000
__Hsfr5                                    sfr5         00000
__Hsfr50                                   sfr50        00000
__Hsfr51                                   sfr51        00000
__Hsfr52                                   sfr52        00000
__Hsfr53                                   sfr53        00000
__Hsfr54                                   sfr54        00000
__Hsfr55                                   sfr55        00000
__Hsfr56                                   sfr56        00000
__Hsfr57                                   sfr57        00000
__Hsfr58                                   sfr58        00000
__Hsfr59                                   sfr59        00000
__Hsfr6                                    sfr6         00000
__Hsfr60                                   sfr60        00000
__Hsfr61                                   sfr61        00000
__Hsfr62                                   sfr62        00000
__Hsfr63                                   sfr63        00000
__Hsfr7                                    sfr7         00000
__Hsfr8                                    sfr8         00000
__Hsfr9                                    sfr9         00000
__Hspace_0                                 (abs)        0800C
__Hspace_1                                 (abs)        00167
__Hspace_2                                 (abs)        00000
__Hspace_3                                 (abs)        00000
__Hstack                                   stack        00000
__Hstrings                                 strings      00000
__Hstringtext1                             stringtext1  00000
__Hstringtext10                            stringtext10 00000
__Hstringtext11                            stringtext11 00000
__Hstringtext12                            stringtext12 00000
__Hstringtext2                             stringtext2  00000
__Hstringtext3                             stringtext3  00000
__Hstringtext4                             stringtext4  00000
__Hstringtext5                             stringtext5  00000
__Hstringtext6                             stringtext6  00000
__Hstringtext7                             stringtext7  00000
__Hstringtext8                             stringtext8  00000
__Hstringtext9                             stringtext9  00000
__Htext                                    text         00000
__Labs1                                    abs1         00000
__Lbank0                                   bank0        00000
__Lbank1                                   bank1        00000
__Lbank10                                  bank10       00000
__Lbank11                                  bank11       00000
__Lbank12                                  bank12       00000
__Lbank13                                  bank13       00000
__Lbank14                                  bank14       00000
__Lbank15                                  bank15       00000
__Lbank16                                  bank16       00000
__Lbank17                                  bank17       00000
__Lbank18                                  bank18       00000
__Lbank19                                  bank19       00000
__Lbank2                                   bank2        00000
__Lbank20                                  bank20       00000
__Lbank21                                  bank21       00000
__Lbank22                                  bank22       00000
__Lbank23                                  bank23       00000
__Lbank24                                  bank24       00000
__Lbank25                                  bank25       00000
__Lbank26                                  bank26       00000
__Lbank27                                  bank27       00000
__Lbank28                                  bank28       00000
__Lbank29                                  bank29       00000
__Lbank3                                   bank3        00000
__Lbank30                                  bank30       00000
__Lbank31                                  bank31       00000
__Lbank32                                  bank32       00000
__Lbank33                                  bank33       00000
__Lbank34                                  bank34       00000
__Lbank35                                  bank35       00000
__Lbank36                                  bank36       00000
__Lbank37                                  bank37       00000
__Lbank38                                  bank38       00000
__Lbank39                                  bank39       00000
__Lbank4                                   bank4        00000
__Lbank40                                  bank40       00000
__Lbank41                                  bank41       00000
__Lbank42                                  bank42       00000
__Lbank43                                  bank43       00000
__Lbank44                                  bank44       00000
__Lbank45                                  bank45       00000
__Lbank46                                  bank46       00000
__Lbank47                                  bank47       00000
__Lbank48                                  bank48       00000
__Lbank49                                  bank49       00000
__Lbank5                                   bank5        00000
__Lbank50                                  bank50       00000
__Lbank51                                  bank51       00000
__Lbank52                                  bank52       00000
__Lbank53                                  bank53       00000
__Lbank54                                  bank54       00000
__Lbank55                                  bank55       00000
__Lbank56                                  bank56       00000
__Lbank57                                  bank57       00000
__Lbank58                                  bank58       00000
__Lbank59                                  bank59       00000
__Lbank6                                   bank6        00000
__Lbank60                                  bank60       00000
__Lbank61                                  bank61       00000
__Lbank62                                  bank62       00000
__Lbank63                                  bank63       00000
__Lbank7                                   bank7        00000
__Lbank8                                   bank8        00000
__Lbank9                                   bank9        00000
__Lbigram                                  bigram       00000
__LbssBANK1                                bssBANK1     00000
__LbssBANK2                                bssBANK2     00000
__LbssCOMMON                               bssCOMMON    00000
__Lcinit                                   cinit        00020
__Lclrtext                                 clrtext      00000
__Lcode                                    code         00000
__Lcommon                                  common       00000
__Lconfig                                  config       08007
__LcstackBANK0                             cstackBANK0  00000
__LcstackBANK1                             cstackBANK1  00000
__LcstackBANK2                             cstackBANK2  00000
__LcstackCOMMON                            cstackCOMMON 00000
__LdataBANK1                               dataBANK1    00000
__LdataCOMMON                              dataCOMMON   00000
__Leeprom_data                             eeprom_data  00000
__Lend_init                                end_init     0001E
__Lfunctab                                 functab      00000
__LidataBANK1                              idataBANK1   00000
__LidataCOMMON                             idataCOMMON  00000
__Lidloc                                   idloc        00000
__Linit                                    init         0001E
__Lintentry                                intentry     00004
__Lmaintext                                maintext     00000
__LnvBANK1                                 nvBANK1      00000
__LnvBANK2                                 nvBANK2      00000
__Lpowerup                                 powerup      00000
__Lram                                     ram          00000
__Lreset_vec                               reset_vec    00000
__Lsfr0                                    sfr0         00000
__Lsfr1                                    sfr1         00000
__Lsfr10                                   sfr10        00000
__Lsfr11                                   sfr11        00000
__Lsfr12                                   sfr12        00000
__Lsfr13                                   sfr13        00000
__Lsfr14                                   sfr14        00000
__Lsfr15                                   sfr15        00000
__Lsfr16                                   sfr16        00000
__Lsfr17                                   sfr17        00000
__Lsfr18                                   sfr18        00000
__Lsfr19                                   sfr19        00000
__Lsfr2                                    sfr2         00000
__Lsfr20                                   sfr20        00000
__Lsfr21                                   sfr21        00000
__Lsfr22                                   sfr22        00000
__Lsfr23                                   sfr23        00000
__Lsfr24                                   sfr24        00000
__Lsfr25                                   sfr25        00000
__Lsfr26                                   sfr26        00000
__Lsfr27                                   sfr27        00000
__Lsfr28                                   sfr28        00000
__Lsfr29                                   sfr29        00000
__Lsfr3                                    sfr3         00000
__Lsfr30                                   sfr30        00000
__Lsfr31                                   sfr31        00000
__Lsfr32                                   sfr32        00000
__Lsfr33                                   sfr33        00000
__Lsfr34                                   sfr34        00000
__Lsfr35                                   sfr35        00000
__Lsfr36                                   sfr36        00000
__Lsfr37                                   sfr37        00000
__Lsfr38                                   sfr38        00000
__Lsfr39                                   sfr39        00000
__Lsfr4                                    sfr4         00000
__Lsfr40                                   sfr40        00000
__Lsfr41                                   sfr41        00000
__Lsfr42                                   sfr42        00000
__Lsfr43                                   sfr43        00000
__Lsfr44                                   sfr44        00000
__Lsfr45                                   sfr45        00000
__Lsfr46                                   sfr46        00000
__Lsfr47                                   sfr47        00000
__Lsfr48                                   sfr48        00000
__Lsfr49                                   sfr49        00000
__Lsfr5                                    sfr5         00000
__Lsfr50                                   sfr50        00000
__Lsfr51                                   sfr51        00000
__Lsfr52                                   sfr52        00000
__Lsfr53                                   sfr53        00000
__Lsfr54                                   sfr54        00000
__Lsfr55                                   sfr55        00000
__Lsfr56                                   sfr56        00000
__Lsfr57                                   sfr57        00000
__Lsfr58                                   sfr58        00000
__Lsfr59                                   sfr59        00000
__Lsfr6                                    sfr6         00000
__Lsfr60                                   sfr60        00000
__Lsfr61                                   sfr61        00000
__Lsfr62                                   sfr62        00000
__Lsfr63                                   sfr63        00000
__Lsfr7                                    sfr7         00000
__Lsfr8                                    sfr8         00000
__Lsfr9                                    sfr9         00000
__Lspace_0                                 (abs)        00000
__Lspace_1                                 (abs)        00000
__Lspace_2                                 (abs)        00000
__Lspace_3                                 (abs)        00000
__Lstack                                   stack        00000
__Lstrings                                 strings      00000
__Lstringtext1                             stringtext1  00000
__Lstringtext10                            stringtext10 00000
__Lstringtext11                            stringtext11 00000
__Lstringtext12                            stringtext12 00000
__Lstringtext2                             stringtext2  00000
__Lstringtext3                             stringtext3  00000
__Lstringtext4                             stringtext4  00000
__Lstringtext5                             stringtext5  00000
__Lstringtext6                             stringtext6  00000
__Lstringtext7                             stringtext7  00000
__Lstringtext8                             stringtext8  00000
__Lstringtext9                             stringtext9  00000
__Ltext                                    text         00000
__S0                                       (abs)        0800C
__S1                                       (abs)        00167
__S2                                       (abs)        00000
__S3                                       (abs)        00000
___aodiv                                   text8        0040C
___aodiv@counter                           cstackBANK0  00031
___aodiv@dividend                          cstackBANK0  00028
___aodiv@divisor                           cstackBANK0  00020
___aodiv@quotient                          cstackBANK0  00033
___aodiv@sign                              cstackBANK0  00032
___aomod                                   text7        00503
___aomod@counter                           cstackBANK0  00031
___aomod@dividend                          cstackBANK0  00028
___aomod@divisor                           cstackBANK0  00020
___aomod@sign                              cstackBANK0  00032
___int_sp                                  stack        00000
___latbits                                 (abs)        00003
___lwdiv                                   text30       00F52
___lwdiv@counter                           cstackBANK0  00025
___lwdiv@dividend                          cstackBANK0  00022
___lwdiv@divisor                           cstackBANK0  00020
___lwdiv@quotient                          cstackBANK0  00026
___lwmod                                   text29       00EF5
___lwmod@counter                           cstackBANK0  0002D
___lwmod@dividend                          cstackBANK0  0002A
___lwmod@divisor                           cstackBANK0  00028
___sp                                      stack        00000
___stackhi                                 (abs)        027EF
___stacklo                                 (abs)        020E7
__end_of_BUTTONS_init                      text33       007F4
__end_of_CLOCK_init                        text31       00CC9
__end_of_CLOCK_timerCallback               text38       00CBB
__end_of_CONTROLLER_init                   text22       00CD1
__end_of_GPIO_init                         text35       00D21
__end_of_I2C1_BusCollisionISR              text43       00CB0
__end_of_I2C1_FunctionComplete             text42       00D10
__end_of_I2C1_ISR                          text40       0019D
__end_of_I2C1_Initialize                   text21       00DD5
__end_of_I2C1_MasterTRBInsert              text27       00756
__end_of_I2C1_MasterWrite                  text25       00EF5
__end_of_I2C1_MasterWriteTRBBuild          text26       00E32
__end_of_I2C1_Stop                         text41       00D87
__end_of_I2C1_WaitForLastPacketToComplete  text28       00CB5
__end_of_INTERRUPT_InterruptManager        intentry     0001E
__end_of_OSCILLATOR_Initialize             text20       00CE3
__end_of_PIN_MANAGER_Initialize            text19       00ECB
__end_of_PMD_Initialize                    text18       007FE
__end_of_SYSTEM_Initialize                 text16       00CFF
__end_of_TM1650_fastPrintNum               text23       006A4
__end_of_TM1650_init                       text1        00D6F
__end_of_TM1650_setDigit                   text15       00D44
__end_of_TMR0_DefaultInterruptHandler      text39       00CAD
__end_of_TMR0_ISR                          text37       00CF0
__end_of_TMR0_Initialize                   text17       00D58
__end_of_TMR0_SetInterruptHandler          text32       00CDA
__end_of___aodiv                           text8        00503
__end_of___aomod                           text7        005E2
__end_of___lwdiv                           text30       00F87
__end_of___lwmod                           text29       00F22
__end_of__initialization                   cinit        00045
__end_of_abs                               text6        00DB9
__end_of_charTable                         stringtext1  00704
__end_of_ctoa                              text9        00F52
__end_of_dtoa                              text5        002EE
__end_of_fputc                             text13       00FBE
__end_of_fputs                             text12       00E7C
__end_of_init                              text34       00E12
__end_of_main                              maintext     01000
__end_of_pad                               text10       007A6
__end_of_printf                            text2        00D32
__end_of_putch                             text14       00E56
__end_of_strlen                            text11       00DA0
__end_of_vfpfcnvrt                         text4        0040C
__end_of_vfprintf                          text3        00EA2
__end_of_writeData                         text24       00DF2
__initialization                           cinit        00020
__pbssBANK1                                bssBANK1     000C8
__pbssBANK2                                bssBANK2     00120
__pbssCOMMON                               bssCOMMON    00076
__pcstackBANK0                             cstackBANK0  00020
__pcstackBANK1                             cstackBANK1  000A0
__pcstackBANK2                             cstackBANK2  00164
__pcstackCOMMON                            cstackCOMMON 00070
__pdataBANK1                               dataBANK1    000EE
__pdataCOMMON                              dataCOMMON   0007B
__pidataBANK1                              idataBANK1   00002
__pidataCOMMON                             idataCOMMON  007FE
__pintentry                                intentry     00004
__pmaintext                                maintext     00FBE
__pnvBANK1                                 nvBANK1      000E9
__pnvBANK2                                 nvBANK2      00166
__pstringtext1                             stringtext1  006A4
__pstringtext10                            stringtext10 01040
__pstringtext11                            stringtext11 01045
__pstringtext12                            stringtext12 00000
__pstringtext2                             stringtext2  01000
__pstringtext3                             stringtext3  0100A
__pstringtext4                             stringtext4  01013
__pstringtext5                             stringtext5  0101C
__pstringtext6                             stringtext6  01024
__pstringtext7                             stringtext7  0102C
__pstringtext8                             stringtext8  01033
__pstringtext9                             stringtext9  0103A
__ptext1                                   text1        00D58
__ptext10                                  text10       00756
__ptext11                                  text11       00D87
__ptext12                                  text12       00E56
__ptext13                                  text13       00F87
__ptext14                                  text14       00E32
__ptext15                                  text15       00D32
__ptext16                                  text16       00CF0
__ptext17                                  text17       00D44
__ptext18                                  text18       007F4
__ptext19                                  text19       00EA2
__ptext2                                   text2        00D21
__ptext20                                  text20       00CDA
__ptext21                                  text21       00DB9
__ptext22                                  text22       00CC9
__ptext23                                  text23       005E2
__ptext24                                  text24       00DD5
__ptext25                                  text25       00ECB
__ptext26                                  text26       00E12
__ptext27                                  text27       00704
__ptext28                                  text28       00CB0
__ptext29                                  text29       00EF5
__ptext3                                   text3        00E7C
__ptext30                                  text30       00F52
__ptext31                                  text31       00CC1
__ptext32                                  text32       00CD1
__ptext33                                  text33       007A6
__ptext34                                  text34       00DF2
__ptext35                                  text35       00D10
__ptext37                                  text37       00CE3
__ptext38                                  text38       00CB5
__ptext39                                  text39       00CAC
__ptext4                                   text4        002EE
__ptext40                                  text40       00049
__ptext41                                  text41       00D6F
__ptext42                                  text42       00CFF
__ptext43                                  text43       00CAD
__ptext5                                   text5        0019D
__ptext6                                   text6        00DA0
__ptext7                                   text7        00503
__ptext8                                   text8        0040C
__ptext9                                   text9        00F22
__size_of_BUTTONS_init                     (abs)        00000
__size_of_CLOCK_init                       (abs)        00000
__size_of_CLOCK_timerCallback              (abs)        00000
__size_of_CONTROLLER_init                  (abs)        00000
__size_of_GPIO_init                        (abs)        00000
__size_of_I2C1_BusCollisionISR             (abs)        00000
__size_of_I2C1_FunctionComplete            (abs)        00000
__size_of_I2C1_ISR                         (abs)        00000
__size_of_I2C1_Initialize                  (abs)        00000
__size_of_I2C1_MasterTRBInsert             (abs)        00000
__size_of_I2C1_MasterWrite                 (abs)        00000
__size_of_I2C1_MasterWriteTRBBuild         (abs)        00000
__size_of_I2C1_Stop                        (abs)        00000
__size_of_I2C1_WaitForLastPacketToComplete (abs)        00000
__size_of_INTERRUPT_InterruptManager       (abs)        00000
__size_of_OSCILLATOR_Initialize            (abs)        00000
__size_of_PIN_MANAGER_Initialize           (abs)        00000
__size_of_PMD_Initialize                   (abs)        00000
__size_of_SYSTEM_Initialize                (abs)        00000
__size_of_TM1650_fastPrintNum              (abs)        00000
__size_of_TM1650_init                      (abs)        00000
__size_of_TM1650_setDigit                  (abs)        00000
__size_of_TMR0_DefaultInterruptHandler     (abs)        00000
__size_of_TMR0_ISR                         (abs)        00000
__size_of_TMR0_Initialize                  (abs)        00000
__size_of_TMR0_SetInterruptHandler         (abs)        00000
__size_of___aodiv                          (abs)        00000
__size_of___aomod                          (abs)        00000
__size_of___lwdiv                          (abs)        00000
__size_of___lwmod                          (abs)        00000
__size_of_abs                              (abs)        00000
__size_of_ctoa                             (abs)        00000
__size_of_dtoa                             (abs)        00000
__size_of_fputc                            (abs)        00000
__size_of_fputs                            (abs)        00000
__size_of_init                             (abs)        00000
__size_of_main                             (abs)        00000
__size_of_pad                              (abs)        00000
__size_of_printf                           (abs)        00000
__size_of_putch                            (abs)        00000
__size_of_strlen                           (abs)        00000
__size_of_vfpfcnvrt                        (abs)        00000
__size_of_vfprintf                         (abs)        00000
__size_of_writeData                        (abs)        00000
_abs                                       text6        00DA0
_address                                   dataCOMMON   0007B
_buttons                                   bssBANK2     00140
_charTable                                 stringtext1  006A4
_ctoa                                      text9        00F22
_currentTime                               bssBANK1     000D9
_dbuf                                      bssBANK2     00120
_down                                      nvBANK1      000EC
_dtoa                                      text5        0019D
_dtoa$1204                                 cstackBANK0  0005D
_enter                                     nvBANK1      000EB
_flags                                     bssBANK1     000D3
_fputc                                     text13       00F87
_fputs                                     text12       00E56
_i2c1_object                               bssBANK1     000C8
_i2c1_state                                bssBANK1     000E0
_i2c1_tr_queue                             bssBANK1     000E5
_i2c1_trb_count                            bssBANK1     000DF
_incInterval                               dataBANK1    000EE
_init                                      text34       00DF2
_lastIncTime                               bssBANK1     000D5
_lastTime                                  bssBANK1     000D7
_main                                      maintext     00FBE
_menu                                      nvBANK2      00166
_nout                                      bssBANK1     000CD
_p_i2c1_current                            bssCOMMON    00078
_p_i2c1_trb_current                        bssCOMMON    00076
_pad                                       text10       00756
_position                                  bssBANK1     000DB
_prec                                      bssBANK1     000D1
_printf                                    text2        00D21
_putch                                     text14       00E32
_strlen                                    text11       00D87
_up                                        nvBANK1      000ED
_vfpfcnvrt                                 text4        002EE
_vfprintf                                  text3        00E7C
_width                                     bssBANK1     000CF
_writeData                                 text24       00DD5
abs@a                                      cstackBANK0  00033
btemp                                      (abs)        0007E
clear_ram0                                 clrtext      00CBB
ctoa@c                                     cstackBANK0  00052
ctoa@fp                                    cstackBANK0  00057
ctoa@w                                     cstackBANK0  00055
dtoa@d                                     cstackBANK0  00052
dtoa@fp                                    cstackBANK0  0005F
dtoa@i                                     cstackBANK0  0006E
dtoa@n                                     cstackBANK0  00066
dtoa@p                                     cstackBANK0  00060
dtoa@s                                     cstackBANK0  00064
[...]
      Locals:         0       0       0       0       0       0       0       0       0       0       0       0       0       0       0       0       0       0       0       0       0       0       0       0       0       0       0
      Temps:          0       0       0       0       0       0       0       0       0       0       0       0       0       0       0       0       0       0       0       0       0       0       0       0       0       0       0
      Totals:         0       0       0       0       0       0       0       0       0       0       0       0       0       0       0       0       0       0       0       0       0       0       0       0       0       0       0
Total ram usage:        0 bytes
 Hardware stack levels used:    1
 Hardware stack levels required when called:    3
 This function calls:
		Nothing
 This function is called by:
		_BUTTONS_init
 This function uses a non-reentrant model


 *************** function _INTERRUPT_InterruptManager *****************
 Defined at:
		line 52 in file "mcc_generated_files/interrupt_manager.c"
 Parameters:    Size  Location     Type
		None
 Auto vars:     Size  Location     Type
		None
 Return value:  Size  Location     Type
                  1    wreg      void 
 Registers used:
		wreg, fsr0l, fsr0h, fsr1l, fsr1h, status,2, status,0, pclath, cstack
 Tracked objects:
		On entry : 
		On exit  : 
		Unchanged: 
 Data sizes:     COMMON   BANK0   BANK1   BANK2   BANK3   BANK4   BANK5   BANK6   BANK7   BANK8   BANK9  BANK10  BANK11  BANK12  BANK13  BANK14  BANK15  BANK16  BANK17  BANK18  BANK19  BANK20  BANK21  BANK22  BANK23  BANK24  BANK25
      Params:         0       0       0       0       0       0       0       0       0       0       0       0       0       0       0       0       0       0       0       0       0       0       0       0       0       0       0
      Locals:         0       0       0       0       0       0       0       0       0       0       0       0       0       0       0       0       0       0       0       0       0       0       0       0       0       0       0
      Temps:          0       0       0       0       0       0       0       0       0       0       0       0       0       0       0       0       0       0       0       0       0       0       0       0       0       0       0
      Totals:         0       0       0       0       0       0       0       0       0       0       0       0       0       0       0       0       0       0       0       0       0       0       0       0       0       0       0
Total ram usage:        0 bytes
 Hardware stack levels used:    1
 Hardware stack levels required when called:    2
 This function calls:
		_I2C1_BusCollisionISR
		_I2C1_ISR
		_TMR0_ISR
 This function is called by:
		Interrupt level 1
 This function uses a non-reentrant model


 *************** function _TMR0_ISR *****************
 Defined at:
		line 121 in file "mcc_generated_files/tmr0.c"
 Parameters:    Size  Location     Type
		None
 Auto vars:     Size  Location     Type
		None
 Return value:  Size  Location     Type
                  1    wreg      void 
 Registers used:
		wreg, status,2, status,0, pclath, cstack
 Tracked objects:
		On entry : 
		On exit  : 
		Unchanged: 
 Data sizes:     COMMON   BANK0   BANK1   BANK2   BANK3   BANK4   BANK5   BANK6   BANK7   BANK8   BANK9  BANK10  BANK11  BANK12  BANK13  BANK14  BANK15  BANK16  BANK17  BANK18  BANK19  BANK20  BANK21  BANK22  BANK23  BANK24  BANK25
      Params:         0       0       0       0       0       0       0       0       0       0       0       0       0       0       0       0       0       0       0       0       0       0       0       0       0       0       0
      Locals:         0       0       0       0       0       0       0       0       0       0       0       0       0       0       0       0       0       0       0       0       0       0       0       0       0       0       0
      Temps:          0       0       0       0       0       0       0       0       0       0       0       0       0       0       0       0       0       0       0       0       0       0       0       0       0       0       0
      Totals:         0       0       0       0       0       0       0       0       0       0       0       0       0       0       0       0       0       0       0       0       0       0       0       0       0       0       0
Total ram usage:        0 bytes
 Hardware stack levels used:    1
 Hardware stack levels required when called:    1
 This function calls:
		Absolute function
		_CLOCK_timerCallback
		_TMR0_DefaultInterruptHandler
 This function is called by:
		_INTERRUPT_InterruptManager
 This function uses a non-reentrant model


 *************** function _CLOCK_timerCallback *****************
 Defined at:
		line 20 in file "clock.c"
 Parameters:    Size  Location     Type
		None
 Auto vars:     Size  Location     Type
		None
 Return value:  Size  Location     Type
                  1    wreg      void 
 Registers used:
		wreg
 Tracked objects:
		On entry : 
		On exit  : 
		Unchanged: 
 Data sizes:     COMMON   BANK0   BANK1   BANK2   BANK3   BANK4   BANK5   BANK6   BANK7   BANK8   BANK9  BANK10  BANK11  BANK12  BANK13  BANK14  BANK15  BANK16  BANK17  BANK18  BANK19  BANK20  BANK21  BANK22  BANK23  BANK24  BANK25
      Params:         0       0       0       0       0       0       0       0       0       0       0       0       0       0       0       0       0       0       0       0       0       0       0       0       0       0       0
      Locals:         0       0       0       0       0       0       0       0       0       0       0       0       0       0       0       0       0       0       0       0       0       0       0       0       0       0       0
      Temps:          0       0       0       0       0       0       0       0       0       0       0       0       0       0       0       0       0       0       0       0       0       0       0       0       0       0       0
      Totals:         0       0       0       0       0       0       0       0       0       0       0       0       0       0       0       0       0       0       0       0       0       0       0       0       0       0       0
Total ram usage:        0 bytes
 Hardware stack levels used:    1
 This function calls:
		Nothing
 This function is called by:
		_CLOCK_init
		_TMR0_ISR
 This function uses a non-reentrant model


 *************** function _TMR0_DefaultInterruptHandler *****************
 Defined at:
		line 138 in file "mcc_generated_files/tmr0.c"
 Parameters:    Size  Location     Type
		None
 Auto vars:     Size  Location     Type
		None
 Return value:  Size  Location     Type
                  1    wreg      void 
 Registers used:
		None
 Tracked objects:
		On entry : 
		On exit  : 
		Unchanged: 
 Data sizes:     COMMON   BANK0   BANK1   BANK2   BANK3   BANK4   BANK5   BANK6   BANK7   BANK8   BANK9  BANK10  BANK11  BANK12  BANK13  BANK14  BANK15  BANK16  BANK17  BANK18  BANK19  BANK20  BANK21  BANK22  BANK23  BANK24  BANK25
      Params:         0       0       0       0       0       0       0       0       0       0       0       0       0       0       0       0       0       0       0       0       0       0       0       0       0       0       0
      Locals:         0       0       0       0       0       0       0       0       0       0       0       0       0       0       0       0       0       0       0       0       0       0       0       0       0       0       0
      Temps:          0       0       0       0       0       0       0       0       0       0       0       0       0       0       0       0       0       0       0       0       0       0       0       0       0       0       0
      Totals:         0       0       0       0       0       0       0       0       0       0       0       0       0       0       0       0       0       0       0       0       0       0       0       0       0       0       0
Total ram usage:        0 bytes
 Hardware stack levels used:    1
 This function calls:
		Nothing
 This function is called by:
		_TMR0_Initialize
		_TMR0_ISR
 This function uses a non-reentrant model


 *************** function _I2C1_ISR *****************
 Defined at:
		line 235 in file "mcc_generated_files/i2c1.c"
 Parameters:    Size  Location     Type
		None
 Auto vars:     Size  Location     Type
		None
 Return value:  Size  Location     Type
                  1    wreg      void 
 Registers used:
		wreg, fsr0l, fsr0h, fsr1l, fsr1h, status,2, status,0, pclath, cstack
 Tracked objects:
		On entry : 
		On exit  : 
		Unchanged: 
 Data sizes:     COMMON   BANK0   BANK1   BANK2   BANK3   BANK4   BANK5   BANK6   BANK7   BANK8   BANK9  BANK10  BANK11  BANK12  BANK13  BANK14  BANK15  BANK16  BANK17  BANK18  BANK19  BANK20  BANK21  BANK22  BANK23  BANK24  BANK25
      Params:         0       0       0       0       0       0       0       0       0       0       0       0       0       0       0       0       0       0       0       0       0       0       0       0       0       0       0
      Locals:         0       0       0       0       0       0       0       0       0       0       0       0       0       0       0       0       0       0       0       0       0       0       0       0       0       0       0
      Temps:          4       0       0       0       0       0       0       0       0       0       0       0       0       0       0       0       0       0       0       0       0       0       0       0       0       0       0
      Totals:         4       0       0       0       0       0       0       0       0       0       0       0       0       0       0       0       0       0       0       0       0       0       0       0       0       0       0
Total ram usage:        4 bytes
 Hardware stack levels used:    1
 Hardware stack levels required when called:    1
 This function calls:
		_I2C1_FunctionComplete
		_I2C1_Stop
 This function is called by:
		_INTERRUPT_InterruptManager
 This function uses a non-reentrant model


 *************** function _I2C1_Stop *****************
 Defined at:
		line 583 in file "mcc_generated_files/i2c1.c"
 Parameters:    Size  Location     Type
  completion_c    1    wreg     enum E10866
 Auto vars:     Size  Location     Type
  completion_c    1    1[COMMON] enum E10866
 Return value:  Size  Location     Type
                  1    wreg      void 
 Registers used:
		wreg, fsr1l, fsr1h, status,2, status,0
 Tracked objects:
		On entry : 
		On exit  : 
		Unchanged: 
 Data sizes:     COMMON   BANK0   BANK1   BANK2   BANK3   BANK4   BANK5   BANK6   BANK7   BANK8   BANK9  BANK10  BANK11  BANK12  BANK13  BANK14  BANK15  BANK16  BANK17  BANK18  BANK19  BANK20  BANK21  BANK22  BANK23  BANK24  BANK25
      Params:         0       0       0       0       0       0       0       0       0       0       0       0       0       0       0       0       0       0       0       0       0       0       0       0       0       0       0
      Locals:         1       0       0       0       0       0       0       0       0       0       0       0       0       0       0       0       0       0       0       0       0       0       0       0       0       0       0
      Temps:          1       0       0       0       0       0       0       0       0       0       0       0       0       0       0       0       0       0       0       0       0       0       0       0       0       0       0
      Totals:         2       0       0       0       0       0       0       0       0       0       0       0       0       0       0       0       0       0       0       0       0       0       0       0       0       0       0
Total ram usage:        2 bytes
 Hardware stack levels used:    1
 This function calls:
		Nothing
 This function is called by:
		_I2C1_ISR
 This function uses a non-reentrant model


 *************** function _I2C1_FunctionComplete *****************
 Defined at:
		line 565 in file "mcc_generated_files/i2c1.c"
 Parameters:    Size  Location     Type
		None
 Auto vars:     Size  Location     Type
		None
 Return value:  Size  Location     Type
                  1    wreg      void 
 Registers used:
		wreg, status,2, status,0
 Tracked objects:
		On entry : 
		On exit  : 
		Unchanged: 
 Data sizes:     COMMON   BANK0   BANK1   BANK2   BANK3   BANK4   BANK5   BANK6   BANK7   BANK8   BANK9  BANK10  BANK11  BANK12  BANK13  BANK14  BANK15  BANK16  BANK17  BANK18  BANK19  BANK20  BANK21  BANK22  BANK23  BANK24  BANK25
      Params:         0       0       0       0       0       0       0       0       0       0       0       0       0       0       0       0       0       0       0       0       0       0       0       0       0       0       0
      Locals:         0       0       0       0       0       0       0       0       0       0       0       0       0       0       0       0       0       0       0       0       0       0       0       0       0       0       0
      Temps:          1       0       0       0       0       0       0       0       0       0       0       0       0       0       0       0       0       0       0       0       0       0       0       0       0       0       0
      Totals:         1       0       0       0       0       0       0       0       0       0       0       0       0       0       0       0       0       0       0       0       0       0       0       0       0       0       0
Total ram usage:        1 bytes
 Hardware stack levels used:    1
 This function calls:
		Nothing
 This function is called by:
		_I2C1_ISR
 This function uses a non-reentrant model


 *************** function _I2C1_BusCollisionISR *****************
 Defined at:
		line 742 in file "mcc_generated_files/i2c1.c"
 Parameters:    Size  Location     Type
		None
 Auto vars:     Size  Location     Type
		None
 Return value:  Size  Location     Type
                  1    wreg      void 
 Registers used:
		None
 Tracked objects:
		On entry : 
		On exit  : 
		Unchanged: 
 Data sizes:     COMMON   BANK0   BANK1   BANK2   BANK3   BANK4   BANK5   BANK6   BANK7   BANK8   BANK9  BANK10  BANK11  BANK12  BANK13  BANK14  BANK15  BANK16  BANK17  BANK18  BANK19  BANK20  BANK21  BANK22  BANK23  BANK24  BANK25
      Params:         0       0       0       0       0       0       0       0       0       0       0       0       0       0       0       0       0       0       0       0       0       0       0       0       0       0       0
      Locals:         0       0       0       0       0       0       0       0       0       0       0       0       0       0       0       0       0       0       0       0       0       0       0       0       0       0       0
      Temps:          0       0       0       0       0       0       0       0       0       0       0       0       0       0       0       0       0       0       0       0       0       0       0       0       0       0       0
      Totals:         0       0       0       0       0       0       0       0       0       0       0       0       0       0       0       0       0       0       0       0       0       0       0       0       0       0       0
Total ram usage:        0 bytes
 Hardware stack levels used:    1
 This function calls:
		Nothing
 This function is called by:
		_INTERRUPT_InterruptManager
 This function uses a non-reentrant model



MODULE INFORMATION

Module		Function		Class		Link	Load	Size
/Applications/microchip/xc8/v2.05/pic/sources/c99/common/strlen.c
		_strlen        		CODE           	0D87	0000	26

/Applications/microchip/xc8/v2.05/pic/sources/c99/common/strlen.c estimated size: 26

clock.c
		_CLOCK_init    		CODE           	0CC1	0000	9
		_CLOCK_timerCallback		CODE           	0CB5	0000	7

clock.c estimated size: 16

/Applications/microchip/xc8/v2.05/pic/sources/c99/common/aodiv.c
		___aodiv       		CODE           	040C	0000	248

/Applications/microchip/xc8/v2.05/pic/sources/c99/common/aodiv.c estimated size: 248

mcc_generated_files/interrupt_manager.c
		_INTERRUPT_InterruptManager		CODE           	0004	0000	27

mcc_generated_files/interrupt_manager.c estimated size: 27

mcc_generated_files/tmr0.c
		_TMR0_SetInterruptHandler		CODE           	0CD1	0000	10
		_TMR0_DefaultInterruptHandler		CODE           	0CAC	0000	2
		_TMR0_ISR      		CODE           	0CE3	0000	14
		_TMR0_Initialize		CODE           	0D44	0000	21

mcc_generated_files/tmr0.c estimated size: 47

/Applications/microchip/xc8/v2.05/pic/sources/c99/common/nf_fputs.c
		_fputs         		CODE           	0E56	0000	39

/Applications/microchip/xc8/v2.05/pic/sources/c99/common/nf_fputs.c estimated size: 39

mcc_generated_files/i2c1.c
		_I2C1_BusCollisionISR		CODE           	0CAD	0000	4
		_I2C1_FunctionComplete		CODE           	0CFF	0000	18
		_I2C1_MasterWriteTRBBuild		CODE           	0E12	0000	33
		_I2C1_ISR      		CODE           	0049	0000	341
		_I2C1_MasterWrite		CODE           	0ECB	0000	43
		_I2C1_Initialize		CODE           	0DB9	0000	29
		_I2C1_Stop     		CODE           	0D6F	0000	25
		_I2C1_WaitForLastPacketToComplete		CODE           	0CB0	0000	6
		_I2C1_MasterTRBInsert		CODE           	0704	0000	83

mcc_generated_files/i2c1.c estimated size: 582

/Applications/microchip/xc8/v2.05/pic/sources/c99/common/lwdiv.c
		___lwdiv       		CODE           	0F52	0000	54

/Applications/microchip/xc8/v2.05/pic/sources/c99/common/lwdiv.c estimated size: 54

mcc_generated_files/pin_manager.c
		_PIN_MANAGER_Initialize		CODE           	0EA2	0000	42

mcc_generated_files/pin_manager.c estimated size: 42

/Applications/microchip/xc8/v2.05/pic/sources/c99/common/doprnt.c
		_vfpfcnvrt     		CODE           	02EE	0000	287
		_pad           		CODE           	0756	0000	81
		_ctoa          		CODE           	0F22	0000	49
		_dtoa          		CODE           	019D	0000	338
		_vfprintf      		CODE           	0E7C	0000	39

/Applications/microchip/xc8/v2.05/pic/sources/c99/common/doprnt.c estimated size: 794

buttons.c
		_BUTTONS_init  		CODE           	07A6	0000	79
		_init          		CODE           	0DF2	0000	33
		_GPIO_init     		CODE           	0D10	0000	18

buttons.c estimated size: 130

/Applications/microchip/xc8/v2.05/pic/sources/c99/common/abs.c
		_abs           		CODE           	0DA0	0000	26

/Applications/microchip/xc8/v2.05/pic/sources/c99/common/abs.c estimated size: 26

shared
		__initialization		CODE           	0020	0000	38
		_charTable     		STRCODE        	06A4	0000	97

shared estimated size: 135

mcc_generated_files/mcc.c
		_PMD_Initialize		CODE           	07F4	0000	11
		_OSCILLATOR_Initialize		CODE           	0CDA	0000	10
		_SYSTEM_Initialize		CODE           	0CF0	0000	16

mcc_generated_files/mcc.c estimated size: 37

/Applications/microchip/xc8/v2.05/pic/sources/c99/common/nf_fputc.c
		_fputc         		CODE           	0F87	0000	56

/Applications/microchip/xc8/v2.05/pic/sources/c99/common/nf_fputc.c estimated size: 56

controller.c
		_CONTROLLER_init		CODE           	0CC9	0000	9

controller.c estimated size: 9

tm1650.c
		_putch         		CODE           	0E32	0000	37
		_TM1650_init   		CODE           	0D58	0000	24
		_TM1650_fastPrintNum		CODE           	05E2	0000	195
		_writeData     		CODE           	0DD5	0000	30
		_TM1650_setDigit		CODE           	0D32	0000	19

tm1650.c estimated size: 305

/Applications/microchip/xc8/v2.05/pic/sources/c99/common/aomod.c
		___aomod       		CODE           	0503	0000	224

/Applications/microchip/xc8/v2.05/pic/sources/c99/common/aomod.c estimated size: 224

/Applications/microchip/xc8/v2.05/pic/sources/c99/common/printf.c
		_printf        		CODE           	0D21	0000	18

/Applications/microchip/xc8/v2.05/pic/sources/c99/common/printf.c estimated size: 18

main.c
		_main          		CODE           	0FBE	0000	67

main.c estimated size: 67

/Applications/microchip/xc8/v2.05/pic/sources/c99/common/lwmod.c
		___lwmod       		CODE           	0EF5	0000	46

/Applications/microchip/xc8/v2.05/pic/sources/c99/common/lwmod.c estimated size: 46

