Microchip MPLAB XC8 Compiler V2.05 ()

Linker command line:

-W-3 --edf=/Applications/microchip/xc8/v2.05/pic/dat/en_msgs.txt -cs \
  -h+dist/default/production/lab_10.production.sym \
  --cmf=dist/default/production/lab_10.production.cmf -z -Q16F18446 \
  -o/tmp/xcpNwdi6M --defsym=__MPLAB_BUILD=1 \
  -Mdist/default/production/lab_10.production.map -E1 -ver=XC8 --acfsm=1493 \
  -ASTACK=02134h-023EDh -pstack=STACK -ACODE=00h-07FFhx8 \
  -ASTRCODE=00h-03FFFh -ASTRING=00h-0FFhx64 -ACONST=00h-0FFhx64 \
  -AENTRY=00h-0FFhx64 -ACOMMON=070h-07Fh -ABANK0=020h-06Fh \
  -ABANK1=0A0h-0EFh -ABANK2=0120h-016Fh -ABANK3=01A0h-01EFh \
  -ABANK4=0220h-026Fh -ABANK5=02A0h-02EFh -ABANK6=0320h-036Fh \
  -ABANK7=03A0h-03EFh -ABANK8=0420h-046Fh -ABANK9=04A0h-04EFh \
  -ABANK10=0520h-056Fh -ABANK11=05A0h-05EFh -ABANK12=0620h-066Fh \
  -ABANK13=06A0h-06EFh -ABANK14=0720h-076Fh -ABANK15=07A0h-07EFh \
  -ABANK16=0820h-086Fh -ABANK17=08A0h-08EFh -ABANK18=0920h-096Fh \
  -ABANK19=09A0h-09EFh -ABANK20=0A20h-0A6Fh -ABANK21=0AA0h-0AEFh \
  -ABANK22=0B20h-0B6Fh -ABANK23=0BA0h-0BEFh -ABANK24=0C20h-0C6Fh \
  -ABANK25=0CA0h-0CBFh -ABIGRAM=02000h-027EFh \
  -ARAM=020h-06Fh,0A0h-0EFh,0120h-016Fh,01A0h-01EFh,0220h-026Fh,02A0h-02EFh,0320h-036Fh,03A0h-03EFh,0420h-046Fh,04A0h-04EFh,0520h-056Fh,05A0h-05EFh,0620h-066Fh,06A0h-06EFh,0720h-076Fh,07A0h-07EFh,0820h-086Fh,08A0h-08EFh,0920h-096Fh,09A0h-09EFh,0A20h-0A6Fh,0AA0h-0AEFh,0B20h-0B6Fh,0BA0h-0BEFh,0C20h-0C6Fh,0CA0h-0CBFh \
  -AABS1=020h-07Fh,0A0h-0EFh,0120h-016Fh,01A0h-01EFh,0220h-026Fh,02A0h-02EFh,0320h-036Fh,03A0h-03EFh,0420h-046Fh,04A0h-04EFh,0520h-056Fh,05A0h-05EFh,0620h-066Fh,06A0h-06EFh,0720h-076Fh,07A0h-07EFh,0820h-086Fh,08A0h-08EFh,0920h-096Fh,09A0h-09EFh,0A20h-0A6Fh,0AA0h-0AEFh,0B20h-0B6Fh,0BA0h-0BEFh,0C20h-0C6Fh,0CA0h-0CBFh \
  -ASFR0=00h-01Fh -ASFR1=080h-09Fh -ASFR2=0100h-011Fh -ASFR3=0180h-019Fh \
  -ASFR4=0200h-021Fh -ASFR5=0280h-029Fh -ASFR6=0300h-031Fh \
  -ASFR7=0380h-039Fh -ASFR8=0400h-041Fh -ASFR9=0480h-049Fh \
  -ASFR10=0500h-051Fh -ASFR11=0580h-059Fh -ASFR12=0600h-061Fh \
  -ASFR13=0680h-069Fh -ASFR14=0700h-071Fh -ASFR15=0780h-079Fh \
  -ASFR16=0800h-081Fh -ASFR17=0880h-089Fh -ASFR18=0900h-091Fh \
  -ASFR19=0980h-099Fh -ASFR20=0A00h-0A1Fh -ASFR21=0A80h-0A9Fh \
  -ASFR22=0B00h-0B1Fh -ASFR23=0B80h-0B9Fh -ASFR24=0C00h-0C1Fh \
  -ASFR25=0C80h-0C9Fh -ASFR26=0D00h-0D6Fh -ASFR27=0D80h-0DEFh \
  -ASFR28=0E00h-0E6Fh -ASFR29=0E80h-0EEFh -ASFR30=0F00h-0F6Fh \
  -ASFR31=0F80h-0FEFh -ASFR32=01000h-0106Fh -ASFR33=01080h-010EFh \
  -ASFR34=01100h-0116Fh -ASFR35=01180h-011EFh -ASFR36=01200h-0126Fh \
  -ASFR37=01280h-012EFh -ASFR38=01300h-0136Fh -ASFR39=01380h-013EFh \
  -ASFR40=01400h-0146Fh -ASFR41=01480h-014EFh -ASFR42=01500h-0156Fh \
  -ASFR43=01580h-015EFh -ASFR44=01600h-0166Fh -ASFR45=01680h-016EFh \
  -ASFR46=01700h-0176Fh -ASFR47=01780h-017EFh -ASFR48=01800h-0186Fh \
  -ASFR49=01880h-018EFh -ASFR50=01900h-0196Fh -ASFR51=01980h-019EFh \
  -ASFR52=01A00h-01A6Fh -ASFR53=01A80h-01AEFh -ASFR54=01B00h-01B6Fh \
  -ASFR55=01B80h-01BEFh -ASFR56=01C00h-01C6Fh -ASFR57=01C80h-01CEFh \
  -ASFR58=01D00h-01D6Fh -ASFR59=01D80h-01DEFh -ASFR60=01E00h-01E6Fh \
  -ASFR61=01E80h-01EEFh -ASFR62=01F00h-01F6Fh -ASFR63=01F80h-01FEFh \
  -preset_vec=00h,intentry=04h,init,end_init -ppowerup=CODE -pcinit=CODE \
  -pfunctab=ENTRY -ACONFIG=08007h-0800Bh -pconfig=CONFIG -DCONFIG=2 \
  -AIDLOC=08000h-08003h -pidloc=IDLOC -DIDLOC=2 -AEEDATA=00h-0FFh/0F000h \
  -peeprom_data=EEDATA -DEEDATA=2 -DCODE=2 -DSTRCODE=2 -DSTRING=2 -DCONST=2 \
  -DENTRY=2 -k /tmp/xc8ZR7jvQ.o dist/default/production/lab_10.production.o 

Object code version is 3.11

Machine type is 16F18446



                Name                               Link     Load   Length Selector   Space Scale
/tmp/xc8ZR7jvQ.o
                end_init                             30       30        2        8       0
                reset_vec                             0        0        2        0       0
                config                             8007     8007        5    1000E       0
dist/default/production/lab_10.production.o
                cinit                                32       32       58        8       0
                intentry                              4        4       2C        8       0
                text108                            1C29     1C29        4     3852       0
                text107                            1C15     1C15        1     382A       0
                text106                            1CFF     1CFF        D     39FE       0
                text105                            1DFA     1DFA       18     3BF4       0
                text104                            1C1D     1C1D        3     383A       0
                text103                            1C16     1C16        1     382C       0
                text102                             800      800        4     1000       0
                text101                            1185     1185       34     230A       0
                text100                            1121     1121       31     2242       0
                text99                             1C20     1C20        3     3840       0
                text98                             1D36     1D36       11     3A6C       0
                text97                             1E5B     1E5B       1A     3CB6       0
                text96                              EAE      EAE      152     1D5C       0
                text95                             1C17     1C17        1     382E       0
                text94                             1C32     1C32        6     3864       0
                text93                             1D0C     1D0C        D     3A18       0
                text91                             1C4E     1C4E        9     389C       0
                text90                             1C57     1C57        9     38AE       0
                text89                             1C60     1C60        9     38C0       0
                text88                             1DE3     1DE3       17     3BC6       0
                text87                             1C69     1C69        9     38D2       0
                text86                             11ED     11ED       35     23DA       0
                text85                              C0C      C0C       D5     1818       0
                text84                             1D47     1D47       11     3A8E       0
                text83                             1F09     1F09       20     3E12       0
                text82                             1357     1357       4E     26AE       0
                text81                              DC0      DC0       EE     1B80       0
                text80                             1C72     1C72        9     38E4       0
                text79                             1C3E     1C3E        8     387C       0
                text78                             1D7D     1D7D       14     3AFA       0
                text77                             1043     1043       28     2086       0
                text76                             1D27     1D27        F     3A4E       0
                text75                             1573     1573       6F     2AE6       0
                text74                             1095     1095       2D     212A       0
                text73                             1C2D     1C2D        5     385A       0
                text72                             144A     144A       55     2894       0
                text71                             1F49     1F49       23     3E92       0
                text70                             106B     106B       2A     20D6       0
                text69                             1000     1000       1D     1D5C       0
                text68                              A87      A87       C2     150E       0
                text67                             1E12     1E12       18     3C24       0
                text66                             1E42     1E42       19     3C84       0
                text65                             1767     1767       99     2ECE       0
                text64                             1222     1222       36     2444       0
                text63                             12CB     12CB       46     2596       0
                text62                              9CF      9CF       B8     139E       0
                text61                             1DB9     1DB9       15     3B72       0
                text60                             13A5     13A5       52     274A       0
                text59                             1311     1311       46     2622       0
                text58                              804      804       74     1008       0
                text57                              760      760       99        8       0
                text56                             1FB4     1FB4       26     3F68       0
                text55                             1D58     1D58       12     3AB0       0
                text54                             1F6C     1F6C       24     3ED8       0
                text53                             1258     1258       37     24B0       0
                text52                             1FDA     1FDA       26     3FB4       0
                text51                             1E2A     1E2A       18     3C54       0
                text50                             13F7     13F7       53     27EE       0
                text49                             10F1     10F1       30     21E2       0
                text48                              878      878       A8     10F0       0
                text47                             10C2     10C2       2F     2184       0
                text46                             1DCE     1DCE       15     3B9C       0
                text45                             15E2     15E2       72     2BC4       0
                text44                              2B6      2B6      1CD        8       0
                text43                             1C7B     1C7B        9     38F6       0
                text42                             1D6A     1D6A       13     3AD4       0
                text41                             1C46     1C46        8     388C       0
                text40                             1C18     1C18        1     3830       0
                text39                             1C19     1C19        1     3832       0
                text38                             1C1A     1C1A        1     3834       0
                text37                              7FF      7FF        1        8       0
                text36                             1C84     1C84        9     3908       0
                text35                             1E91     1E91       1E     3D22       0
                text34                             1EAF     1EAF       1E     3D5E       0
                text33                             1ECD     1ECD       1E     3D9A       0
                text32                             1EEB     1EEB       1E     3DD6       0
                text31                              483      483      17A        8       0
                text30                             1F29     1F29       20     3E52       0
                text29                               8A       8A      22C        8       0
                text28                             149F     149F       66     293E       0
                text27                             16D1     16D1       96     2DA2       0
                text26                              5FD      5FD      163        8       0
                text25                             1654     1654       7D     2CA8       0
                text24                              920      920       AF     1240       0
                text23                              CE1      CE1       DF     19C2       0
                text22                             1C23     1C23        3     3846       0
                text21                             1505     1505       6E     2A0A       0
                text20                             1C1B     1C1B        2     3836       0
                text19                             1C26     1C26        3     384C       0
                text18                              B49      B49       C3     1692       0
                text17                             101D     101D       26     203A       0
                text16                             1C8D     1C8D        9     391A       0
                text15                             1C96     1C96        9     392C       0
                text14                             1C9F     1C9F        9     393E       0
                text13                             11B9     11B9       34     2372       0
                text12                             1E75     1E75       1C     3CEA       0
                text11                             1CA8     1CA8        9     3950       0
                text10                             1152     1152       33     22A4       0
                text9                              1CB1     1CB1        A     3962       0
                text8                              1CBB     1CBB        B     3976       0
                text7                              1CC6     1CC6        B     398C       0
                text6                              1CD1     1CD1        B     39A2       0
                text5                              1CDC     1CDC        B     39B8       0
                text4                              1D91     1D91       14     3B22       0
                text3                              1D19     1D19        E     3A32       0
                text2                              1F90     1F90       24     3F20       0
                text1                              1DA5     1DA5       14     3B4A       0
                maintext                           128F     128F       3C     251E       0
                cstackBANK0                          20       20       50       20       1
                cstackCOMMON                         70       70        7       70       1
                cstackBANK1                          C5       C5       25       A0       1
                cstackBANK2                         16D      16D        2      120       1
                cstackBANK3                         1E0      1E0        4      1A0       1
                clrtext                            1CE7     1CE7        C     39CE       0
                inittext                           1CF3     1CF3        C     39E6       0
                bssBANK3                            1A0      1A0       40      1A0       1
                dataBANK2                           167      167        6      120       1
                bssBANK2                            120      120       3B      120       1
                dataBANK1                            EA       EA        6       A0       1
                bssBANK1                             A0       A0       25       A0       1
                dataCOMMON                           7C       7C        2       70       1
                bssCOMMON                            77       77        5       70       1
                stringtext26                       2084     2084        2     4000       0
                stringtext25                       2082     2082        2     4000       0
                stringtext24                       2080     2080        2     4000       0
                stringtext23                       207E     207E        2     4000       0
                stringtext22                       207B     207B        3     4000       0
                stringtext21                       2078     2078        3     4000       0
                stringtext20                       2075     2075        3     4000       0
                stringtext19                       2072     2072        3     4000       0
                stringtext18                       206F     206F        3     4000       0
                stringtext17                       206C     206C        3     4000       0
                stringtext16                       2067     2067        5     4000       0
                stringtext15                       2061     2061        6     4000       0
                stringtext14                       205B     205B        6     4000       0
                stringtext13                       2055     2055        6     4000       0
                stringtext12                       204F     204F        6     4000       0
                stringtext11                       2049     2049        6     4000       0
                stringtext10                       2043     2043        6     4000       0
                stringtext9                        203C     203C        7     4000       0
                stringtext8                        2035     2035        7     4000       0
                stringtext7                        202D     202D        8     4000       0
                stringtext6                        2025     2025        8     4000       0
                stringtext5                        201C     201C        9     4000       0
                stringtext4                        2013     2013        9     4000       0
                stringtext3                        200A     200A        9     4000       0
                stringtext2                        2000     2000        A     4000       0
                nvBANK2                             15B      15B        C      120       1
                stringtext1                        1800     1800       60     3000       0
                idataBANK2                         1C38     1C38        6     3870       0
                idataBANK1                          7F9      7F9        6        8       0
                idataCOMMON                           2        2        2        0       0

TOTAL           Name                               Link     Load   Length     Space
        CLASS   STACK          

        CLASS   CODE           
                end_init                             30       30        2         0
                cinit                                32       32       58         0
                intentry                              4        4       2C         0
                reset_vec                             0        0        2         0
                text108                            1C29     1C29        4         0
                text107                            1C15     1C15        1         0
                text106                            1CFF     1CFF        D         0
                text105                            1DFA     1DFA       18         0
                text104                            1C1D     1C1D        3         0
                text103                            1C16     1C16        1         0
                text102                             800      800        4         0
                text101                            1185     1185       34         0
                text100                            1121     1121       31         0
                text99                             1C20     1C20        3         0
                text98                             1D36     1D36       11         0
                text97                             1E5B     1E5B       1A         0
                text96                              EAE      EAE      152         0
                text95                             1C17     1C17        1         0
                text94                             1C32     1C32        6         0
                text93                             1D0C     1D0C        D         0
                text91                             1C4E     1C4E        9         0
                text90                             1C57     1C57        9         0
                text89                             1C60     1C60        9         0
                text88                             1DE3     1DE3       17         0
                text87                             1C69     1C69        9         0
                text86                             11ED     11ED       35         0
                text85                              C0C      C0C       D5         0
                text84                             1D47     1D47       11         0
                text83                             1F09     1F09       20         0
                text82                             1357     1357       4E         0
                text81                              DC0      DC0       EE         0
                text80                             1C72     1C72        9         0
                text79                             1C3E     1C3E        8         0
                text78                             1D7D     1D7D       14         0
                text77                             1043     1043       28         0
                text76                             1D27     1D27        F         0
                text75                             1573     1573       6F         0
                text74                             1095     1095       2D         0
                text73                             1C2D     1C2D        5         0
                text72                             144A     144A       55         0
                text71                             1F49     1F49       23         0
                text70                             106B     106B       2A         0
                text69                             1000     1000       1D         0
                text68                              A87      A87       C2         0
                text67                             1E12     1E12       18         0
                text66                             1E42     1E42       19         0
                text65                             1767     1767       99         0
                text64                             1222     1222       36         0
                text63                             12CB     12CB       46         0
                text62                              9CF      9CF       B8         0
                text61                             1DB9     1DB9       15         0
                text60                             13A5     13A5       52         0
                text59                             1311     1311       46         0
                text58                              804      804       74         0
                text57                              760      760       99         0
                text56                             1FB4     1FB4       26         0
                text55                             1D58     1D58       12         0
                text54                             1F6C     1F6C       24         0
                text53                             1258     1258       37         0
                text52                             1FDA     1FDA       26         0
                text51                             1E2A     1E2A       18         0
                text50                             13F7     13F7       53         0
                text49                             10F1     10F1       30         0
                text48                              878      878       A8         0
                text47                             10C2     10C2       2F         0
                text46                             1DCE     1DCE       15         0
                text45                             15E2     15E2       72         0
                text44                              2B6      2B6      1CD         0
                text43                             1C7B     1C7B        9         0
                text42                             1D6A     1D6A       13         0
                text41                             1C46     1C46        8         0
                text40                             1C18     1C18        1         0
                text39                             1C19     1C19        1         0
                text38                             1C1A     1C1A        1         0
                text37                              7FF      7FF        1         0
                text36                             1C84     1C84        9         0
                text35                             1E91     1E91       1E         0
                text34                             1EAF     1EAF       1E         0
                text33                             1ECD     1ECD       1E         0
                text32                             1EEB     1EEB       1E         0
                text31                              483      483      17A         0
                text30                             1F29     1F29       20         0
                text29                               8A       8A      22C         0
                text28                             149F     149F       66         0
                text27                             16D1     16D1       96         0
                text26                              5FD      5FD      163         0
                text25                             1654     1654       7D         0
                text24                              920      920       AF         0
                text23                              CE1      CE1       DF         0
                text22                             1C23     1C23        3         0
                text21                             1505     1505       6E         0
                text20                             1C1B     1C1B        2         0
                text19                             1C26     1C26        3         0
                text18                              B49      B49       C3         0
                text17                             101D     101D       26         0
                text16                             1C8D     1C8D        9         0
                text15                             1C96     1C96        9         0
                text14                             1C9F     1C9F        9         0
                text13                             11B9     11B9       34         0
                text12                             1E75     1E75       1C         0
                text11                             1CA8     1CA8        9         0
                text10                             1152     1152       33         0
                text9                              1CB1     1CB1        A         0
                text8                              1CBB     1CBB        B         0
                text7                              1CC6     1CC6        B         0
                text6                              1CD1     1CD1        B         0
                text5                              1CDC     1CDC        B         0
                text4                              1D91     1D91       14         0
                text3                              1D19     1D19        E         0
                text2                              1F90     1F90       24         0
                text1                              1DA5     1DA5       14         0
                maintext                           128F     128F       3C         0
                clrtext                            1CE7     1CE7        C         0
                inittext                           1CF3     1CF3        C         0
                idataBANK2                         1C38     1C38        6         0
                idataBANK1                          7F9      7F9        6         0
                idataCOMMON                           2        2        2         0

        CLASS   STRCODE        
                stringtext26                       2084     2084        2         0
                stringtext25                       2082     2082        2         0
                stringtext24                       2080     2080        2         0
                stringtext23                       207E     207E        2         0
                stringtext22                       207B     207B        3         0
                stringtext21                       2078     2078        3         0
                stringtext20                       2075     2075        3         0
                stringtext19                       2072     2072        3         0
                stringtext18                       206F     206F        3         0
                stringtext17                       206C     206C        3         0
                stringtext16                       2067     2067        5         0
                stringtext15                       2061     2061        6         0
                stringtext14                       205B     205B        6         0
                stringtext13                       2055     2055        6         0
                stringtext12                       204F     204F        6         0
                stringtext11                       2049     2049        6         0
                stringtext10                       2043     2043        6         0
                stringtext9                        203C     203C        7         0
                stringtext8                        2035     2035        7         0
                stringtext7                        202D     202D        8         0
                stringtext6                        2025     2025        8         0
                stringtext5                        201C     201C        9         0
                stringtext4                        2013     2013        9         0
                stringtext3                        200A     200A        9         0
                stringtext2                        2000     2000        A         0
                stringtext1                        1800     1800       60         0

        CLASS   STRING         

        CLASS   CONST          

        CLASS   ENTRY          

        CLASS   COMMON         
                cstackCOMMON                         70       70        7         1
                dataCOMMON                           7C       7C        2         1
                bssCOMMON                            77       77        5         1

        CLASS   BANK0          
                cstackBANK0                          20       20       50         1

        CLASS   BANK1          
                cstackBANK1                          C5       C5       25         1
                dataBANK1                            EA       EA        6         1
                bssBANK1                             A0       A0       25         1

        CLASS   BANK2          
                cstackBANK2                         16D      16D        2         1
                dataBANK2                           167      167        6         1
                bssBANK2                            120      120       3B         1
                nvBANK2                             15B      15B        C         1

        CLASS   BANK3          
                cstackBANK3                         1E0      1E0        4         1
                bssBANK3                            1A0      1A0       40         1

        CLASS   BANK4          

        CLASS   BANK5          

        CLASS   BANK6          

        CLASS   BANK7          

        CLASS   BANK8          

        CLASS   BANK9          

        CLASS   BANK10         

        CLASS   BANK11         

        CLASS   BANK12         

        CLASS   BANK13         

        CLASS   BANK14         

        CLASS   BANK15         

        CLASS   BANK16         

        CLASS   BANK17         

        CLASS   BANK18         

        CLASS   BANK19         

        CLASS   BANK20         

        CLASS   BANK21         

        CLASS   BANK22         

        CLASS   BANK23         

        CLASS   BANK24         

        CLASS   BANK25         

        CLASS   BIGRAM         

        CLASS   RAM            

        CLASS   ABS1           
                abs_s1                               7E       7E        2         1
                abs_s1                              64E      64E       22         1
                abs_s1                              6A0      6A0       50         1
                abs_s1                              720      720       50         1
                abs_s1                              7A0      7A0       50         1
                abs_s1                              820      820       50         1
                abs_s1                              8A0      8A0       50         1
                abs_s1                              920      920       50         1
                abs_s1                              9A0      9A0       50         1
                abs_s1                              A20      A20       50         1
                abs_s1                              AA0      AA0       50         1
                abs_s1                              B20      B20       50         1
                abs_s1                              BA0      BA0       50         1
                abs_s1                              C20      C20       50         1
                abs_s1                              CA0      CA0       20         1
                abs_s1                             23EE     23EE        0         1

        CLASS   SFR0           

        CLASS   SFR1           

        CLASS   SFR2           

        CLASS   SFR3           

        CLASS   SFR4           

        CLASS   SFR5           

        CLASS   SFR6           

        CLASS   SFR7           

        CLASS   SFR8           

        CLASS   SFR9           

        CLASS   SFR10          

        CLASS   SFR11          

        CLASS   SFR12          

        CLASS   SFR13          

        CLASS   SFR14          

        CLASS   SFR15          

        CLASS   SFR16          

        CLASS   SFR17          

        CLASS   SFR18          

        CLASS   SFR19          

        CLASS   SFR20          

        CLASS   SFR21          

        CLASS   SFR22          

        CLASS   SFR23          

        CLASS   SFR24          

        CLASS   SFR25          

        CLASS   SFR26          

        CLASS   SFR27          

        CLASS   SFR28          

        CLASS   SFR29          

        CLASS   SFR30          

        CLASS   SFR31          

        CLASS   SFR32          

        CLASS   SFR33          

        CLASS   SFR34          

        CLASS   SFR35          

        CLASS   SFR36          

        CLASS   SFR37          

        CLASS   SFR38          

        CLASS   SFR39          

        CLASS   SFR40          

        CLASS   SFR41          

        CLASS   SFR42          

        CLASS   SFR43          

        CLASS   SFR44          

        CLASS   SFR45          

        CLASS   SFR46          

        CLASS   SFR47          

        CLASS   SFR48          

        CLASS   SFR49          

        CLASS   SFR50          

        CLASS   SFR51          

        CLASS   SFR52          

        CLASS   SFR53          

        CLASS   SFR54          

        CLASS   SFR55          

        CLASS   SFR56          

        CLASS   SFR57          

        CLASS   SFR58          

        CLASS   SFR59          

        CLASS   SFR60          

        CLASS   SFR61          

        CLASS   SFR62          

        CLASS   SFR63          

        CLASS   CONFIG         
                config                             8007     8007        5         0

        CLASS   IDLOC          

        CLASS   EEDATA         

        CLASS   BANK63         

        CLASS   BANK62         

        CLASS   BANK61         

        CLASS   BANK60         

        CLASS   BANK59         

        CLASS   BANK58         

        CLASS   BANK57         

        CLASS   BANK56         

        CLASS   BANK55         

        CLASS   BANK54         

        CLASS   BANK53         

        CLASS   BANK52         

        CLASS   BANK51         

        CLASS   BANK50         

        CLASS   BANK49         

        CLASS   BANK48         

        CLASS   BANK47         

        CLASS   BANK46         

        CLASS   BANK45         

        CLASS   BANK44         

        CLASS   BANK43         

        CLASS   BANK42         

        CLASS   BANK41         

        CLASS   BANK40         

        CLASS   BANK39         

        CLASS   BANK38         

        CLASS   BANK37         

        CLASS   BANK36         

        CLASS   BANK35         

        CLASS   BANK34         

        CLASS   BANK33         

        CLASS   BANK32         

        CLASS   BANK31         

        CLASS   BANK30         

        CLASS   BANK29         

        CLASS   BANK28         

        CLASS   BANK27         

        CLASS   BANK26         



SEGMENTS        Name                           Load    Length   Top    Selector   Space  Class     Delta

                text43                         001C7B  000009  001C84      38F6       0  CODE        2
                text80                         001C72  000009  001C7B      38E4       0  CODE        2
                text36                         001C84  000009  001C8D      3908       0  CODE        2
                text87                         001C69  000009  001C72      38D2       0  CODE        2
                text16                         001C8D  000009  001C96      391A       0  CODE        2
                text3                          001D19  00000E  001D27      3A32       0  CODE        2
                text76                         001D27  00000F  001D36      3A4E       0  CODE        2
                text93                         001D0C  00000D  001D19      3A18       0  CODE        2
                inittext                       001CF3  00000C  001CFF      39E6       0  CODE        2
                text106                        001CFF  00000D  001D0C      39FE       0  CODE        2
                text42                         001D6A  000013  001D7D      3AD4       0  CODE        2
                text78                         001D7D  000014  001D91      3AFA       0  CODE        2
                text55                         001D58  000012  001D6A      3AB0       0  CODE        2
                text98                         001D36  000011  001D47      3A6C       0  CODE        2
                text84                         001D47  000011  001D58      3A8E       0  CODE        2
                text9                          001CB1  00000A  001CBB      3962       0  CODE        2
                stringtext2                    002000  000086  002086      4000       0  STRCODE     2
                text11                         001CA8  000009  001CB1      3950       0  CODE        2
                text15                         001C96  000009  001C9F      392C       0  CODE        2
                text14                         001C9F  000009  001CA8      393E       0  CODE        2
                text5                          001CDC  00000B  001CE7      39B8       0  CODE        2
                clrtext                        001CE7  00000C  001CF3      39CE       0  CODE        2
                text6                          001CD1  00000B  001CDC      39A2       0  CODE        2
                text8                          001CBB  00000B  001CC6      3976       0  CODE        2
                text7                          001CC6  00000B  001CD1      398C       0  CODE        2
                text89                         001C60  000009  001C69      38C0       0  CODE        2
                text79                         001C3E  000008  001C46      387C       0  CODE        2
                reset_vec                      000000  000004  000004         0       0  CODE        2
                text94                         001C32  000006  001C38      3864       0  CODE        2
                idataBANK2                     001C38  000006  001C3E      3870       0  CODE        2
                text91                         001C4E  000009  001C57      389C       0  CODE        2
                text90                         001C57  000009  001C60      38AE       0  CODE        2
                text41                         001C46  000008  001C4E      388C       0  CODE        2
                text105                        001DFA  000018  001E12      3BF4       0  CODE        2
                text67                         001E12  000018  001E2A      3C24       0  CODE        2
                text88                         001DE3  000017  001DFA      3BC6       0  CODE        2
                text12                         001E75  00001C  001E91      3CEA       0  CODE        2
                text51                         001E2A  000018  001E42      3C54       0  CODE        2
                text97                         001E5B  00001A  001E75      3CB6       0  CODE        2
                text66                         001E42  000019  001E5B      3C84       0  CODE        2
                text61                         001DB9  000015  001DCE      3B72       0  CODE        2
                text1                          001DA5  000014  001DB9      3B4A       0  CODE        2
                text46                         001DCE  000015  001DE3      3B9C       0  CODE        2
                text4                          001D91  000014  001DA5      3B22       0  CODE        2
                text20                         001C1B  000002  001C1D      3836       0  CODE        2
                text38                         001C1A  000001  001C1B      3834       0  CODE        2
                text107                        001C15  000001  001C16      382A       0  CODE        2
                text39                         001C19  000001  001C1A      3832       0  CODE        2
                text103                        001C16  000001  001C17      382C       0  CODE        2
                text40                         001C18  000001  001C19      3830       0  CODE        2
                text95                         001C17  000001  001C18      382E       0  CODE        2
                text108                        001C29  000004  001C2D      3852       0  CODE        2
                text19                         001C26  000003  001C29      384C       0  CODE        2
                text102                        000800  000004  000804      1000       0  CODE        2
                text22                         001C23  000003  001C26      3846       0  CODE        2
                text73                         001C2D  000005  001C32      385A       0  CODE        2
                text99                         001C20  000003  001C23      3840       0  CODE        2
                text104                        001C1D  000003  001C20      383A       0  CODE        2
                text27                         0016D1  000096  001767      2DA2       0  CODE        2
                text25                         001654  00007D  0016D1      2CA8       0  CODE        2
                text58                         000804  000074  000878      1008       0  CODE        2
                text65                         001767  000099  001800      2ECE       0  CODE        2
                text62                         0009CF  0000B8  000A87      139E       0  CODE        2
                text24                         000920  0000AF  0009CF      1240       0  CODE        2
                text48                         000878  0000A8  000920      10F0       0  CODE        2
                stringtext1                    001800  000060  001860      3000       0  STRCODE     2
                text72                         00144A  000055  00149F      2894       0  CODE        2
                text50                         0013F7  000053  00144A      27EE       0  CODE        2
                text28                         00149F  000066  001505      293E       0  CODE        2
                text45                         0015E2  000072  001654      2BC4       0  CODE        2
                text75                         001573  00006F  0015E2      2AE6       0  CODE        2
                text21                         001505  00006E  001573      2A0A       0  CODE        2
                text68                         000A87  0000C2  000B49      150E       0  CODE        2
                cstackBANK0                    000020  000050  000070        20       1  BANK0       1
                bssBANK3                       0001A0  000044  0001E4       1A0       1  BANK3       1
                bssBANK2                       000120  00004F  00016F       120       1  BANK2       1
                cstackCOMMON                   000070  00000E  00007E        70       1  COMMON      1
                intentry                       000004  0007FC  000800         8       0  CODE        2
                config                         008007  000005  00800C     1000E       0  CONFIG      2
                text23                         000CE1  0000DF  000DC0      19C2       0  CODE        2
                text85                         000C0C  0000D5  000CE1      1818       0  CODE        2
                text18                         000B49  0000C3  000C0C      1692       0  CODE        2
                text81                         000DC0  0000EE  000EAE      1B80       0  CODE        2
                bssBANK1                       0000A0  000050  0000F0        A0       1  BANK1       1
                text96                         000EAE  00016F  00101D      1D5C       0  CODE        2
                text56                         001FB4  000026  001FDA      3F68       0  CODE        2
                text2                          001F90  000024  001FB4      3F20       0  CODE        2
                text54                         001F6C  000024  001F90      3ED8       0  CODE        2
                text52                         001FDA  000026  002000      3FB4       0  CODE        2
                text70                         00106B  00002A  001095      20D6       0  CODE        2
                text77                         001043  000028  00106B      2086       0  CODE        2
                text17                         00101D  000026  001043      203A       0  CODE        2
                text33                         001ECD  00001E  001EEB      3D9A       0  CODE        2
                text34                         001EAF  00001E  001ECD      3D5E       0  CODE        2
                text35                         001E91  00001E  001EAF      3D22       0  CODE        2
                text32                         001EEB  00001E  001F09      3DD6       0  CODE        2
                text71                         001F49  000023  001F6C      3E92       0  CODE        2
                text30                         001F29  000020  001F49      3E52       0  CODE        2
                text83                         001F09  000020  001F29      3E12       0  CODE        2
                text74                         001095  00002D  0010C2      212A       0  CODE        2
                maintext                       00128F  00003C  0012CB      251E       0  CODE        2
                text53                         001258  000037  00128F      24B0       0  CODE        2
                text64                         001222  000036  001258      2444       0  CODE        2
                text63                         0012CB  000046  001311      2596       0  CODE        2
                text60                         0013A5  000052  0013F7      274A       0  CODE        2
                text82                         001357  00004E  0013A5      26AE       0  CODE        2
                text59                         001311  000046  001357      2622       0  CODE        2
                text100                        001121  000031  001152      2242       0  CODE        2
                text49                         0010F1  000030  001121      21E2       0  CODE        2
                text47                         0010C2  00002F  0010F1      2184       0  CODE        2
                text10                         001152  000033  001185      22A4       0  CODE        2
                text86                         0011ED  000035  001222      23DA       0  CODE        2
                text13                         0011B9  000034  0011ED      2372       0  CODE        2
                text101                        001185  000034  0011B9      230A       0  CODE        2


UNUSED ADDRESS RANGES

        Name                Unused          Largest block    Delta
        BANK10           00520-0056F              50           1
        BANK11           005A0-005EF              50           1
        BANK12           00620-0064D              2E           1
        BANK2            0016F-0016F               1           1
        BANK3            001E4-001EF               C           1
        BANK4            00220-0026F              50           1
        BANK5            002A0-002EF              50           1
        BANK6            00320-0036F              50           1
        BANK7            003A0-003EF              50           1
        BANK8            00420-0046F              50           1
        BANK9            004A0-004EF              50           1
        BIGRAM           02000-027EF             7F0           1
        CODE             01860-01C14             3B5           2
                         02086-03FFF             800
        CONST            01860-01C14             100           2
                         02086-03FFF             100
        EEDATA           0F000-0F0FF             100           2
        ENTRY            01860-01C14             100           2
                         02086-03FFF             100
        IDLOC            08000-08003               4           2
        RAM              0016F-0016F               1           1
                         001E4-001EF               C
                         00220-0026F              50
                         002A0-002EF              50
                         00320-0036F              50
                         003A0-003EF              50
                         00420-0046F              50
                         004A0-004EF              50
                         00520-0056F              50
                         005A0-005EF              50
                         00620-0064D              2E
        SFR0             00000-0001F              20           1
        SFR1             00080-0009F              20           1
        SFR10            00500-0051F              20           1
        SFR11            00580-0059F              20           1
        SFR12            00600-0061F              20           1
        SFR13            00680-0069F              20           1
        SFR14            00700-0071F              20           1
        SFR15            00780-0079F              20           1
        SFR16            00800-0081F              20           1
        SFR17            00880-0089F              20           1
        SFR18            00900-0091F              20           1
        SFR19            00980-0099F              20           1
        SFR2             00100-0011F              20           1
        SFR20            00A00-00A1F              20           1
        SFR21            00A80-00A9F              20           1
        SFR22            00B00-00B1F              20           1
        SFR23            00B80-00B9F              20           1
        SFR24            00C00-00C1F              20           1
        SFR25            00C80-00C9F              20           1
        SFR26            00D00-00D6F              70           1
        SFR27            00D80-00DEF              70           1
        SFR28            00E00-00E6F              70           1
        SFR29            00E80-00EEF              70           1
        SFR3             00180-0019F              20           1
        SFR30            00F00-00F6F              70           1
        SFR31            00F80-00FEF              70           1
        SFR32            01000-0106F              70           1
        SFR33            01080-010EF              70           1
        SFR34            01100-0116F              70           1
        SFR35            01180-011EF              70           1
        SFR36            01200-0126F              70           1
        SFR37            01280-012EF              70           1
        SFR38            01300-0136F              70           1
        SFR39            01380-013EF              70           1
        SFR4             00200-0021F              20           1
        SFR40            01400-0146F              70           1
        SFR41            01480-014EF              70           1
        SFR42            01500-0156F              70           1
        SFR43            01580-015EF              70           1
        SFR44            01600-0166F              70           1
        SFR45            01680-016EF              70           1
        SFR46            01700-0176F              70           1
        SFR47            01780-017EF              70           1
        SFR48            01800-0186F              70           1
        SFR49            01880-018EF              70           1
        SFR5             00280-0029F              20           1
        SFR50            01900-0196F              70           1
        SFR51            01980-019EF              70           1
        SFR52            01A00-01A6F              70           1
        SFR53            01A80-01AEF              70           1
        SFR54            01B00-01B6F              70           1
        SFR55            01B80-01BEF              70           1
        SFR56            01C00-01C6F              70           1
        SFR57            01C80-01CEF              70           1
        SFR58            01D00-01D6F              70           1
        SFR59            01D80-01DEF              70           1
        SFR6             00300-0031F              20           1
        SFR60            01E00-01E6F              70           1
        SFR61            01E80-01EEF              70           1
        SFR62            01F00-01F6F              70           1
        SFR63            01F80-01FEF              70           1
        SFR7             00380-0039F              20           1
        SFR8             00400-0041F              20           1
        SFR9             00480-0049F              20           1
        STACK            02134-023ED             2BA           1
        STRCODE          01860-01C14             3B5           2
                         02086-03FFF            1F7A
        STRING           01860-01C14             100           2
                         02086-03FFF             100

                                  Symbol Table

?_CLOCK_getTime                                 cstackBANK0  00020
?__Umul8_16                                     cstackBANK0  00020
?___awdiv                                       cstackBANK0  00020
?___awmod                                       cstackBANK0  00029
?___fldiv                                       cstackBANK0  0002E
?___flmul                                       cstackBANK0  00048
?___fltol                                       cstackBANK0  00062
?___lwdiv                                       cstackBANK0  00020
?___lwmod                                       cstackBANK0  00028
?___xxtofl                                      cstackBANK0  00020
?_beatBrightnessCalculation                     cstackBANK1  000C5
?_beatColorCreator                              cstackBANK1  000CE
?_ctoa                                          cstackBANK0  00054
?_pad                                           cstackBANK0  0004B
?_printf                                        cstackBANK1  000C5
?_strlen                                        cstackBANK0  00020
?_vfpfcnvrt                                     cstackBANK0  0005A
?_vfprintf                                      cstackBANK0  00063
ADCC_SetADTIInterruptHandler@InterruptHandler   cstackBANK0  00020
ADCC_SetUpperThreshold@upperThreshold           cstackBANK0  00020
ADCC_StartConversion@channel                    cstackBANK0  00020
BEAT_task@offset                                cstackBANK0  0002A
BUTTONS_isClicked@button                        cstackBANK0  00020
BUTTONS_isHeld@button                           cstackBANK0  00020
BUTTONS_task@btn                                cstackBANK0  00028
BUTTONS_task@i                                  cstackBANK0  00025
BUTTONS_task@time                               cstackBANK0  00026
CONTROLLER_task@isActive                        cstackBANK0  0006F
CONTROL_MANUAL@input                            cstackBANK0  00025
DMX_interrupt@dummy                             cstackCOMMON 00076
EUSART1_SetErrorHandler@interruptHandler        cstackBANK0  00020
EUSART1_SetFramingErrorHandler@interruptHandler cstackBANK0  00020
EUSART1_SetOverrunErrorHandler@interruptHandler cstackBANK0  00020
EUSART1_SetRxInterruptHandler@interruptHandler  cstackBANK0  00020
I2C1_ISR@i2c_10bit_address_restart              bssBANK1     000BE
I2C1_ISR@i2c_address                            bssCOMMON    0007A
I2C1_ISR@i2c_bytes_left                         bssBANK1     000BF
I2C1_ISR@pi2c_buf_ptr                           bssBANK1     000C0
I2C1_MasterRead@trBlock                         bssBANK2     00150
I2C1_MasterTRBInsert@count                      cstackBANK0  00023
I2C1_MasterTRBInsert@pflag                      cstackBANK0  00021
I2C1_MasterTRBInsert@ptrb_list                  cstackBANK0  00020
I2C1_MasterWrite@address                        cstackBANK0  00028
I2C1_MasterWrite@length                         cstackBANK0  00027
I2C1_MasterWrite@pdata                          cstackBANK0  0002D
I2C1_MasterWrite@pflag                          cstackBANK0  0002A
I2C1_MasterWrite@trBlock                        bssBANK2     00154
I2C1_MasterWriteTRBBuild@address                cstackBANK0  00022
I2C1_MasterWriteTRBBuild@length                 cstackBANK0  00021
I2C1_MasterWriteTRBBuild@pdata                  cstackBANK0  00020
I2C1_MasterWriteTRBBuild@ptrb                   cstackBANK0  00026
I2C1_Stop@completion_code                       cstackCOMMON 00071
LED_setColor@input                              cstackBANK1  000DB
LED_task_BEAT_STROBE@beatState                  cstackBANK0  0006F
LED_task_DMX@dmx                                cstackBANK3  001E0
PWM1_LoadDutyValue@dutyValue                    cstackBANK1  000C5
PWM2_LoadDutyValue@dutyValue                    cstackBANK1  000C5
PWM3_LoadDutyValue@dutyValue                    cstackBANK1  000C5
PWM4_LoadDutyValue@dutyValue                    cstackBANK1  000C5
TM1650_enable@enable                            cstackBANK0  00036
TM1650_fastPrintNum@num                         cstackBANK0  00036
TM1650_fastPrintNum_2digit@num                  cstackBANK0  00039
TM1650_fastPrintNum_3digit@num                  cstackBANK0  00036
TM1650_setDigit@data                            cstackBANK0  00036
TM1650_setDigit@digit                           cstackBANK0  00038
TMR0_SetInterruptHandler@InterruptHandler       cstackBANK0  00020
_ADACCH                                         (abs)        00097
_ADACCL                                         (abs)        00096
_ADACCU                                         (abs)        00098
_ADACQH                                         (abs)        0010D
_ADACQL                                         (abs)        0010C
_ADACT                                          (abs)        00117
_ADCAP                                          (abs)        0010E
_ADCC_ADTI_InterruptHandler                     nvBANK2      0015B
_ADCC_DefaultInterruptHandler                   text107      01C15
_ADCC_Initialize                                text17       0101D
_ADCC_SetADTIInterruptHandler                   text91       01C4E
_ADCC_SetUpperThreshold                         text90       01C57
_ADCC_StartConversion                           text89       01C60
_ADCC_ThresholdISR                              text106      01CFF
_ADCLK                                          (abs)        00118
_ADCNT                                          (abs)        00099
_ADCON0                                         (abs)        00111
_ADCON0bits                                     (abs)        00111
_ADCON1                                         (abs)        00112
_ADCON1bits                                     (abs)        00112
_ADCON2                                         (abs)        00113
_ADCON2bits                                     (abs)        00113
_ADCON3                                         (abs)        00114
_ADCON3bits                                     (abs)        00114
_ADERRH                                         (abs)        00091
_ADERRL                                         (abs)        00090
_ADFLTRH                                        (abs)        00095
_ADFLTRL                                        (abs)        00094
_ADLTHH                                         (abs)        0008D
_ADLTHL                                         (abs)        0008C
_ADPCH                                          (abs)        0009F
_ADPREH                                         (abs)        00110
_ADPREL                                         (abs)        0010F
_ADPREVH                                        (abs)        0009C
_ADPREVL                                        (abs)        0009B
_ADREF                                          (abs)        00116
_ADRESH                                         (abs)        0009E
_ADRESL                                         (abs)        0009D
_ADRPT                                          (abs)        0009A
_ADSTAT                                         (abs)        00115
_ADSTATbits                                     (abs)        00115
_ADSTPTH                                        (abs)        00093
_ADSTPTL                                        (abs)        00092
_ADUTHH                                         (abs)        0008F
_ADUTHL                                         (abs)        0008E
_ANSELA                                         (abs)        01F38
_ANSELAbits                                     (abs)        01F38
_ANSELB                                         (abs)        01F43
_ANSELC                                         (abs)        01F4E
_ANSELCbits                                     (abs)        01F4E
_BAUD1CON                                       (abs)        0011F
_BEAT_detected                                  text36       01C84
_BEAT_init                                      text88       01DE3
_BEAT_task                                      text85       00C0C
_BUTTONS_init                                   text82       01357
_BUTTONS_isClicked                              text78       01D7D
_BUTTONS_isHeld                                 text76       01D27
_BUTTONS_task                                   text81       00DC0
_CCP1CON                                        (abs)        0030E
_CCP1CONbits                                    (abs)        0030E
_CCP2CON                                        (abs)        00312
_CCP2CONbits                                    (abs)        00312
_CCP3CON                                        (abs)        00316
_CCP3CONbits                                    (abs)        00316
_CCP4CON                                        (abs)        0031A
_CCP4CONbits                                    (abs)        0031A
_CCPR1H                                         (abs)        0030D
_CCPR1L                                         (abs)        0030C
_CCPR2H                                         (abs)        00311
_CCPR2L                                         (abs)        00310
_CCPR3H                                         (abs)        00315
_CCPR3L                                         (abs)        00314
_CCPR4H                                         (abs)        00319
_CCPR4L                                         (abs)        00318
_CCPTMRS0bits                                   (abs)        0021E
_CLOCK_getTime                                  text87       01C69
_CLOCK_init                                     text79       01C3E
_CLOCK_timerCallback                            text94       01C32
_CONTROLLER_task                                text44       002B6
_CONTROL_ANIMATION                              text77       01043
_CONTROL_BEAT                                   text75       01573
_CONTROL_DMX                                    text65       01767
_CONTROL_MANUAL                                 text62       009CF
_DMX_getAddress                                 text22       01C23
_DMX_init                                       text42       01D6A
_DMX_interrupt                                  text100      01121
_EUSART1_DefaultErrorHandler                    text104      01C1D
_EUSART1_DefaultFramingErrorHandler             text103      01C16
_EUSART1_DefaultOverrunErrorHandler             text102      00800
_EUSART1_ErrorHandler                           nvBANK2      0015F
_EUSART1_FramingErrorHandler                    nvBANK2      00163
_EUSART1_Initialize                             text13       011B9
_EUSART1_OverrunErrorHandler                    nvBANK2      00161
_EUSART1_Receive_ISR                            text101      01185
_EUSART1_RxDataHandler                          text105      01DFA
_EUSART1_RxDefaultInterruptHandler              nvBANK2      00165
_EUSART1_SetErrorHandler                        text16       01C8D
_EUSART1_SetFramingErrorHandler                 text15       01C96
_EUSART1_SetOverrunErrorHandler                 text14       01C9F
_EUSART1_SetRxInterruptHandler                  text43       01C7B
_GPIO_init                                      text84       01D47
_I2C1_BusCollisionISR                           text99       01C20
_I2C1_FunctionComplete                          text98       01D36
_I2C1_ISR                                       text96       00EAE
_I2C1_Initialize                                text12       01E75
_I2C1_MasterTRBInsert                           text72       0144A
_I2C1_MasterWrite                               text70       0106B
_I2C1_MasterWriteTRBBuild                       text71       01F49
_I2C1_Stop                                      text97       01E5B
_I2C1_WaitForLastPacketToComplete               text73       01C2D
_INTCONbits                                     (abs)        0000B
_INTERRUPT_InterruptManager                     intentry     00004
_LATA                                           (abs)        00018
_LATB                                           (abs)        00019
_LATC                                           (abs)        0001A
_LATC5                                          (abs)        000D5
_LED_init                                       text41       01C46
_LED_setColor                                   text26       005FD
_LED_task                                       text18       00B49
_LED_task_ANIMATION                             text40       01C18
_LED_task_BEAT_CONTINUOUS                       text39       01C19
_LED_task_BEAT_FADE                             text38       01C1A
_LED_task_BEAT_MIXED                            text37       007FF
_LED_task_BEAT_STROBE                           text23       00CE1
_LED_task_DMX                                   text21       01505
_ODCONA                                         (abs)        01F3A
_ODCONB                                         (abs)        01F45
_ODCONC                                         (abs)        01F50
_OSCCON1                                        (abs)        0088D
_OSCCON3                                        (abs)        0088F
_OSCEN                                          (abs)        00891
_OSCFRQ                                         (abs)        00893
_OSCILLATOR_Initialize                          text11       01CA8
_OSCTUNE                                        (abs)        00892
_PIE0bits                                       (abs)        00716
_PIE1bits                                       (abs)        00717
_PIE3bits                                       (abs)        00719
_PIN_MANAGER_Initialize                         text10       01152
_PIR0bits                                       (abs)        0070C
_PIR1bits                                       (abs)        0070D
_PIR3bits                                       (abs)        0070F
_PIR4bits                                       (abs)        00710
_PMD0                                           (abs)        00796
_PMD1                                           (abs)        00797
_PMD2                                           (abs)        00798
_PMD3                                           (abs)        00799
_PMD4                                           (abs)        0079A
_PMD5                                           (abs)        0079B
_PMD6                                           (abs)        0079C
_PMD7                                           (abs)        0079D
_PMD_Initialize                                 text9        01CB1
_PORTA                                          (abs)        0000C
_PORTC                                          (abs)        0000E
_PR2                                            (abs)        0028D
_PWM1_Initialize                                text8        01CBB
_PWM1_LoadDutyValue                             text35       01E91
_PWM2_Initialize                                text7        01CC6
_PWM2_LoadDutyValue                             text34       01EAF
_PWM3_Initialize                                text6        01CD1
_PWM3_LoadDutyValue                             text33       01ECD
_PWM4_Initialize                                text5        01CDC
_PWM4_LoadDutyValue                             text32       01EEB
_RA4PPS                                         (abs)        01F14
_RA5PPS                                         (abs)        01F15
_RC1REG                                         (abs)        00119
_RC1STA                                         (abs)        0011D
_RC1STAbits                                     (abs)        0011D
_RC3PPS                                         (abs)        01F23
_RC4PPS                                         (abs)        01F24
_RC6PPS                                         (abs)        01F26
_RC7PPS                                         (abs)        01F27
_RX1DTPPS                                       (abs)        01ECB
_SLRCONA                                        (abs)        01F3B
_SLRCONB                                        (abs)        01F46
_SLRCONC                                        (abs)        01F51
_SP1BRGH                                        (abs)        0011C
_SP1BRGL                                        (abs)        0011B
_SSP1ADD                                        (abs)        0018D
_SSP1BUF                                        (abs)        0018C
_SSP1CLKPPS                                     (abs)        01EC5
_SSP1CON1                                       (abs)        00190
_SSP1CON1bits                                   (abs)        00190
_SSP1CON2bits                                   (abs)        00191
_SSP1CON3                                       (abs)        00192
_SSP1DATPPS                                     (abs)        01EC6
_SSP1STAT                                       (abs)        0018F
_SYSTEM_Initialize                              text2        01F90
_T0CON0                                         (abs)        0059E
_T0CON0bits                                     (abs)        0059E
_T0CON1                                         (abs)        0059F
_T2CLKCON                                       (abs)        00290
_T2CON                                          (abs)        0028E
_T2CONbits                                      (abs)        0028E
_T2HLT                                          (abs)        0028F
_T2HLTbits                                      (abs)        0028F
_T2PR                                           (abs)        0028D
_T2RST                                          (abs)        00291
_T2RSTbits                                      (abs)        00291
_T2TMR                                          (abs)        0028C
_TM1650_enable                                  text61       01DB9
_TM1650_fastPrintNum                            text68       00A87
_TM1650_fastPrintNum_2digit                     text58       00804
_TM1650_fastPrintNum_3digit                     text57       00760
_TM1650_init                                    text1        01DA5
_TM1650_setDigit                                text55       01D58
_TMR0H                                          (abs)        0059D
_TMR0L                                          (abs)        0059C
_TMR0_DefaultInterruptHandler                   text95       01C17
_TMR0_ISR                                       text93       01D0C
_TMR0_Initialize                                text4        01D91
_TMR0_InterruptHandler                          nvBANK2      0015D
_TMR0_SetInterruptHandler                       text80       01C72
_TMR2                                           (abs)        0028C
_TMR2_Initialize                                text3        01D19
_TRISA                                          (abs)        00012
_TRISAbits                                      (abs)        00012
_TRISB                                          (abs)        00013
_TRISC                                          (abs)        00014
_TRISCbits                                      (abs)        00014
_TX1REG                                         (abs)        0011A
_TX1STA                                         (abs)        0011E
_TX1STAbits                                     (abs)        0011E
_WPUA                                           (abs)        01F39
_WPUAbits                                       (abs)        01F39
_WPUB                                           (abs)        01F44
_WPUC                                           (abs)        01F4F
_WPUCbits                                       (abs)        01F4F
__CFG_BBEN$OFF                                  (abs)        00000
__CFG_BBSIZE$BB512                              (abs)        00000
__CFG_BOREN$ON                                  (abs)        00000
__CFG_BORV$LO                                   (abs)        00000
__CFG_CLKOUTEN$OFF                              (abs)        00000
__CFG_CP$OFF                                    (abs)        00000
__CFG_CSWEN$ON                                  (abs)        00000
__CFG_FCMEN$ON                                  (abs)        00000
__CFG_FEXTOSC$OFF                               (abs)        00000
__CFG_LPBOREN$OFF                               (abs)        00000
__CFG_LVP$ON                                    (abs)        00000
__CFG_MCLRE$ON                                  (abs)        00000
__CFG_PPS1WAY$ON                                (abs)        00000
__CFG_PWRTS$OFF                                 (abs)        00000
__CFG_RSTOSC$HFINT1                             (abs)        00000
__CFG_SAFEN$OFF                                 (abs)        00000
__CFG_STVREN$ON                                 (abs)        00000
__CFG_WDTCCS$SC                                 (abs)        00000
__CFG_WDTCPS$WDTCPS_31                          (abs)        00000
__CFG_WDTCWS$WDTCWS_7                           (abs)        00000
__CFG_WDTE$OFF                                  (abs)        00000
__CFG_WRTAPP$OFF                                (abs)        00000
__CFG_WRTB$OFF                                  (abs)        00000
__CFG_WRTC$OFF                                  (abs)        00000
__CFG_WRTD$OFF                                  (abs)        00000
__CFG_WRTSAF$OFF                                (abs)        00000
__CFG_ZCDDIS$OFF                                (abs)        00000
__Habs1                                         abs1         00000
__Hbank0                                        bank0        00000
__Hbank1                                        bank1        00000
__Hbank10                                       bank10       00000
__Hbank11                                       bank11       00000
__Hbank12                                       bank12       00000
__Hbank13                                       bank13       00000
__Hbank14                                       bank14       00000
__Hbank15                                       bank15       00000
__Hbank16                                       bank16       00000
__Hbank17                                       bank17       00000
__Hbank18                                       bank18       00000
__Hbank19                                       bank19       00000
__Hbank2                                        bank2        00000
__Hbank20                                       bank20       00000
__Hbank21                                       bank21       00000
__Hbank22                                       bank22       00000
__Hbank23                                       bank23       00000
__Hbank24                                       bank24       00000
__Hbank25                                       bank25       00000
__Hbank26                                       bank26       00000
__Hbank27                                       bank27       00000
__Hbank28                                       bank28       00000
__Hbank29                                       bank29       00000
__Hbank3                                        bank3        00000
__Hbank30                                       bank30       00000
__Hbank31                                       bank31       00000
__Hbank32                                       bank32       00000
__Hbank33                                       bank33       00000
__Hbank34                                       bank34       00000
__Hbank35                                       bank35       00000
__Hbank36                                       bank36       00000
__Hbank37                                       bank37       00000
__Hbank38                                       bank38       00000
__Hbank39                                       bank39       00000
__Hbank4                                        bank4        00000
__Hbank40                                       bank40       00000
__Hbank41                                       bank41       00000
__Hbank42                                       bank42       00000
__Hbank43                                       bank43       00000
__Hbank44                                       bank44       00000
__Hbank45                                       bank45       00000
__Hbank46                                       bank46       00000
[...]
 Defined at:
		line 205 in file "mcc_generated_files/eusart1.c"
 Parameters:    Size  Location     Type
		None
 Auto vars:     Size  Location     Type
		None
 Return value:  Size  Location     Type
                  1    wreg      void 
 Registers used:
		None
 Tracked objects:
		On entry : 
		On exit  : 
		Unchanged: 
 Data sizes:     COMMON   BANK0   BANK1   BANK2   BANK3   BANK4   BANK5   BANK6   BANK7   BANK8   BANK9  BANK10  BANK11  BANK12  BANK13  BANK14  BANK15  BANK16  BANK17  BANK18  BANK19  BANK20  BANK21  BANK22  BANK23  BANK24  BANK25
      Params:         0       0       0       0       0       0       0       0       0       0       0       0       0       0       0       0       0       0       0       0       0       0       0       0       0       0       0
      Locals:         0       0       0       0       0       0       0       0       0       0       0       0       0       0       0       0       0       0       0       0       0       0       0       0       0       0       0
      Temps:          0       0       0       0       0       0       0       0       0       0       0       0       0       0       0       0       0       0       0       0       0       0       0       0       0       0       0
      Totals:         0       0       0       0       0       0       0       0       0       0       0       0       0       0       0       0       0       0       0       0       0       0       0       0       0       0       0
Total ram usage:        0 bytes
 Hardware stack levels used:    1
 This function calls:
		Nothing
 This function is called by:
		_EUSART1_Initialize
		_EUSART1_Receive_ISR
 This function uses a non-reentrant model


 *************** function _EUSART1_DefaultErrorHandler *****************
 Defined at:
		line 215 in file "mcc_generated_files/eusart1.c"
 Parameters:    Size  Location     Type
		None
 Auto vars:     Size  Location     Type
		None
 Return value:  Size  Location     Type
                  1    wreg      void 
 Registers used:
		wreg, fsr1l, fsr1h, status,2, status,0, pclath, cstack
 Tracked objects:
		On entry : 
		On exit  : 
		Unchanged: 
 Data sizes:     COMMON   BANK0   BANK1   BANK2   BANK3   BANK4   BANK5   BANK6   BANK7   BANK8   BANK9  BANK10  BANK11  BANK12  BANK13  BANK14  BANK15  BANK16  BANK17  BANK18  BANK19  BANK20  BANK21  BANK22  BANK23  BANK24  BANK25
      Params:         0       0       0       0       0       0       0       0       0       0       0       0       0       0       0       0       0       0       0       0       0       0       0       0       0       0       0
      Locals:         0       0       0       0       0       0       0       0       0       0       0       0       0       0       0       0       0       0       0       0       0       0       0       0       0       0       0
      Temps:          0       0       0       0       0       0       0       0       0       0       0       0       0       0       0       0       0       0       0       0       0       0       0       0       0       0       0
      Totals:         0       0       0       0       0       0       0       0       0       0       0       0       0       0       0       0       0       0       0       0       0       0       0       0       0       0       0
Total ram usage:        0 bytes
 Hardware stack levels used:    1
 Hardware stack levels required when called:    1
 This function calls:
		_EUSART1_RxDataHandler
 This function is called by:
		_EUSART1_Initialize
		_EUSART1_Receive_ISR
 This function uses a non-reentrant model


 *************** function _EUSART1_RxDataHandler *****************
 Defined at:
		line 195 in file "mcc_generated_files/eusart1.c"
 Parameters:    Size  Location     Type
		None
 Auto vars:     Size  Location     Type
		None
 Return value:  Size  Location     Type
                  1    wreg      void 
 Registers used:
		wreg, fsr1l, fsr1h, status,2, status,0
 Tracked objects:
		On entry : 
		On exit  : 
		Unchanged: 
 Data sizes:     COMMON   BANK0   BANK1   BANK2   BANK3   BANK4   BANK5   BANK6   BANK7   BANK8   BANK9  BANK10  BANK11  BANK12  BANK13  BANK14  BANK15  BANK16  BANK17  BANK18  BANK19  BANK20  BANK21  BANK22  BANK23  BANK24  BANK25
      Params:         0       0       0       0       0       0       0       0       0       0       0       0       0       0       0       0       0       0       0       0       0       0       0       0       0       0       0
      Locals:         0       0       0       0       0       0       0       0       0       0       0       0       0       0       0       0       0       0       0       0       0       0       0       0       0       0       0
      Temps:          1       0       0       0       0       0       0       0       0       0       0       0       0       0       0       0       0       0       0       0       0       0       0       0       0       0       0
      Totals:         1       0       0       0       0       0       0       0       0       0       0       0       0       0       0       0       0       0       0       0       0       0       0       0       0       0       0
Total ram usage:        1 bytes
 Hardware stack levels used:    1
 This function calls:
		Nothing
 This function is called by:
		_EUSART1_Receive_ISR
		_EUSART1_DefaultErrorHandler
 This function uses a non-reentrant model


 *************** function _ADCC_ThresholdISR *****************
 Defined at:
		line 308 in file "mcc_generated_files/adcc.c"
 Parameters:    Size  Location     Type
		None
 Auto vars:     Size  Location     Type
		None
 Return value:  Size  Location     Type
                  1    wreg      void 
 Registers used:
		wreg, status,2, status,0, pclath, cstack
 Tracked objects:
		On entry : 
		On exit  : 
		Unchanged: 
 Data sizes:     COMMON   BANK0   BANK1   BANK2   BANK3   BANK4   BANK5   BANK6   BANK7   BANK8   BANK9  BANK10  BANK11  BANK12  BANK13  BANK14  BANK15  BANK16  BANK17  BANK18  BANK19  BANK20  BANK21  BANK22  BANK23  BANK24  BANK25
      Params:         0       0       0       0       0       0       0       0       0       0       0       0       0       0       0       0       0       0       0       0       0       0       0       0       0       0       0
      Locals:         0       0       0       0       0       0       0       0       0       0       0       0       0       0       0       0       0       0       0       0       0       0       0       0       0       0       0
      Temps:          0       0       0       0       0       0       0       0       0       0       0       0       0       0       0       0       0       0       0       0       0       0       0       0       0       0       0
      Totals:         0       0       0       0       0       0       0       0       0       0       0       0       0       0       0       0       0       0       0       0       0       0       0       0       0       0       0
Total ram usage:        0 bytes
 Hardware stack levels used:    1
 Hardware stack levels required when called:    1
 This function calls:
		Absolute function
		_ADCC_DefaultInterruptHandler
		_adcThresholdHandler
 This function is called by:
		_INTERRUPT_InterruptManager
 This function uses a non-reentrant model


 *************** function _ADCC_DefaultInterruptHandler *****************
 Defined at:
		line 320 in file "mcc_generated_files/adcc.c"
 Parameters:    Size  Location     Type
		None
 Auto vars:     Size  Location     Type
		None
 Return value:  Size  Location     Type
                  1    wreg      void 
 Registers used:
		None
 Tracked objects:
		On entry : 
		On exit  : 
		Unchanged: 
 Data sizes:     COMMON   BANK0   BANK1   BANK2   BANK3   BANK4   BANK5   BANK6   BANK7   BANK8   BANK9  BANK10  BANK11  BANK12  BANK13  BANK14  BANK15  BANK16  BANK17  BANK18  BANK19  BANK20  BANK21  BANK22  BANK23  BANK24  BANK25
      Params:         0       0       0       0       0       0       0       0       0       0       0       0       0       0       0       0       0       0       0       0       0       0       0       0       0       0       0
      Locals:         0       0       0       0       0       0       0       0       0       0       0       0       0       0       0       0       0       0       0       0       0       0       0       0       0       0       0
      Temps:          0       0       0       0       0       0       0       0       0       0       0       0       0       0       0       0       0       0       0       0       0       0       0       0       0       0       0
      Totals:         0       0       0       0       0       0       0       0       0       0       0       0       0       0       0       0       0       0       0       0       0       0       0       0       0       0       0
Total ram usage:        0 bytes
 Hardware stack levels used:    1
 This function calls:
		Nothing
 This function is called by:
		_ADCC_Initialize
		_ADCC_ThresholdISR
 This function uses a non-reentrant model


 *************** function _adcThresholdHandler *****************
 Defined at:
		line 35 in file "beat.c"
 Parameters:    Size  Location     Type
		None
 Auto vars:     Size  Location     Type
		None
 Return value:  Size  Location     Type
                  1    wreg      void 
 Registers used:
		None
 Tracked objects:
		On entry : 
		On exit  : 
		Unchanged: 
 Data sizes:     COMMON   BANK0   BANK1   BANK2   BANK3   BANK4   BANK5   BANK6   BANK7   BANK8   BANK9  BANK10  BANK11  BANK12  BANK13  BANK14  BANK15  BANK16  BANK17  BANK18  BANK19  BANK20  BANK21  BANK22  BANK23  BANK24  BANK25
      Params:         0       0       0       0       0       0       0       0       0       0       0       0       0       0       0       0       0       0       0       0       0       0       0       0       0       0       0
      Locals:         0       0       0       0       0       0       0       0       0       0       0       0       0       0       0       0       0       0       0       0       0       0       0       0       0       0       0
      Temps:          0       0       0       0       0       0       0       0       0       0       0       0       0       0       0       0       0       0       0       0       0       0       0       0       0       0       0
      Totals:         0       0       0       0       0       0       0       0       0       0       0       0       0       0       0       0       0       0       0       0       0       0       0       0       0       0       0
Total ram usage:        0 bytes
 Hardware stack levels used:    1
 This function calls:
		Nothing
 This function is called by:
		_BEAT_init
		_ADCC_ThresholdISR
 This function uses a non-reentrant model



MODULE INFORMATION

Module		Function		Class		Link	Load	Size
/Applications/microchip/xc8/v2.05/pic/sources/c99/common/xxtofl.c
		___xxtofl      		CODE           	16D1	0000	151

/Applications/microchip/xc8/v2.05/pic/sources/c99/common/xxtofl.c estimated size: 151

/Applications/microchip/xc8/v2.05/pic/sources/c99/common/strlen.c
		_strlen        		CODE           	1E2A	0000	25

/Applications/microchip/xc8/v2.05/pic/sources/c99/common/strlen.c estimated size: 25

clock.c
		_CLOCK_getTime 		CODE           	1C69	0000	10
		_CLOCK_init    		CODE           	1C3E	0000	9
		_CLOCK_timerCallback		CODE           	1C32	0000	7

clock.c estimated size: 26

mcc_generated_files/pwm4.c
		_PWM4_Initialize		CODE           	1CDC	0000	12
		_PWM4_LoadDutyValue		CODE           	1EEB	0000	31

mcc_generated_files/pwm4.c estimated size: 43

mcc_generated_files/tmr2.c
		_TMR2_Initialize		CODE           	1D19	0000	15

mcc_generated_files/tmr2.c estimated size: 15

mcc_generated_files/interrupt_manager.c
		_INTERRUPT_InterruptManager		CODE           	0004	0000	45

mcc_generated_files/interrupt_manager.c estimated size: 45

mcc_generated_files/pwm2.c
		_PWM2_Initialize		CODE           	1CC6	0000	12
		_PWM2_LoadDutyValue		CODE           	1EAF	0000	31

mcc_generated_files/pwm2.c estimated size: 43

mcc_generated_files/tmr0.c
		_TMR0_SetInterruptHandler		CODE           	1C72	0000	10
		_TMR0_DefaultInterruptHandler		CODE           	1C17	0000	2
		_TMR0_ISR      		CODE           	1D0C	0000	14
		_TMR0_Initialize		CODE           	1D91	0000	21

mcc_generated_files/tmr0.c estimated size: 47

mcc_generated_files/i2c1.c
		_I2C1_BusCollisionISR		CODE           	1C20	0000	4
		_I2C1_FunctionComplete		CODE           	1D36	0000	18
		_I2C1_MasterWriteTRBBuild		CODE           	1F49	0000	36
		_I2C1_ISR      		CODE           	0EAE	0000	339
		_I2C1_MasterWrite		CODE           	106B	0000	43
		_I2C1_Initialize		CODE           	1E75	0000	29
		_I2C1_Stop     		CODE           	1E5B	0000	27
		_I2C1_WaitForLastPacketToComplete		CODE           	1C2D	0000	6
		_I2C1_MasterTRBInsert		CODE           	144A	0000	86

mcc_generated_files/i2c1.c estimated size: 588

/Applications/microchip/xc8/v2.05/pic/sources/c99/common/nf_fputs.c
		_fputs         		CODE           	1FDA	0000	39

/Applications/microchip/xc8/v2.05/pic/sources/c99/common/nf_fputs.c estimated size: 39

/Applications/microchip/xc8/v2.05/pic/sources/c99/common/lwdiv.c
		___lwdiv       		CODE           	11ED	0000	54

/Applications/microchip/xc8/v2.05/pic/sources/c99/common/lwdiv.c estimated size: 54

/Applications/microchip/xc8/v2.05/pic/sources/c99/common/awdiv.c
		___awdiv       		CODE           	13A5	0000	83

/Applications/microchip/xc8/v2.05/pic/sources/c99/common/awdiv.c estimated size: 83

mcc_generated_files/pin_manager.c
		_PIN_MANAGER_Initialize		CODE           	1152	0000	52

mcc_generated_files/pin_manager.c estimated size: 52

/Applications/microchip/xc8/v2.05/pic/sources/c99/common/fltol.c
		___fltol       		CODE           	149F	0000	103

/Applications/microchip/xc8/v2.05/pic/sources/c99/common/fltol.c estimated size: 103

/Applications/microchip/xc8/v2.05/pic/sources/c99/common/doprnt.c
		_vfpfcnvrt     		CODE           	0878	0000	169
		_pad           		CODE           	13F7	0000	84
		_ctoa          		CODE           	10F1	0000	49
		_vfprintf      		CODE           	10C2	0000	48

/Applications/microchip/xc8/v2.05/pic/sources/c99/common/doprnt.c estimated size: 350

buttons.c
		_BUTTONS_task  		CODE           	0DC0	0000	239
		_BUTTONS_init  		CODE           	1357	0000	79
		_init          		CODE           	1F09	0000	33
		_BUTTONS_isClicked		CODE           	1D7D	0000	21
		_BUTTONS_isHeld		CODE           	1D27	0000	16
		_GPIO_init     		CODE           	1D47	0000	18

buttons.c estimated size: 406

/Applications/microchip/xc8/v2.05/pic/sources/c99/common/sprcmul.c
		___flmul       		CODE           	008A	0000	557

/Applications/microchip/xc8/v2.05/pic/sources/c99/common/sprcmul.c estimated size: 557

/Applications/microchip/xc8/v2.05/pic/sources/c99/common/sprcdiv.c
		___fldiv       		CODE           	0483	0000	379

/Applications/microchip/xc8/v2.05/pic/sources/c99/common/sprcdiv.c estimated size: 379

/Applications/microchip/xc8/v2.05/pic/sources/c99/common/Umul8_16.c
		__Umul8_16     		CODE           	1F29	0000	33

/Applications/microchip/xc8/v2.05/pic/sources/c99/common/Umul8_16.c estimated size: 33

shared
		__initialization		CODE           	0032	0000	85
		_charTable     		STRCODE        	1800	0000	97

shared estimated size: 182

mcc_generated_files/eusart1.c
		_EUSART1_SetRxInterruptHandler		CODE           	1C7B	0000	10
		_EUSART1_Initialize		CODE           	11B9	0000	53
		_EUSART1_DefaultErrorHandler		CODE           	1C1D	0000	4
		_EUSART1_SetFramingErrorHandler		CODE           	1C96	0000	10
		_EUSART1_SetOverrunErrorHandler		CODE           	1C9F	0000	10
		_EUSART1_SetErrorHandler		CODE           	1C8D	0000	10
		_EUSART1_Receive_ISR		CODE           	1185	0000	53
		_EUSART1_RxDataHandler		CODE           	1DFA	0000	25
		_EUSART1_DefaultOverrunErrorHandler		CODE           	0800	0000	5
		_EUSART1_DefaultFramingErrorHandler		CODE           	1C16	0000	2

mcc_generated_files/eusart1.c estimated size: 182

mcc_generated_files/mcc.c
		_PMD_Initialize		CODE           	1CB1	0000	11
		_OSCILLATOR_Initialize		CODE           	1CA8	0000	10
		_SYSTEM_Initialize		CODE           	1F90	0000	37

mcc_generated_files/mcc.c estimated size: 58

mcc_generated_files/pwm3.c
		_PWM3_Initialize		CODE           	1CD1	0000	12
		_PWM3_LoadDutyValue		CODE           	1ECD	0000	31

mcc_generated_files/pwm3.c estimated size: 43

/Applications/microchip/xc8/v2.05/pic/sources/c99/common/nf_fputc.c
		_fputc         		CODE           	1258	0000	56

/Applications/microchip/xc8/v2.05/pic/sources/c99/common/nf_fputc.c estimated size: 56

mcc_generated_files/pwm1.c
		_PWM1_Initialize		CODE           	1CBB	0000	12
		_PWM1_LoadDutyValue		CODE           	1E91	0000	31

mcc_generated_files/pwm1.c estimated size: 43

controller.c
		_CONTROLLER_task		CODE           	02B6	0000	462
		_CONTROL_ANIMATION		CODE           	1043	0000	41
		_getIsHold     		CODE           	1C1B	0000	3
		_CONTROL_DMX   		CODE           	1767	0000	154
		_menuSelection 		CODE           	15E2	0000	115
		_CONTROL_BEAT  		CODE           	1573	0000	112
		_CONTROL_MANUAL		CODE           	09CF	0000	185
		_getMode       		CODE           	1C26	0000	4

controller.c estimated size: 1076

tm1650.c
		_TM1650_fastPrintNum_2digit		CODE           	0804	0000	117
		_putch         		CODE           	1F6C	0000	37
		_TM1650_fastPrintNum_3digit		CODE           	0760	0000	154
		_TM1650_init   		CODE           	1DA5	0000	21
		_TM1650_enable 		CODE           	1DB9	0000	22
		_TM1650_fastPrintNum		CODE           	0A87	0000	195
		_writeData     		CODE           	1000	0000	30
		_TM1650_setDigit		CODE           	1D58	0000	19

tm1650.c estimated size: 595

/Applications/microchip/xc8/v2.05/pic/sources/c99/common/printf.c
		_printf        		CODE           	1DCE	0000	22

/Applications/microchip/xc8/v2.05/pic/sources/c99/common/printf.c estimated size: 22

mcc_generated_files/adcc.c
		_ADCC_DefaultInterruptHandler		CODE           	1C15	0000	2
		_ADCC_SetADTIInterruptHandler		CODE           	1C4E	0000	10
		_ADCC_ThresholdISR		CODE           	1CFF	0000	14
		_ADCC_StartConversion		CODE           	1C60	0000	10
		_ADCC_Initialize		CODE           	101D	0000	39
		_ADCC_SetUpperThreshold		CODE           	1C57	0000	10

mcc_generated_files/adcc.c estimated size: 85

dmx.c
		_DMX_interrupt 		CODE           	1121	0000	50
		_address_dec   		CODE           	1E12	0000	25
		_address_inc   		CODE           	1E42	0000	26
		_DMX_init      		CODE           	1D6A	0000	20
		_DMX_getAddress		CODE           	1C23	0000	4

dmx.c estimated size: 125

main.c
		_main          		CODE           	128F	0000	61

main.c estimated size: 61

/Applications/microchip/xc8/v2.05/pic/sources/c99/common/lwmod.c
		___lwmod       		CODE           	1095	0000	46

/Applications/microchip/xc8/v2.05/pic/sources/c99/common/lwmod.c estimated size: 46

beat.c
		_BEAT_task     		CODE           	0C0C	0000	214
		_BEAT_init     		CODE           	1DE3	0000	24
		_BEAT_detected 		CODE           	1C84	0000	10
		_adcThresholdHandler		CODE           	1C29	0000	5

beat.c estimated size: 253

led.c
		_LED_task_BEAT_MIXED		CODE           	07FF	0000	2
		_colorInc      		CODE           	12CB	0000	71
		_LED_task_BEAT_STROBE		CODE           	0CE1	0000	224
		_colorDec      		CODE           	1222	0000	55
		_LED_task_ANIMATION		CODE           	1C18	0000	2
		_getManualColor		CODE           	1FB4	0000	39
		_LED_task_BEAT_CONTINUOUS		CODE           	1C19	0000	2
		_LED_init      		CODE           	1C46	0000	9
		_beatColorCreator		CODE           	0920	0000	176
		_beatBrightnessCalculation		CODE           	1654	0000	126
		_LED_setColor  		CODE           	05FD	0000	356
		_LED_task_BEAT_FADE		CODE           	1C1A	0000	2
		_LED_task      		CODE           	0B49	0000	196
		_LED_task_DMX  		CODE           	1505	0000	111

led.c estimated size: 1371

/Applications/microchip/xc8/v2.05/pic/sources/c99/common/awmod.c
		___awmod       		CODE           	1311	0000	71

/Applications/microchip/xc8/v2.05/pic/sources/c99/common/awmod.c estimated size: 71

