Microchip MPLAB XC8 Compiler V2.05 ()

Linker command line:

-W-3 --edf=C:\Program Files (x86)\Microchip\xc8\v2.05\pic\dat\en_msgs.txt \
  -cs -h+dist/default/production\lab_10.production.sym \
  --cmf=dist/default/production\lab_10.production.cmf -z -Q16F18446 \
  -oC:\Users\berna\AppData\Local\Temp\sugg.2 --defsym=__MPLAB_BUILD=1 \
  -Mdist/default/production/lab_10.production.map -E1 -ver=XC8 --acfsm=1493 \
  -ASTACK=02200h-023EDh -pstack=STACK -ACODE=00h-07FFhx8 \
  -ASTRCODE=00h-03FFFh -ASTRING=00h-0FFhx64 -ACONST=00h-0FFhx64 \
  -AENTRY=00h-0FFhx64 -ACOMMON=070h-07Fh -ABANK0=020h-06Fh \
  -ABANK1=0A0h-0EFh -ABANK2=0120h-016Fh -ABANK3=01A0h-01EFh \
  -ABANK4=0220h-026Fh -ABANK5=02A0h-02EFh -ABANK6=0320h-036Fh \
  -ABANK7=03A0h-03EFh -ABANK8=0420h-046Fh -ABANK9=04A0h-04EFh \
  -ABANK10=0520h-056Fh -ABANK11=05A0h-05EFh -ABANK12=0620h-066Fh \
  -ABANK13=06A0h-06EFh -ABANK14=0720h-076Fh -ABANK15=07A0h-07EFh \
  -ABANK16=0820h-086Fh -ABANK17=08A0h-08EFh -ABANK18=0920h-096Fh \
  -ABANK19=09A0h-09EFh -ABANK20=0A20h-0A6Fh -ABANK21=0AA0h-0AEFh \
  -ABANK22=0B20h-0B6Fh -ABANK23=0BA0h-0BEFh -ABANK24=0C20h-0C6Fh \
  -ABANK25=0CA0h-0CBFh -ABIGRAM=02000h-027EFh \
  -ARAM=020h-06Fh,0A0h-0EFh,0120h-016Fh,01A0h-01EFh,0220h-026Fh,02A0h-02EFh,0320h-036Fh,03A0h-03EFh,0420h-046Fh,04A0h-04EFh,0520h-056Fh,05A0h-05EFh,0620h-066Fh,06A0h-06EFh,0720h-076Fh,07A0h-07EFh,0820h-086Fh,08A0h-08EFh,0920h-096Fh,09A0h-09EFh,0A20h-0A6Fh,0AA0h-0AEFh,0B20h-0B6Fh,0BA0h-0BEFh,0C20h-0C6Fh,0CA0h-0CBFh \
  -AABS1=020h-07Fh,0A0h-0EFh,0120h-016Fh,01A0h-01EFh,0220h-026Fh,02A0h-02EFh,0320h-036Fh,03A0h-03EFh,0420h-046Fh,04A0h-04EFh,0520h-056Fh,05A0h-05EFh,0620h-066Fh,06A0h-06EFh,0720h-076Fh,07A0h-07EFh,0820h-086Fh,08A0h-08EFh,0920h-096Fh,09A0h-09EFh,0A20h-0A6Fh,0AA0h-0AEFh,0B20h-0B6Fh,0BA0h-0BEFh,0C20h-0C6Fh,0CA0h-0CBFh \
  -ASFR0=00h-01Fh -ASFR1=080h-09Fh -ASFR2=0100h-011Fh -ASFR3=0180h-019Fh \
  -ASFR4=0200h-021Fh -ASFR5=0280h-029Fh -ASFR6=0300h-031Fh \
  -ASFR7=0380h-039Fh -ASFR8=0400h-041Fh -ASFR9=0480h-049Fh \
  -ASFR10=0500h-051Fh -ASFR11=0580h-059Fh -ASFR12=0600h-061Fh \
  -ASFR13=0680h-069Fh -ASFR14=0700h-071Fh -ASFR15=0780h-079Fh \
  -ASFR16=0800h-081Fh -ASFR17=0880h-089Fh -ASFR18=0900h-091Fh \
  -ASFR19=0980h-099Fh -ASFR20=0A00h-0A1Fh -ASFR21=0A80h-0A9Fh \
  -ASFR22=0B00h-0B1Fh -ASFR23=0B80h-0B9Fh -ASFR24=0C00h-0C1Fh \
  -ASFR25=0C80h-0C9Fh -ASFR26=0D00h-0D6Fh -ASFR27=0D80h-0DEFh \
  -ASFR28=0E00h-0E6Fh -ASFR29=0E80h-0EEFh -ASFR30=0F00h-0F6Fh \
  -ASFR31=0F80h-0FEFh -ASFR32=01000h-0106Fh -ASFR33=01080h-010EFh \
  -ASFR34=01100h-0116Fh -ASFR35=01180h-011EFh -ASFR36=01200h-0126Fh \
  -ASFR37=01280h-012EFh -ASFR38=01300h-0136Fh -ASFR39=01380h-013EFh \
  -ASFR40=01400h-0146Fh -ASFR41=01480h-014EFh -ASFR42=01500h-0156Fh \
  -ASFR43=01580h-015EFh -ASFR44=01600h-0166Fh -ASFR45=01680h-016EFh \
  -ASFR46=01700h-0176Fh -ASFR47=01780h-017EFh -ASFR48=01800h-0186Fh \
  -ASFR49=01880h-018EFh -ASFR50=01900h-0196Fh -ASFR51=01980h-019EFh \
  -ASFR52=01A00h-01A6Fh -ASFR53=01A80h-01AEFh -ASFR54=01B00h-01B6Fh \
  -ASFR55=01B80h-01BEFh -ASFR56=01C00h-01C6Fh -ASFR57=01C80h-01CEFh \
  -ASFR58=01D00h-01D6Fh -ASFR59=01D80h-01DEFh -ASFR60=01E00h-01E6Fh \
  -ASFR61=01E80h-01EEFh -ASFR62=01F00h-01F6Fh -ASFR63=01F80h-01FEFh \
  -preset_vec=00h,intentry=04h,init,end_init -ppowerup=CODE -pcinit=CODE \
  -pfunctab=ENTRY -ACONFIG=08007h-0800Bh -pconfig=CONFIG -DCONFIG=2 \
  -AIDLOC=08000h-08003h -pidloc=IDLOC -DIDLOC=2 -AEEDATA=00h-0FFh/0F000h \
  -peeprom_data=EEDATA -DEEDATA=2 -DCODE=2 -DSTRCODE=2 -DSTRING=2 -DCONST=2 \
  -DENTRY=2 -k C:\Users\berna\AppData\Local\Temp\sugg.o \
  dist/default/production\lab_10.production.o 

Object code version is 3.11

Machine type is 16F18446



                Name                               Link     Load   Length Selector   Space Scale
C:\Users\berna\AppData\Local\Temp\sugg.o
                end_init                             30       30        2        8       0
                reset_vec                             0        0        2        0       0
                config                             8007     8007        5    1000E       0
dist/default/production\lab_10.production.o
                cinit                                32       32       73        8       0
                intentry                              4        4       2C        8       0
                text103                            1E62     1E62        4     3CC4       0
                text102                            1E50     1E50        1     3CA0       0
                text101                            1F3B     1F3B        D     3E76       0
                text100                            1072     1072       18     20E4       0
                text99                             1E56     1E56        3     3CAC       0
                text98                             1E51     1E51        1     3CA2       0
                text97                              7FC      7FC        4        8       0
                text96                             13E6     13E6       36     27CC       0
                text95                             131A     131A       31     2634       0
                text94                             1E59     1E59        3     3CB2       0
                text93                             1F91     1F91       11     3F22       0
                text92                             10A2     10A2       1A     2144       0
                text91                              EAE      EAE      152     1D5C       0
                text90                             1E52     1E52        1     3CA4       0
                text89                             1001     1001        6     2002       0
                text88                             1F48     1F48        D     3E90       0
                text86                             1E80     1E80        9     3D00       0
                text85                             1E89     1E89        9     3D12       0
                text84                             1E92     1E92        9     3D24       0
                text83                             105B     105B       17     20B6       0
                text82                             1E9B     1E9B        9     3D36       0
                text81                             13B1     13B1       35     2762       0
                text80                              B25      B25       D2     164A       0
                text79                             1FA2     1FA2       11     3F44       0
                text78                             116D     116D       20     22DA       0
                text77                             14D8     14D8       4E     29B0       0
                text76                              DC0      DC0       EE     1B80       0
                text75                             1EA4     1EA4        9     3D48       0
                text74                             1E70     1E70        8     3CE0       0
                text73                              2D1      2D1      198        8       0
                text72                             1FD8     1FD8       14     3FB0       0
                text71                             1F63     1F63        F     3EC6       0
                text70                             1E5C     1E5C        3     3CB8       0
                text69                             128E     128E       2D     251C       0
                text68                             1E66     1E66        5     3CCC       0
                text67                             15CB     15CB       55     2B96       0
                text66                             11AD     11AD       23     235A       0
                text65                             1264     1264       2A     24C8       0
                text64                             10D8     10D8       1D     21B0       0
                text63                              871      871       99     10E2       0
                text62                             1F72     1F72        F     3EE4       0
                text61                             1F81     1F81       10     3F02       0
                text60                             1FB3     1FB3       12     3F66       0
                text59                             11D0     11D0       24     23A0       0
                text58                             141C     141C       37     2838       0
                text57                             1218     1218       26     2430       0
                text56                             108A     108A       18     2114       0
                text55                             1578     1578       53     2AF0       0
                text54                             12EA     12EA       30     25D4       0
                text53                              90A      90A       A9     1214       0
                text52                             12BB     12BB       2F     2576       0
                text51                             101B     101B       15     2036       0
                text50                             1EAD     1EAD        9     3D5A       0
                text49                             10F5     10F5       1E     21EA       0
                text48                             1113     1113       1E     2226       0
                text47                             1131     1131       1E     2262       0
                text46                             114F     114F       1E     229E       0
                text45                              469      469      17A        8       0
                text44                             118D     118D       20     231A       0
                text43                               A5       A5      22C        8       0
                text42                              80B      80B       66     1016       0
                text41                             176A     176A       96     2ED4       0
                text40                              5E3      5E3      157        8       0
                text39                             1526     1526       52     2A4C       0
                text38                             1492     1492       46     2924       0
                text37                             16F6     16F6       74     2DEC       0
                text36                             1045     1045       16     208A       0
                text35                             1683     1683       73     2D06       0
                text34                             1F17     1F17        C     3E2E       0
                text33                              9B3      9B3       B7     1366       0
                text32                             1E53     1E53        1     3CA6       0
                text31                              CD5      CD5       EB     19AA       0
                text30                              BF7      BF7       DE     17EE       0
                text29                             1EB6     1EB6        9     3D6C       0
                text28                              73A      73A       C2        8       0
                text27                             1FC5     1FC5       13     3F8A       0
                text26                             1E78     1E78        8     3CF0       0
                text25                             1E54     1E54        1     3CA8       0
                text24                             1E55     1E55        1     3CAA       0
                text23                             1000     1000        1     1D5C       0
                text22                             1620     1620       63     2C40       0
                text21                                2        2        2        0       0
                text20                             1E5F     1E5F        3     3CBE       0
                text19                              A6A      A6A       BB     14D4       0
                text18                             123E     123E       26     247C       0
                text17                             1EBF     1EBF        9     3D7E       0
                text16                             1EC8     1EC8        9     3D90       0
                text15                             1ED1     1ED1        9     3DA2       0
                text14                             134B     134B       33     2696       0
                text13                             10BC     10BC       1C     2178       0
                text12                             1EDA     1EDA        9     3DB4       0
                text11                             137E     137E       33     26FC       0
                text10                             1EEC     1EEC        A     3DD8       0
                text9                              1EF6     1EF6        B     3DEC       0
                text8                              1F01     1F01        B     3E02       0
                text7                              1F0C     1F0C        B     3E18       0
                text6                               800      800        B     1000       0
                text5                              1FEC     1FEC       14     3FD8       0
                text4                              1F55     1F55        E     3EAA       0
                text3                              11F4     11F4       24     23E8       0
                text2                              1030     1030       15     2060       0
                text1                              1007     1007       14     200E       0
                maintext                           1453     1453       3F     28A6       0
                cstackBANK0                          20       20       50       20       1
                cstackCOMMON                         77       77        7       70       1
                cstackBANK1                          C9       C9       1E       A0       1
                clrtext                            1F23     1F23        C     3E46       0
                inittext                           1F2F     1F2F        C     3E5E       0
                bssBANK6                            320      320       20      320       1
                bssBANK5                            2A0      2A0       3E      2A0       1
                bssBANK4                            220      220       44      220       1
                bssBANK3                            1A0      1A0       4E      1A0       1
                dataBANK2                           167      167        5      120       1
                bssBANK2                            120      120       47      120       1
                dataBANK1                            E7       E7        9       A0       1
                bssBANK1                             A0       A0       29       A0       1
                bssCOMMON                            70       70        7       70       1
                stringtext21                       2082     2082        3     4000       0
                stringtext20                       207E     207E        4     4000       0
                stringtext19                       2079     2079        5     4000       0
                stringtext18                       2073     2073        6     4000       0
                stringtext17                       206D     206D        6     4000       0
                stringtext16                       2067     2067        6     4000       0
                stringtext15                       2061     2061        6     4000       0
                stringtext14                       205B     205B        6     4000       0
                stringtext13                       2055     2055        6     4000       0
                stringtext12                       204F     204F        6     4000       0
                stringtext11                       2049     2049        6     4000       0
                stringtext10                       2043     2043        6     4000       0
                stringtext9                        203C     203C        7     4000       0
                stringtext8                        2035     2035        7     4000       0
                stringtext7                        202D     202D        8     4000       0
                stringtext6                        2025     2025        8     4000       0
                stringtext5                        201C     201C        9     4000       0
                stringtext4                        2013     2013        9     4000       0
                stringtext3                        200A     200A        9     4000       0
                stringtext2                        2000     2000        A     4000       0
                nvBANK4                             264      264        6      220       1
                nvBANK3                             1EE      1EE        2      1A0       1
                nvBANK2                             16C      16C        4      120       1
                stringtext1                        1800     1800       60     3000       0
                idataBANK2                         1E6B     1E6B        5     3CD6       0
                idataBANK1                         1EE3     1EE3        9     3DC6       0

TOTAL           Name                               Link     Load   Length     Space
        CLASS   STACK          

        CLASS   CODE           
                end_init                             30       30        2         0
                cinit                                32       32       73         0
                intentry                              4        4       2C         0
                reset_vec                             0        0        2         0
                text103                            1E62     1E62        4         0
                text102                            1E50     1E50        1         0
                text101                            1F3B     1F3B        D         0
                text100                            1072     1072       18         0
                text99                             1E56     1E56        3         0
                text98                             1E51     1E51        1         0
                text97                              7FC      7FC        4         0
                text96                             13E6     13E6       36         0
                text95                             131A     131A       31         0
                text94                             1E59     1E59        3         0
                text93                             1F91     1F91       11         0
                text92                             10A2     10A2       1A         0
                text91                              EAE      EAE      152         0
                text90                             1E52     1E52        1         0
                text89                             1001     1001        6         0
                text88                             1F48     1F48        D         0
                text86                             1E80     1E80        9         0
                text85                             1E89     1E89        9         0
                text84                             1E92     1E92        9         0
                text83                             105B     105B       17         0
                text82                             1E9B     1E9B        9         0
                text81                             13B1     13B1       35         0
                text80                              B25      B25       D2         0
                text79                             1FA2     1FA2       11         0
                text78                             116D     116D       20         0
                text77                             14D8     14D8       4E         0
                text76                              DC0      DC0       EE         0
                text75                             1EA4     1EA4        9         0
                text74                             1E70     1E70        8         0
                text73                              2D1      2D1      198         0
                text72                             1FD8     1FD8       14         0
                text71                             1F63     1F63        F         0
                text70                             1E5C     1E5C        3         0
                text69                             128E     128E       2D         0
                text68                             1E66     1E66        5         0
                text67                             15CB     15CB       55         0
                text66                             11AD     11AD       23         0
                text65                             1264     1264       2A         0
                text64                             10D8     10D8       1D         0
                text63                              871      871       99         0
                text62                             1F72     1F72        F         0
                text61                             1F81     1F81       10         0
                text60                             1FB3     1FB3       12         0
                text59                             11D0     11D0       24         0
                text58                             141C     141C       37         0
                text57                             1218     1218       26         0
                text56                             108A     108A       18         0
                text55                             1578     1578       53         0
                text54                             12EA     12EA       30         0
                text53                              90A      90A       A9         0
                text52                             12BB     12BB       2F         0
                text51                             101B     101B       15         0
                text50                             1EAD     1EAD        9         0
                text49                             10F5     10F5       1E         0
                text48                             1113     1113       1E         0
                text47                             1131     1131       1E         0
                text46                             114F     114F       1E         0
                text45                              469      469      17A         0
                text44                             118D     118D       20         0
                text43                               A5       A5      22C         0
                text42                              80B      80B       66         0
                text41                             176A     176A       96         0
                text40                              5E3      5E3      157         0
                text39                             1526     1526       52         0
                text38                             1492     1492       46         0
                text37                             16F6     16F6       74         0
                text36                             1045     1045       16         0
                text35                             1683     1683       73         0
                text34                             1F17     1F17        C         0
                text33                              9B3      9B3       B7         0
                text32                             1E53     1E53        1         0
                text31                              CD5      CD5       EB         0
                text30                              BF7      BF7       DE         0
                text29                             1EB6     1EB6        9         0
                text28                              73A      73A       C2         0
                text27                             1FC5     1FC5       13         0
                text26                             1E78     1E78        8         0
                text25                             1E54     1E54        1         0
                text24                             1E55     1E55        1         0
                text23                             1000     1000        1         0
                text22                             1620     1620       63         0
                text21                                2        2        2         0
                text20                             1E5F     1E5F        3         0
                text19                              A6A      A6A       BB         0
                text18                             123E     123E       26         0
                text17                             1EBF     1EBF        9         0
                text16                             1EC8     1EC8        9         0
                text15                             1ED1     1ED1        9         0
                text14                             134B     134B       33         0
                text13                             10BC     10BC       1C         0
                text12                             1EDA     1EDA        9         0
                text11                             137E     137E       33         0
                text10                             1EEC     1EEC        A         0
                text9                              1EF6     1EF6        B         0
                text8                              1F01     1F01        B         0
                text7                              1F0C     1F0C        B         0
                text6                               800      800        B         0
                text5                              1FEC     1FEC       14         0
                text4                              1F55     1F55        E         0
                text3                              11F4     11F4       24         0
                text2                              1030     1030       15         0
                text1                              1007     1007       14         0
                maintext                           1453     1453       3F         0
                clrtext                            1F23     1F23        C         0
                inittext                           1F2F     1F2F        C         0
                idataBANK2                         1E6B     1E6B        5         0
                idataBANK1                         1EE3     1EE3        9         0

        CLASS   STRCODE        
                stringtext21                       2082     2082        3         0
                stringtext20                       207E     207E        4         0
                stringtext19                       2079     2079        5         0
                stringtext18                       2073     2073        6         0
                stringtext17                       206D     206D        6         0
                stringtext16                       2067     2067        6         0
                stringtext15                       2061     2061        6         0
                stringtext14                       205B     205B        6         0
                stringtext13                       2055     2055        6         0
                stringtext12                       204F     204F        6         0
                stringtext11                       2049     2049        6         0
                stringtext10                       2043     2043        6         0
                stringtext9                        203C     203C        7         0
                stringtext8                        2035     2035        7         0
                stringtext7                        202D     202D        8         0
                stringtext6                        2025     2025        8         0
                stringtext5                        201C     201C        9         0
                stringtext4                        2013     2013        9         0
                stringtext3                        200A     200A        9         0
                stringtext2                        2000     2000        A         0
                stringtext1                        1800     1800       60         0

        CLASS   STRING         

        CLASS   CONST          

        CLASS   ENTRY          

        CLASS   COMMON         
                cstackCOMMON                         77       77        7         1
                bssCOMMON                            70       70        7         1

        CLASS   BANK0          
                cstackBANK0                          20       20       50         1

        CLASS   BANK1          
                cstackBANK1                          C9       C9       1E         1
                dataBANK1                            E7       E7        9         1
                bssBANK1                             A0       A0       29         1

        CLASS   BANK2          
                dataBANK2                           167      167        5         1
                bssBANK2                            120      120       47         1
                nvBANK2                             16C      16C        4         1

        CLASS   BANK3          
                bssBANK3                            1A0      1A0       4E         1
                nvBANK3                             1EE      1EE        2         1

        CLASS   BANK4          
                bssBANK4                            220      220       44         1
                nvBANK4                             264      264        6         1

        CLASS   BANK5          
                bssBANK5                            2A0      2A0       3E         1

        CLASS   BANK6          
                bssBANK6                            320      320       20         1

        CLASS   BANK7          

        CLASS   BANK8          

        CLASS   BANK9          

        CLASS   BANK10         

        CLASS   BANK11         

        CLASS   BANK12         

        CLASS   BANK13         

        CLASS   BANK14         

        CLASS   BANK15         

        CLASS   BANK16         

        CLASS   BANK17         

        CLASS   BANK18         

        CLASS   BANK19         

        CLASS   BANK20         

        CLASS   BANK21         

        CLASS   BANK22         

        CLASS   BANK23         

        CLASS   BANK24         

        CLASS   BANK25         

        CLASS   BIGRAM         

        CLASS   RAM            

        CLASS   ABS1           
                abs_s1                               7E       7E        2         1
                abs_s1                              64E      64E       22         1
                abs_s1                              6A0      6A0       50         1
                abs_s1                              720      720       50         1
                abs_s1                              7A0      7A0       50         1
                abs_s1                              820      820       50         1
                abs_s1                              8A0      8A0       50         1
                abs_s1                              920      920       50         1
                abs_s1                              9A0      9A0       50         1
                abs_s1                              A20      A20       50         1
                abs_s1                              AA0      AA0       50         1
                abs_s1                              B20      B20       50         1
                abs_s1                              BA0      BA0       50         1
                abs_s1                              C20      C20       50         1
                abs_s1                              CA0      CA0       20         1
                abs_s1                             23EE     23EE        0         1

        CLASS   SFR0           

        CLASS   SFR1           

        CLASS   SFR2           

        CLASS   SFR3           

        CLASS   SFR4           

        CLASS   SFR5           

        CLASS   SFR6           

        CLASS   SFR7           

        CLASS   SFR8           

        CLASS   SFR9           

        CLASS   SFR10          

        CLASS   SFR11          

        CLASS   SFR12          

        CLASS   SFR13          

        CLASS   SFR14          

        CLASS   SFR15          

        CLASS   SFR16          

        CLASS   SFR17          

        CLASS   SFR18          

        CLASS   SFR19          

        CLASS   SFR20          

        CLASS   SFR21          

        CLASS   SFR22          

        CLASS   SFR23          

        CLASS   SFR24          

        CLASS   SFR25          

        CLASS   SFR26          

        CLASS   SFR27          

        CLASS   SFR28          

        CLASS   SFR29          

        CLASS   SFR30          

        CLASS   SFR31          

        CLASS   SFR32          

        CLASS   SFR33          

        CLASS   SFR34          

        CLASS   SFR35          

        CLASS   SFR36          

        CLASS   SFR37          

        CLASS   SFR38          

        CLASS   SFR39          

        CLASS   SFR40          

        CLASS   SFR41          

        CLASS   SFR42          

        CLASS   SFR43          

        CLASS   SFR44          

        CLASS   SFR45          

        CLASS   SFR46          

        CLASS   SFR47          

        CLASS   SFR48          

        CLASS   SFR49          

        CLASS   SFR50          

        CLASS   SFR51          

        CLASS   SFR52          

        CLASS   SFR53          

        CLASS   SFR54          

        CLASS   SFR55          

        CLASS   SFR56          

        CLASS   SFR57          

        CLASS   SFR58          

        CLASS   SFR59          

        CLASS   SFR60          

        CLASS   SFR61          

        CLASS   SFR62          

        CLASS   SFR63          

        CLASS   CONFIG         
                config                             8007     8007        5         0

        CLASS   IDLOC          

        CLASS   EEDATA         

        CLASS   BANK63         

        CLASS   BANK62         

        CLASS   BANK61         

        CLASS   BANK60         

        CLASS   BANK59         

        CLASS   BANK58         

        CLASS   BANK57         

        CLASS   BANK56         

        CLASS   BANK55         

        CLASS   BANK54         

        CLASS   BANK53         

        CLASS   BANK52         

        CLASS   BANK51         

        CLASS   BANK50         

        CLASS   BANK49         

        CLASS   BANK48         

        CLASS   BANK47         

        CLASS   BANK46         

        CLASS   BANK45         

        CLASS   BANK44         

        CLASS   BANK43         

        CLASS   BANK42         

        CLASS   BANK41         

        CLASS   BANK40         

        CLASS   BANK39         

        CLASS   BANK38         

        CLASS   BANK37         

        CLASS   BANK36         

        CLASS   BANK35         

        CLASS   BANK34         

        CLASS   BANK33         

        CLASS   BANK32         

        CLASS   BANK31         

        CLASS   BANK30         

        CLASS   BANK29         

        CLASS   BANK28         

        CLASS   BANK27         

        CLASS   BANK26         



SEGMENTS        Name                           Load    Length   Top    Selector   Space  Class     Delta

                reset_vec                      000000  000004  000004         0       0  CODE        2
                intentry                       000004  0007FC  000800         8       0  CODE        2
                cstackBANK0                    000020  000050  000070        20       1  BANK0       1
                bssCOMMON                      000070  00000E  00007E        70       1  COMMON      1
                bssBANK1                       0000A0  000050  0000F0        A0       1  BANK1       1
                bssBANK2                       000120  000050  000170       120       1  BANK2       1
                bssBANK3                       0001A0  000050  0001F0       1A0       1  BANK3       1
                bssBANK4                       000220  00004A  00026A       220       1  BANK4       1
                bssBANK5                       0002A0  00003E  0002DE       2A0       1  BANK5       1
                bssBANK6                       000320  000020  000340       320       1  BANK6       1
                text6                          000800  00000B  00080B      1000       0  CODE        2
                text42                         00080B  000066  000871      1016       0  CODE        2
                text63                         000871  000099  00090A      10E2       0  CODE        2
                text53                         00090A  0000A9  0009B3      1214       0  CODE        2
                text33                         0009B3  0000B7  000A6A      1366       0  CODE        2
                text19                         000A6A  0000BB  000B25      14D4       0  CODE        2
                text80                         000B25  0000D2  000BF7      164A       0  CODE        2
                text30                         000BF7  0000DE  000CD5      17EE       0  CODE        2
                text31                         000CD5  0000EB  000DC0      19AA       0  CODE        2
                text76                         000DC0  0000EE  000EAE      1B80       0  CODE        2
                text91                         000EAE  000153  001001      1D5C       0  CODE        2
                text89                         001001  000006  001007      2002       0  CODE        2
                text1                          001007  000014  00101B      200E       0  CODE        2
                text51                         00101B  000015  001030      2036       0  CODE        2
                text2                          001030  000015  001045      2060       0  CODE        2
                text36                         001045  000016  00105B      208A       0  CODE        2
                text83                         00105B  000017  001072      20B6       0  CODE        2
                text100                        001072  000018  00108A      20E4       0  CODE        2
                text56                         00108A  000018  0010A2      2114       0  CODE        2
                text92                         0010A2  00001A  0010BC      2144       0  CODE        2
                text13                         0010BC  00001C  0010D8      2178       0  CODE        2
                text64                         0010D8  00001D  0010F5      21B0       0  CODE        2
                text49                         0010F5  00001E  001113      21EA       0  CODE        2
                text48                         001113  00001E  001131      2226       0  CODE        2
                text47                         001131  00001E  00114F      2262       0  CODE        2
                text46                         00114F  00001E  00116D      229E       0  CODE        2
                text78                         00116D  000020  00118D      22DA       0  CODE        2
                text44                         00118D  000020  0011AD      231A       0  CODE        2
                text66                         0011AD  000023  0011D0      235A       0  CODE        2
                text59                         0011D0  000024  0011F4      23A0       0  CODE        2
                text3                          0011F4  000024  001218      23E8       0  CODE        2
                text57                         001218  000026  00123E      2430       0  CODE        2
                text18                         00123E  000026  001264      247C       0  CODE        2
                text65                         001264  00002A  00128E      24C8       0  CODE        2
                text69                         00128E  00002D  0012BB      251C       0  CODE        2
                text52                         0012BB  00002F  0012EA      2576       0  CODE        2
                text54                         0012EA  000030  00131A      25D4       0  CODE        2
                text95                         00131A  000031  00134B      2634       0  CODE        2
                text14                         00134B  000033  00137E      2696       0  CODE        2
                text11                         00137E  000033  0013B1      26FC       0  CODE        2
                text81                         0013B1  000035  0013E6      2762       0  CODE        2
                text96                         0013E6  000036  00141C      27CC       0  CODE        2
                text58                         00141C  000037  001453      2838       0  CODE        2
                maintext                       001453  00003F  001492      28A6       0  CODE        2
                text38                         001492  000046  0014D8      2924       0  CODE        2
                text77                         0014D8  00004E  001526      29B0       0  CODE        2
                text39                         001526  000052  001578      2A4C       0  CODE        2
                text55                         001578  000053  0015CB      2AF0       0  CODE        2
                text67                         0015CB  000055  001620      2B96       0  CODE        2
                text22                         001620  000063  001683      2C40       0  CODE        2
                text35                         001683  000073  0016F6      2D06       0  CODE        2
                text37                         0016F6  000074  00176A      2DEC       0  CODE        2
                text41                         00176A  000096  001800      2ED4       0  CODE        2
                stringtext1                    001800  000060  001860      3000       0  STRCODE     2
                text102                        001E50  000001  001E51      3CA0       0  CODE        2
                text98                         001E51  000001  001E52      3CA2       0  CODE        2
                text90                         001E52  000001  001E53      3CA4       0  CODE        2
                text32                         001E53  000001  001E54      3CA6       0  CODE        2
                text25                         001E54  000001  001E55      3CA8       0  CODE        2
                text24                         001E55  000001  001E56      3CAA       0  CODE        2
                text99                         001E56  000003  001E59      3CAC       0  CODE        2
                text94                         001E59  000003  001E5C      3CB2       0  CODE        2
                text70                         001E5C  000003  001E5F      3CB8       0  CODE        2
                text20                         001E5F  000003  001E62      3CBE       0  CODE        2
                text103                        001E62  000004  001E66      3CC4       0  CODE        2
                text68                         001E66  000005  001E6B      3CCC       0  CODE        2
                idataBANK2                     001E6B  000005  001E70      3CD6       0  CODE        2
                text74                         001E70  000008  001E78      3CE0       0  CODE        2
                text26                         001E78  000008  001E80      3CF0       0  CODE        2
                text86                         001E80  000009  001E89      3D00       0  CODE        2
                text85                         001E89  000009  001E92      3D12       0  CODE        2
                text84                         001E92  000009  001E9B      3D24       0  CODE        2
                text82                         001E9B  000009  001EA4      3D36       0  CODE        2
                text75                         001EA4  000009  001EAD      3D48       0  CODE        2
                text50                         001EAD  000009  001EB6      3D5A       0  CODE        2
                text29                         001EB6  000009  001EBF      3D6C       0  CODE        2
                text17                         001EBF  000009  001EC8      3D7E       0  CODE        2
                text16                         001EC8  000009  001ED1      3D90       0  CODE        2
                text15                         001ED1  000009  001EDA      3DA2       0  CODE        2
                text12                         001EDA  000009  001EE3      3DB4       0  CODE        2
                idataBANK1                     001EE3  000009  001EEC      3DC6       0  CODE        2
                text10                         001EEC  00000A  001EF6      3DD8       0  CODE        2
                text9                          001EF6  00000B  001F01      3DEC       0  CODE        2
                text8                          001F01  00000B  001F0C      3E02       0  CODE        2
                text7                          001F0C  00000B  001F17      3E18       0  CODE        2
                text34                         001F17  00000C  001F23      3E2E       0  CODE        2
                clrtext                        001F23  00000C  001F2F      3E46       0  CODE        2
                inittext                       001F2F  00000C  001F3B      3E5E       0  CODE        2
                text101                        001F3B  00000D  001F48      3E76       0  CODE        2
                text88                         001F48  00000D  001F55      3E90       0  CODE        2
                text4                          001F55  00000E  001F63      3EAA       0  CODE        2
                text71                         001F63  00000F  001F72      3EC6       0  CODE        2
                text62                         001F72  00000F  001F81      3EE4       0  CODE        2
                text61                         001F81  000010  001F91      3F02       0  CODE        2
                text93                         001F91  000011  001FA2      3F22       0  CODE        2
                text79                         001FA2  000011  001FB3      3F44       0  CODE        2
                text60                         001FB3  000012  001FC5      3F66       0  CODE        2
                text27                         001FC5  000013  001FD8      3F8A       0  CODE        2
                text72                         001FD8  000014  001FEC      3FB0       0  CODE        2
                text5                          001FEC  000014  002000      3FD8       0  CODE        2
                stringtext2                    002000  000085  002085      4000       0  STRCODE     2
                config                         008007  000005  00800C     1000E       0  CONFIG      2


UNUSED ADDRESS RANGES

        Name                Unused          Largest block    Delta
        BANK10           00520-0056F              50           1
        BANK11           005A0-005EF              50           1
        BANK12           00620-0064D              2E           1
        BANK4            0026A-0026F               6           1
        BANK5            002DE-002EF              12           1
        BANK6            00340-0036F              30           1
        BANK7            003A0-003EF              50           1
        BANK8            00420-0046F              50           1
        BANK9            004A0-004EF              50           1
        BIGRAM           02000-027EF             7F0           1
        CODE             01860-01E4F             5F0           2
                         02085-03FFF             800
        CONST            01860-01E4F             100           2
                         02085-03FFF             100
        EEDATA           0F000-0F0FF             100           2
        ENTRY            01860-01E4F             100           2
                         02085-03FFF             100
        IDLOC            08000-08003               4           2
        RAM              0026A-0026F               6           1
                         002DE-002EF              12
                         00340-0036F              30
                         003A0-003EF              50
                         00420-0046F              50
                         004A0-004EF              50
                         00520-0056F              50
                         005A0-005EF              50
                         00620-0064D              2E
        SFR0             00000-0001F              20           1
        SFR1             00080-0009F              20           1
        SFR10            00500-0051F              20           1
        SFR11            00580-0059F              20           1
        SFR12            00600-0061F              20           1
        SFR13            00680-0069F              20           1
        SFR14            00700-0071F              20           1
        SFR15            00780-0079F              20           1
        SFR16            00800-0081F              20           1
        SFR17            00880-0089F              20           1
        SFR18            00900-0091F              20           1
        SFR19            00980-0099F              20           1
        SFR2             00100-0011F              20           1
        SFR20            00A00-00A1F              20           1
        SFR21            00A80-00A9F              20           1
        SFR22            00B00-00B1F              20           1
        SFR23            00B80-00B9F              20           1
        SFR24            00C00-00C1F              20           1
        SFR25            00C80-00C9F              20           1
        SFR26            00D00-00D6F              70           1
        SFR27            00D80-00DEF              70           1
        SFR28            00E00-00E6F              70           1
        SFR29            00E80-00EEF              70           1
        SFR3             00180-0019F              20           1
        SFR30            00F00-00F6F              70           1
        SFR31            00F80-00FEF              70           1
        SFR32            01000-0106F              70           1
        SFR33            01080-010EF              70           1
        SFR34            01100-0116F              70           1
        SFR35            01180-011EF              70           1
        SFR36            01200-0126F              70           1
        SFR37            01280-012EF              70           1
        SFR38            01300-0136F              70           1
        SFR39            01380-013EF              70           1
        SFR4             00200-0021F              20           1
        SFR40            01400-0146F              70           1
        SFR41            01480-014EF              70           1
        SFR42            01500-0156F              70           1
        SFR43            01580-015EF              70           1
        SFR44            01600-0166F              70           1
        SFR45            01680-016EF              70           1
        SFR46            01700-0176F              70           1
        SFR47            01780-017EF              70           1
        SFR48            01800-0186F              70           1
        SFR49            01880-018EF              70           1
        SFR5             00280-0029F              20           1
        SFR50            01900-0196F              70           1
        SFR51            01980-019EF              70           1
        SFR52            01A00-01A6F              70           1
        SFR53            01A80-01AEF              70           1
        SFR54            01B00-01B6F              70           1
        SFR55            01B80-01BEF              70           1
        SFR56            01C00-01C6F              70           1
        SFR57            01C80-01CEF              70           1
        SFR58            01D00-01D6F              70           1
        SFR59            01D80-01DEF              70           1
        SFR6             00300-0031F              20           1
        SFR60            01E00-01E6F              70           1
        SFR61            01E80-01EEF              70           1
        SFR62            01F00-01F6F              70           1
        SFR63            01F80-01FEF              70           1
        SFR7             00380-0039F              20           1
        SFR8             00400-0041F              20           1
        SFR9             00480-0049F              20           1
        STACK            02200-023ED             1EE           1
        STRCODE          01860-01E4F             5F0           2
                         02085-03FFF            1F7B
        STRING           01860-01E4F             100           2
                         02085-03FFF             100

                                  Symbol Table

?_CLOCK_getTime                                 cstackBANK0  00020
?__Umul8_16                                     cstackBANK0  00020
?___awdiv                                       cstackBANK0  00020
?___awmod                                       cstackBANK0  00029
?___fldiv                                       cstackBANK0  0002E
?___flmul                                       cstackBANK0  00048
?___fltol                                       cstackBANK0  00062
?___lwdiv                                       cstackBANK0  00020
?___lwmod                                       cstackBANK0  00028
?___xxtofl                                      cstackBANK0  00020
?_beatBrightnessCalculation                     cstackBANK0  0002E
?_beatColorCreator                              cstackBANK1  000C9
?_ctoa                                          cstackBANK0  00054
?_pad                                           cstackBANK0  0004B
?_printf                                        cstackBANK1  000C9
?_strlen                                        cstackBANK0  00020
?_vfpfcnvrt                                     cstackBANK0  0005A
?_vfprintf                                      cstackBANK0  00063
ADCC_SetADTIInterruptHandler@InterruptHandler   cstackBANK0  00020
ADCC_SetUpperThreshold@upperThreshold           cstackBANK0  00020
ADCC_StartConversion@channel                    cstackBANK0  00020
BEAT_task@offset                                cstackBANK0  0002A
BUTTONS_isClicked@button                        cstackBANK0  00020
BUTTONS_isHeld@button                           cstackBANK0  00020
BUTTONS_task@btn                                cstackBANK0  00028
BUTTONS_task@i                                  cstackBANK0  00025
BUTTONS_task@time                               cstackBANK0  00026
DMX_interrupt@dummy                             cstackCOMMON 0007D
EUSART1_SetErrorHandler@interruptHandler        cstackBANK0  00020
EUSART1_SetFramingErrorHandler@interruptHandler cstackBANK0  00020
EUSART1_SetOverrunErrorHandler@interruptHandler cstackBANK0  00020
EUSART1_SetRxInterruptHandler@interruptHandler  cstackBANK0  00020
I2C1_ISR@i2c_10bit_address_restart              bssBANK1     000C2
I2C1_ISR@i2c_address                            bssCOMMON    00075
I2C1_ISR@i2c_bytes_left                         bssBANK1     000C3
I2C1_ISR@pi2c_buf_ptr                           bssBANK1     000C4
I2C1_MasterRead@trBlock                         bssBANK3     001E6
I2C1_MasterTRBInsert@count                      cstackBANK0  00023
I2C1_MasterTRBInsert@pflag                      cstackBANK0  00021
I2C1_MasterTRBInsert@ptrb_list                  cstackBANK0  00020
I2C1_MasterWrite@address                        cstackBANK0  00028
I2C1_MasterWrite@length                         cstackBANK0  00027
I2C1_MasterWrite@pdata                          cstackBANK0  0002D
I2C1_MasterWrite@pflag                          cstackBANK0  0002A
I2C1_MasterWrite@trBlock                        bssBANK3     001EA
I2C1_MasterWriteTRBBuild@address                cstackBANK0  00022
I2C1_MasterWriteTRBBuild@length                 cstackBANK0  00021
I2C1_MasterWriteTRBBuild@pdata                  cstackBANK0  00020
I2C1_MasterWriteTRBBuild@ptrb                   cstackBANK0  00026
I2C1_Stop@completion_code                       cstackCOMMON 00078
LED_setColor@input                              cstackBANK1  000D2
LED_task_BEAT_STROBE@beatState                  cstackBANK0  0006F
LED_task_DMX@dmx                                cstackBANK1  000DF
PWM1_LoadDutyValue@dutyValue                    cstackBANK0  0006D
PWM2_LoadDutyValue@dutyValue                    cstackBANK0  0006D
PWM3_LoadDutyValue@dutyValue                    cstackBANK0  0006D
PWM4_LoadDutyValue@dutyValue                    cstackBANK0  0006D
TM1650_enable@enable                            cstackBANK0  00036
TM1650_fastPrintNum@num                         cstackBANK0  00036
TM1650_fastPrintNum_2digit@num                  cstackBANK0  00039
TM1650_fastPrintNum_3digit@num                  cstackBANK0  00036
TM1650_setDigit@data                            cstackBANK0  00036
TM1650_setDigit@digit                           cstackBANK0  00038
TMR0_SetInterruptHandler@InterruptHandler       cstackBANK0  00020
_ADACCH                                         (abs)        00097
_ADACCL                                         (abs)        00096
_ADACCU                                         (abs)        00098
_ADACQH                                         (abs)        0010D
_ADACQL                                         (abs)        0010C
_ADACT                                          (abs)        00117
_ADCAP                                          (abs)        0010E
_ADCC_ADTI_InterruptHandler                     nvBANK2      0016C
_ADCC_DefaultInterruptHandler                   text102      01E50
_ADCC_Initialize                                text18       0123E
_ADCC_SetADTIInterruptHandler                   text86       01E80
_ADCC_SetUpperThreshold                         text85       01E89
_ADCC_StartConversion                           text84       01E92
_ADCC_ThresholdISR                              text101      01F3B
_ADCLK                                          (abs)        00118
_ADCNT                                          (abs)        00099
_ADCON0                                         (abs)        00111
_ADCON0bits                                     (abs)        00111
_ADCON1                                         (abs)        00112
_ADCON1bits                                     (abs)        00112
_ADCON2                                         (abs)        00113
_ADCON2bits                                     (abs)        00113
_ADCON3                                         (abs)        00114
_ADCON3bits                                     (abs)        00114
_ADERRH                                         (abs)        00091
_ADERRL                                         (abs)        00090
_ADFLTRH                                        (abs)        00095
_ADFLTRL                                        (abs)        00094
_ADLTHH                                         (abs)        0008D
_ADLTHL                                         (abs)        0008C
_ADPCH                                          (abs)        0009F
_ADPREH                                         (abs)        00110
_ADPREL                                         (abs)        0010F
_ADPREVH                                        (abs)        0009C
_ADPREVL                                        (abs)        0009B
_ADREF                                          (abs)        00116
_ADRESH                                         (abs)        0009E
_ADRESL                                         (abs)        0009D
_ADRPT                                          (abs)        0009A
_ADSTAT                                         (abs)        00115
_ADSTATbits                                     (abs)        00115
_ADSTPTH                                        (abs)        00093
_ADSTPTL                                        (abs)        00092
_ADUTHH                                         (abs)        0008F
_ADUTHL                                         (abs)        0008E
_ANSELA                                         (abs)        01F38
_ANSELAbits                                     (abs)        01F38
_ANSELB                                         (abs)        01F43
_ANSELC                                         (abs)        01F4E
_ANSELCbits                                     (abs)        01F4E
_BAUD1CON                                       (abs)        0011F
_BEAT_detected                                  text50       01EAD
_BEAT_init                                      text83       0105B
_BEAT_task                                      text80       00B25
_BUTTONS_init                                   text77       014D8
_BUTTONS_isClicked                              text72       01FD8
_BUTTONS_isHeld                                 text71       01F63
_BUTTONS_task                                   text76       00DC0
_CCP1CON                                        (abs)        0030E
_CCP1CONbits                                    (abs)        0030E
_CCP2CON                                        (abs)        00312
_CCP2CONbits                                    (abs)        00312
_CCP3CON                                        (abs)        00316
_CCP3CONbits                                    (abs)        00316
_CCP4CON                                        (abs)        0031A
_CCP4CONbits                                    (abs)        0031A
_CCPR1H                                         (abs)        0030D
_CCPR1L                                         (abs)        0030C
_CCPR2H                                         (abs)        00311
_CCPR2L                                         (abs)        00310
_CCPR3H                                         (abs)        00315
_CCPR3L                                         (abs)        00314
_CCPR4H                                         (abs)        00319
_CCPR4L                                         (abs)        00318
_CCPTMRS0bits                                   (abs)        0021E
_CLOCK_getTime                                  text82       01E9B
_CLOCK_init                                     text74       01E70
_CLOCK_timerCallback                            text89       01001
_CONTROLLER_init                                text73       002D1
_CONTROLLER_task                                text30       00BF7
_CONTROL_DMX                                    text33       009B3
_DMX_getAddress                                 text70       01E5C
_DMX_init                                       text27       01FC5
_DMX_interrupt                                  text95       0131A
_EUSART1_DefaultErrorHandler                    text99       01E56
_EUSART1_DefaultFramingErrorHandler             text98       01E51
_EUSART1_DefaultOverrunErrorHandler             text97       007FC
_EUSART1_ErrorHandler                           nvBANK4      00264
_EUSART1_FramingErrorHandler                    nvBANK4      00268
_EUSART1_Initialize                             text14       0134B
_EUSART1_OverrunErrorHandler                    nvBANK4      00266
_EUSART1_Receive_ISR                            text96       013E6
_EUSART1_RxDataHandler                          text100      01072
_EUSART1_RxDefaultInterruptHandler              nvBANK3      001EE
_EUSART1_SetErrorHandler                        text17       01EBF
_EUSART1_SetFramingErrorHandler                 text16       01EC8
_EUSART1_SetOverrunErrorHandler                 text15       01ED1
_EUSART1_SetRxInterruptHandler                  text29       01EB6
_GPIO_init                                      text79       01FA2
_I2C1_BusCollisionISR                           text94       01E59
_I2C1_FunctionComplete                          text93       01F91
_I2C1_ISR                                       text91       00EAE
_I2C1_Initialize                                text13       010BC
_I2C1_MasterTRBInsert                           text67       015CB
_I2C1_MasterWrite                               text65       01264
_I2C1_MasterWriteTRBBuild                       text66       011AD
_I2C1_Stop                                      text92       010A2
_I2C1_WaitForLastPacketToComplete               text68       01E66
_INTCONbits                                     (abs)        0000B
_INTERRUPT_InterruptManager                     intentry     00004
_LATA                                           (abs)        00018
_LATB                                           (abs)        00019
_LATC                                           (abs)        0001A
_LATC5                                          (abs)        000D5
_LED_init                                       text26       01E78
_LED_setColor                                   text40       005E3
_LED_task                                       text19       00A6A
_LED_task_ANIMATION                             text32       01E53
_LED_task_BEAT_CONTINUOUS                       text25       01E54
_LED_task_BEAT_FADE                             text24       01E55
_LED_task_BEAT_MIXED                            text23       01000
_LED_task_BEAT_STROBE                           text31       00CD5
_LED_task_DMX                                   text22       01620
_LED_task_MANUAL                                text34       01F17
_ODCONA                                         (abs)        01F3A
_ODCONB                                         (abs)        01F45
_ODCONC                                         (abs)        01F50
_OSCCON1                                        (abs)        0088D
_OSCCON3                                        (abs)        0088F
_OSCEN                                          (abs)        00891
_OSCFRQ                                         (abs)        00893
_OSCILLATOR_Initialize                          text12       01EDA
_OSCTUNE                                        (abs)        00892
_PIE0bits                                       (abs)        00716
_PIE1bits                                       (abs)        00717
_PIE3bits                                       (abs)        00719
_PIN_MANAGER_Initialize                         text11       0137E
_PIR0bits                                       (abs)        0070C
_PIR1bits                                       (abs)        0070D
_PIR3bits                                       (abs)        0070F
_PIR4bits                                       (abs)        00710
_PMD0                                           (abs)        00796
_PMD1                                           (abs)        00797
_PMD2                                           (abs)        00798
_PMD3                                           (abs)        00799
_PMD4                                           (abs)        0079A
_PMD5                                           (abs)        0079B
_PMD6                                           (abs)        0079C
_PMD7                                           (abs)        0079D
_PMD_Initialize                                 text10       01EEC
_PORTA                                          (abs)        0000C
_PORTC                                          (abs)        0000E
_PR2                                            (abs)        0028D
_PWM1_Initialize                                text9        01EF6
_PWM1_LoadDutyValue                             text49       010F5
_PWM2_Initialize                                text8        01F01
_PWM2_LoadDutyValue                             text48       01113
_PWM3_Initialize                                text7        01F0C
_PWM3_LoadDutyValue                             text47       01131
_PWM4_Initialize                                text6        00800
_PWM4_LoadDutyValue                             text46       0114F
_RA4PPS                                         (abs)        01F14
_RA5PPS                                         (abs)        01F15
_RC1REG                                         (abs)        00119
_RC1STA                                         (abs)        0011D
_RC1STAbits                                     (abs)        0011D
_RC3PPS                                         (abs)        01F23
_RC4PPS                                         (abs)        01F24
_RC6PPS                                         (abs)        01F26
_RC7PPS                                         (abs)        01F27
_RX1DTPPS                                       (abs)        01ECB
_SLRCONA                                        (abs)        01F3B
_SLRCONB                                        (abs)        01F46
_SLRCONC                                        (abs)        01F51
_SP1BRGH                                        (abs)        0011C
_SP1BRGL                                        (abs)        0011B
_SSP1ADD                                        (abs)        0018D
_SSP1BUF                                        (abs)        0018C
_SSP1CLKPPS                                     (abs)        01EC5
_SSP1CON1                                       (abs)        00190
_SSP1CON1bits                                   (abs)        00190
_SSP1CON2bits                                   (abs)        00191
_SSP1CON3                                       (abs)        00192
_SSP1DATPPS                                     (abs)        01EC6
_SSP1STAT                                       (abs)        0018F
_SYSTEM_Initialize                              text3        011F4
_T0CON0                                         (abs)        0059E
_T0CON0bits                                     (abs)        0059E
_T0CON1                                         (abs)        0059F
_T2CLKCON                                       (abs)        00290
_T2CON                                          (abs)        0028E
_T2CONbits                                      (abs)        0028E
_T2HLT                                          (abs)        0028F
_T2HLTbits                                      (abs)        0028F
_T2PR                                           (abs)        0028D
_T2RST                                          (abs)        00291
_T2RSTbits                                      (abs)        00291
_T2TMR                                          (abs)        0028C
_TM1650_enable                                  text2        01030
_TM1650_fastPrintNum                            text28       0073A
_TM1650_fastPrintNum_2digit                     text37       016F6
_TM1650_fastPrintNum_3digit                     text63       00871
_TM1650_init                                    text1        01007
_TM1650_setDigit                                text60       01FB3
_TMR0H                                          (abs)        0059D
_TMR0L                                          (abs)        0059C
_TMR0_DefaultInterruptHandler                   text90       01E52
_TMR0_ISR                                       text88       01F48
_TMR0_Initialize                                text5        01FEC
_TMR0_InterruptHandler                          nvBANK2      0016E
_TMR0_SetInterruptHandler                       text75       01EA4
_TMR2                                           (abs)        0028C
_TMR2_Initialize                                text4        01F55
_TRISA                                          (abs)        00012
_TRISAbits                                      (abs)        00012
_TRISB                                          (abs)        00013
_TRISC                                          (abs)        00014
_TRISCbits                                      (abs)        00014
_TX1REG                                         (abs)        0011A
_TX1STA                                         (abs)        0011E
_TX1STAbits                                     (abs)        0011E
_WPUA                                           (abs)        01F39
_WPUAbits                                       (abs)        01F39
_WPUB                                           (abs)        01F44
_WPUC                                           (abs)        01F4F
_WPUCbits                                       (abs)        01F4F
__CFG_BBEN$OFF                                  (abs)        00000
__CFG_BBSIZE$BB512                              (abs)        00000
__CFG_BOREN$ON                                  (abs)        00000
__CFG_BORV$LO                                   (abs)        00000
__CFG_CLKOUTEN$OFF                              (abs)        00000
__CFG_CP$OFF                                    (abs)        00000
__CFG_CSWEN$ON                                  (abs)        00000
__CFG_FCMEN$ON                                  (abs)        00000
__CFG_FEXTOSC$OFF                               (abs)        00000
__CFG_LPBOREN$OFF                               (abs)        00000
__CFG_LVP$ON                                    (abs)        00000
__CFG_MCLRE$ON                                  (abs)        00000
__CFG_PPS1WAY$ON                                (abs)        00000
__CFG_PWRTS$OFF                                 (abs)        00000
__CFG_RSTOSC$HFINT1                             (abs)        00000
__CFG_SAFEN$OFF                                 (abs)        00000
__CFG_STVREN$ON                                 (abs)        00000
__CFG_WDTCCS$SC                                 (abs)        00000
__CFG_WDTCPS$WDTCPS_31                          (abs)        00000
__CFG_WDTCWS$WDTCWS_7                           (abs)        00000
__CFG_WDTE$OFF                                  (abs)        00000
__CFG_WRTAPP$OFF                                (abs)        00000
__CFG_WRTB$OFF                                  (abs)        00000
__CFG_WRTC$OFF                                  (abs)        00000
__CFG_WRTD$OFF                                  (abs)        00000
__CFG_WRTSAF$OFF                                (abs)        00000
__CFG_ZCDDIS$OFF                                (abs)        00000
__Habs1                                         abs1         00000
__Hbank0                                        bank0        00000
__Hbank1                                        bank1        00000
__Hbank10                                       bank10       00000
__Hbank11                                       bank11       00000
__Hbank12                                       bank12       00000
__Hbank13                                       bank13       00000
__Hbank14                                       bank14       00000
__Hbank15                                       bank15       00000
__Hbank16                                       bank16       00000
__Hbank17                                       bank17       00000
__Hbank18                                       bank18       00000
__Hbank19                                       bank19       00000
__Hbank2                                        bank2        00000
__Hbank20                                       bank20       00000
__Hbank21                                       bank21       00000
__Hbank22                                       bank22       00000
__Hbank23                                       bank23       00000
__Hbank24                                       bank24       00000
__Hbank25                                       bank25       00000
__Hbank26                                       bank26       00000
__Hbank27                                       bank27       00000
__Hbank28                                       bank28       00000
__Hbank29                                       bank29       00000
__Hbank3                                        bank3        00000
__Hbank30                                       bank30       00000
__Hbank31                                       bank31       00000
__Hbank32                                       bank32       00000
__Hbank33                                       bank33       00000
__Hbank34                                       bank34       00000
__Hbank35                                       bank35       00000
__Hbank36                                       bank36       00000
__Hbank37                                       bank37       00000
__Hbank38                                       bank38       00000
__Hbank39                                       bank39       00000
__Hbank4                                        bank4        00000
__Hbank40                                       bank40       00000
__Hbank41                                       bank41       00000
__Hbank42                                       bank42       00000
__Hbank43                                       bank43       00000
__Hbank44                                       bank44       00000
__Hbank45                                       bank45       00000
__Hbank46                                       bank46       00000
__Hbank47                                       bank47       00000
__Hbank48                                       bank48       00000
__Hbank49                                       bank49       00000
__Hbank5                                        bank5        00000
__Hbank50                                       bank50       00000
__Hbank51                                       bank51       00000
__Hbank52                                       bank52       00000
__Hbank53                                       bank53       00000
__Hbank54                                       bank54       00000
__Hbank55                                       bank55       00000
__Hbank56                                       bank56       00000
__Hbank57                                       bank57       00000
__Hbank58                                       bank58       00000
__Hbank59                                       bank59       00000
__Hbank6                                        bank6        00000
__Hbank60                                       bank60       00000
__Hbank61                                       bank61       00000
__Hbank62                                       bank62       00000
__Hbank63                                       bank63       00000
__Hbank7                                        bank7        00000
__Hbank8                                        bank8        00000
__Hbank9                                        bank9        00000
__Hbigram                                       bigram       00000
__HbssBANK1                                     bssBANK1     00000
__HbssBANK2                                     bssBANK2     00000
__HbssBANK3                                     bssBANK3     00000
__HbssBANK4                                     bssBANK4     00000
__HbssBANK5                                     bssBANK5     00000
__HbssBANK6                                     bssBANK6     00000
__HbssCOMMON                                    bssCOMMON    00000
__Hcinit                                        cinit        000A5
__Hclrtext                                      clrtext      00000
[...]
		line 205 in file "mcc_generated_files/eusart1.c"
 Parameters:    Size  Location     Type
		None
 Auto vars:     Size  Location     Type
		None
 Return value:  Size  Location     Type
                  1    wreg      void 
 Registers used:
		None
 Tracked objects:
		On entry : 
		On exit  : 
		Unchanged: 
 Data sizes:     COMMON   BANK0   BANK1   BANK2   BANK3   BANK4   BANK5   BANK6   BANK7   BANK8   BANK9  BANK10  BANK11  BANK12  BANK13  BANK14  BANK15  BANK16  BANK17  BANK18  BANK19  BANK20  BANK21  BANK22  BANK23  BANK24  BANK25
      Params:         0       0       0       0       0       0       0       0       0       0       0       0       0       0       0       0       0       0       0       0       0       0       0       0       0       0       0
      Locals:         0       0       0       0       0       0       0       0       0       0       0       0       0       0       0       0       0       0       0       0       0       0       0       0       0       0       0
      Temps:          0       0       0       0       0       0       0       0       0       0       0       0       0       0       0       0       0       0       0       0       0       0       0       0       0       0       0
      Totals:         0       0       0       0       0       0       0       0       0       0       0       0       0       0       0       0       0       0       0       0       0       0       0       0       0       0       0
Total ram usage:        0 bytes
 Hardware stack levels used:    1
 This function calls:
		Nothing
 This function is called by:
		_EUSART1_Initialize
		_EUSART1_Receive_ISR
 This function uses a non-reentrant model


 *************** function _EUSART1_DefaultErrorHandler *****************
 Defined at:
		line 215 in file "mcc_generated_files/eusart1.c"
 Parameters:    Size  Location     Type
		None
 Auto vars:     Size  Location     Type
		None
 Return value:  Size  Location     Type
                  1    wreg      void 
 Registers used:
		wreg, fsr1l, fsr1h, status,2, status,0, pclath, cstack
 Tracked objects:
		On entry : 
		On exit  : 
		Unchanged: 
 Data sizes:     COMMON   BANK0   BANK1   BANK2   BANK3   BANK4   BANK5   BANK6   BANK7   BANK8   BANK9  BANK10  BANK11  BANK12  BANK13  BANK14  BANK15  BANK16  BANK17  BANK18  BANK19  BANK20  BANK21  BANK22  BANK23  BANK24  BANK25
      Params:         0       0       0       0       0       0       0       0       0       0       0       0       0       0       0       0       0       0       0       0       0       0       0       0       0       0       0
      Locals:         0       0       0       0       0       0       0       0       0       0       0       0       0       0       0       0       0       0       0       0       0       0       0       0       0       0       0
      Temps:          0       0       0       0       0       0       0       0       0       0       0       0       0       0       0       0       0       0       0       0       0       0       0       0       0       0       0
      Totals:         0       0       0       0       0       0       0       0       0       0       0       0       0       0       0       0       0       0       0       0       0       0       0       0       0       0       0
Total ram usage:        0 bytes
 Hardware stack levels used:    1
 Hardware stack levels required when called:    1
 This function calls:
		_EUSART1_RxDataHandler
 This function is called by:
		_EUSART1_Initialize
		_EUSART1_Receive_ISR
 This function uses a non-reentrant model


 *************** function _EUSART1_RxDataHandler *****************
 Defined at:
		line 195 in file "mcc_generated_files/eusart1.c"
 Parameters:    Size  Location     Type
		None
 Auto vars:     Size  Location     Type
		None
 Return value:  Size  Location     Type
                  1    wreg      void 
 Registers used:
		wreg, fsr1l, fsr1h, status,2, status,0
 Tracked objects:
		On entry : 
		On exit  : 
		Unchanged: 
 Data sizes:     COMMON   BANK0   BANK1   BANK2   BANK3   BANK4   BANK5   BANK6   BANK7   BANK8   BANK9  BANK10  BANK11  BANK12  BANK13  BANK14  BANK15  BANK16  BANK17  BANK18  BANK19  BANK20  BANK21  BANK22  BANK23  BANK24  BANK25
      Params:         0       0       0       0       0       0       0       0       0       0       0       0       0       0       0       0       0       0       0       0       0       0       0       0       0       0       0
      Locals:         0       0       0       0       0       0       0       0       0       0       0       0       0       0       0       0       0       0       0       0       0       0       0       0       0       0       0
      Temps:          1       0       0       0       0       0       0       0       0       0       0       0       0       0       0       0       0       0       0       0       0       0       0       0       0       0       0
      Totals:         1       0       0       0       0       0       0       0       0       0       0       0       0       0       0       0       0       0       0       0       0       0       0       0       0       0       0
Total ram usage:        1 bytes
 Hardware stack levels used:    1
 This function calls:
		Nothing
 This function is called by:
		_EUSART1_Receive_ISR
		_EUSART1_DefaultErrorHandler
 This function uses a non-reentrant model


 *************** function _ADCC_ThresholdISR *****************
 Defined at:
		line 308 in file "mcc_generated_files/adcc.c"
 Parameters:    Size  Location     Type
		None
 Auto vars:     Size  Location     Type
		None
 Return value:  Size  Location     Type
                  1    wreg      void 
 Registers used:
		wreg, status,2, status,0, pclath, cstack
 Tracked objects:
		On entry : 
		On exit  : 
		Unchanged: 
 Data sizes:     COMMON   BANK0   BANK1   BANK2   BANK3   BANK4   BANK5   BANK6   BANK7   BANK8   BANK9  BANK10  BANK11  BANK12  BANK13  BANK14  BANK15  BANK16  BANK17  BANK18  BANK19  BANK20  BANK21  BANK22  BANK23  BANK24  BANK25
      Params:         0       0       0       0       0       0       0       0       0       0       0       0       0       0       0       0       0       0       0       0       0       0       0       0       0       0       0
      Locals:         0       0       0       0       0       0       0       0       0       0       0       0       0       0       0       0       0       0       0       0       0       0       0       0       0       0       0
      Temps:          0       0       0       0       0       0       0       0       0       0       0       0       0       0       0       0       0       0       0       0       0       0       0       0       0       0       0
      Totals:         0       0       0       0       0       0       0       0       0       0       0       0       0       0       0       0       0       0       0       0       0       0       0       0       0       0       0
Total ram usage:        0 bytes
 Hardware stack levels used:    1
 Hardware stack levels required when called:    1
 This function calls:
		Absolute function
		_ADCC_DefaultInterruptHandler
		_adcThresholdHandler
 This function is called by:
		_INTERRUPT_InterruptManager
 This function uses a non-reentrant model


 *************** function _ADCC_DefaultInterruptHandler *****************
 Defined at:
		line 320 in file "mcc_generated_files/adcc.c"
 Parameters:    Size  Location     Type
		None
 Auto vars:     Size  Location     Type
		None
 Return value:  Size  Location     Type
                  1    wreg      void 
 Registers used:
		None
 Tracked objects:
		On entry : 
		On exit  : 
		Unchanged: 
 Data sizes:     COMMON   BANK0   BANK1   BANK2   BANK3   BANK4   BANK5   BANK6   BANK7   BANK8   BANK9  BANK10  BANK11  BANK12  BANK13  BANK14  BANK15  BANK16  BANK17  BANK18  BANK19  BANK20  BANK21  BANK22  BANK23  BANK24  BANK25
      Params:         0       0       0       0       0       0       0       0       0       0       0       0       0       0       0       0       0       0       0       0       0       0       0       0       0       0       0
      Locals:         0       0       0       0       0       0       0       0       0       0       0       0       0       0       0       0       0       0       0       0       0       0       0       0       0       0       0
      Temps:          0       0       0       0       0       0       0       0       0       0       0       0       0       0       0       0       0       0       0       0       0       0       0       0       0       0       0
      Totals:         0       0       0       0       0       0       0       0       0       0       0       0       0       0       0       0       0       0       0       0       0       0       0       0       0       0       0
Total ram usage:        0 bytes
 Hardware stack levels used:    1
 This function calls:
		Nothing
 This function is called by:
		_ADCC_Initialize
		_ADCC_ThresholdISR
 This function uses a non-reentrant model


 *************** function _adcThresholdHandler *****************
 Defined at:
		line 35 in file "beat.c"
 Parameters:    Size  Location     Type
		None
 Auto vars:     Size  Location     Type
		None
 Return value:  Size  Location     Type
                  1    wreg      void 
 Registers used:
		None
 Tracked objects:
		On entry : 
		On exit  : 
		Unchanged: 
 Data sizes:     COMMON   BANK0   BANK1   BANK2   BANK3   BANK4   BANK5   BANK6   BANK7   BANK8   BANK9  BANK10  BANK11  BANK12  BANK13  BANK14  BANK15  BANK16  BANK17  BANK18  BANK19  BANK20  BANK21  BANK22  BANK23  BANK24  BANK25
      Params:         0       0       0       0       0       0       0       0       0       0       0       0       0       0       0       0       0       0       0       0       0       0       0       0       0       0       0
      Locals:         0       0       0       0       0       0       0       0       0       0       0       0       0       0       0       0       0       0       0       0       0       0       0       0       0       0       0
      Temps:          0       0       0       0       0       0       0       0       0       0       0       0       0       0       0       0       0       0       0       0       0       0       0       0       0       0       0
      Totals:         0       0       0       0       0       0       0       0       0       0       0       0       0       0       0       0       0       0       0       0       0       0       0       0       0       0       0
Total ram usage:        0 bytes
 Hardware stack levels used:    1
 This function calls:
		Nothing
 This function is called by:
		_BEAT_init
		_ADCC_ThresholdISR
 This function uses a non-reentrant model



MODULE INFORMATION

Module		Function		Class		Link	Load	Size
C:\Program Files (x86)\Microchip\xc8\v2.05\pic\sources\c99\common\lwmod.c
		___lwmod       		CODE           	128E	0000	46

C:\Program Files (x86)\Microchip\xc8\v2.05\pic\sources\c99\common\lwmod.c estimated size: 46

C:\Program Files (x86)\Microchip\xc8\v2.05\pic\sources\c99\common\awmod.c
		___awmod       		CODE           	1492	0000	71

C:\Program Files (x86)\Microchip\xc8\v2.05\pic\sources\c99\common\awmod.c estimated size: 71

C:\Program Files (x86)\Microchip\xc8\v2.05\pic\sources\c99\common\printf.c
		_printf        		CODE           	101B	0000	22

C:\Program Files (x86)\Microchip\xc8\v2.05\pic\sources\c99\common\printf.c estimated size: 22

clock.c
		_CLOCK_getTime 		CODE           	1E9B	0000	10
		_CLOCK_init    		CODE           	1E70	0000	9
		_CLOCK_timerCallback		CODE           	1001	0000	7

clock.c estimated size: 26

mcc_generated_files/pwm4.c
		_PWM4_Initialize		CODE           	0800	0000	12
		_PWM4_LoadDutyValue		CODE           	114F	0000	31

mcc_generated_files/pwm4.c estimated size: 43

mcc_generated_files/tmr2.c
		_TMR2_Initialize		CODE           	1F55	0000	15

mcc_generated_files/tmr2.c estimated size: 15

mcc_generated_files/interrupt_manager.c
		_INTERRUPT_InterruptManager		CODE           	0004	0000	45

mcc_generated_files/interrupt_manager.c estimated size: 45

mcc_generated_files/pwm2.c
		_PWM2_Initialize		CODE           	1F01	0000	12
		_PWM2_LoadDutyValue		CODE           	1113	0000	31

mcc_generated_files/pwm2.c estimated size: 43

mcc_generated_files/tmr0.c
		_TMR0_SetInterruptHandler		CODE           	1EA4	0000	10
		_TMR0_DefaultInterruptHandler		CODE           	1E52	0000	2
		_TMR0_ISR      		CODE           	1F48	0000	14
		_TMR0_Initialize		CODE           	1FEC	0000	21

mcc_generated_files/tmr0.c estimated size: 47

C:\Program Files (x86)\Microchip\xc8\v2.05\pic\sources\c99\common\nf_fputc.c
		_fputc         		CODE           	141C	0000	56

C:\Program Files (x86)\Microchip\xc8\v2.05\pic\sources\c99\common\nf_fputc.c estimated size: 56

mcc_generated_files/i2c1.c
		_I2C1_BusCollisionISR		CODE           	1E59	0000	4
		_I2C1_FunctionComplete		CODE           	1F91	0000	18
		_I2C1_MasterWriteTRBBuild		CODE           	11AD	0000	36
		_I2C1_ISR      		CODE           	0EAE	0000	339
		_I2C1_MasterWrite		CODE           	1264	0000	43
		_I2C1_Initialize		CODE           	10BC	0000	29
		_I2C1_Stop     		CODE           	10A2	0000	27
		_I2C1_WaitForLastPacketToComplete		CODE           	1E66	0000	6
		_I2C1_MasterTRBInsert		CODE           	15CB	0000	86

mcc_generated_files/i2c1.c estimated size: 588

mcc_generated_files/pin_manager.c
		_PIN_MANAGER_Initialize		CODE           	137E	0000	52

mcc_generated_files/pin_manager.c estimated size: 52

C:\Program Files (x86)\Microchip\xc8\v2.05\pic\sources\c99\common\xxtofl.c
		___xxtofl      		CODE           	176A	0000	151

C:\Program Files (x86)\Microchip\xc8\v2.05\pic\sources\c99\common\xxtofl.c estimated size: 151

buttons.c
		_BUTTONS_task  		CODE           	0DC0	0000	239
		_BUTTONS_init  		CODE           	14D8	0000	79
		_init          		CODE           	116D	0000	33
		_BUTTONS_isClicked		CODE           	1FD8	0000	21
		_BUTTONS_isHeld		CODE           	1F63	0000	16
		_GPIO_init     		CODE           	1FA2	0000	18

buttons.c estimated size: 406

C:\Program Files (x86)\Microchip\xc8\v2.05\pic\sources\c99\common\strlen.c
		_strlen        		CODE           	108A	0000	25

C:\Program Files (x86)\Microchip\xc8\v2.05\pic\sources\c99\common\strlen.c estimated size: 25

C:\Program Files (x86)\Microchip\xc8\v2.05\pic\sources\c99\common\lwdiv.c
		___lwdiv       		CODE           	13B1	0000	54

C:\Program Files (x86)\Microchip\xc8\v2.05\pic\sources\c99\common\lwdiv.c estimated size: 54

C:\Program Files (x86)\Microchip\xc8\v2.05\pic\sources\c99\common\awdiv.c
		___awdiv       		CODE           	1526	0000	83

C:\Program Files (x86)\Microchip\xc8\v2.05\pic\sources\c99\common\awdiv.c estimated size: 83

C:\Program Files (x86)\Microchip\xc8\v2.05\pic\sources\c99\common\fltol.c
		___fltol       		CODE           	080B	0000	103

C:\Program Files (x86)\Microchip\xc8\v2.05\pic\sources\c99\common\fltol.c estimated size: 103

C:\Program Files (x86)\Microchip\xc8\v2.05\pic\sources\c99\common\sprcmul.c
		___flmul       		CODE           	00A5	0000	557

C:\Program Files (x86)\Microchip\xc8\v2.05\pic\sources\c99\common\sprcmul.c estimated size: 557

C:\Program Files (x86)\Microchip\xc8\v2.05\pic\sources\c99\common\sprcdiv.c
		___fldiv       		CODE           	0469	0000	379

C:\Program Files (x86)\Microchip\xc8\v2.05\pic\sources\c99\common\sprcdiv.c estimated size: 379

C:\Program Files (x86)\Microchip\xc8\v2.05\pic\sources\c99\common\doprnt.c
		_vfpfcnvrt     		CODE           	090A	0000	170
		_pad           		CODE           	1578	0000	84
		_ctoa          		CODE           	12EA	0000	49
		_vfprintf      		CODE           	12BB	0000	48

C:\Program Files (x86)\Microchip\xc8\v2.05\pic\sources\c99\common\doprnt.c estimated size: 351

shared
		__initialization		CODE           	0032	0000	112
		_charTable     		STRCODE        	1800	0000	97

shared estimated size: 209

mcc_generated_files/eusart1.c
		_EUSART1_SetRxInterruptHandler		CODE           	1EB6	0000	10
		_EUSART1_Initialize		CODE           	134B	0000	52
		_EUSART1_DefaultErrorHandler		CODE           	1E56	0000	4
		_EUSART1_SetFramingErrorHandler		CODE           	1EC8	0000	10
		_EUSART1_SetOverrunErrorHandler		CODE           	1ED1	0000	10
		_EUSART1_SetErrorHandler		CODE           	1EBF	0000	10
		_EUSART1_Receive_ISR		CODE           	13E6	0000	55
		_EUSART1_RxDataHandler		CODE           	1072	0000	25
		_EUSART1_DefaultOverrunErrorHandler		CODE           	07FC	0000	5
		_EUSART1_DefaultFramingErrorHandler		CODE           	1E51	0000	2

mcc_generated_files/eusart1.c estimated size: 183

mcc_generated_files/mcc.c
		_PMD_Initialize		CODE           	1EEC	0000	11
		_OSCILLATOR_Initialize		CODE           	1EDA	0000	10
		_SYSTEM_Initialize		CODE           	11F4	0000	37

mcc_generated_files/mcc.c estimated size: 58

mcc_generated_files/pwm3.c
		_PWM3_Initialize		CODE           	1F0C	0000	12
		_PWM3_LoadDutyValue		CODE           	1131	0000	31

mcc_generated_files/pwm3.c estimated size: 43

mcc_generated_files/pwm1.c
		_PWM1_Initialize		CODE           	1EF6	0000	12
		_PWM1_LoadDutyValue		CODE           	10F5	0000	31

mcc_generated_files/pwm1.c estimated size: 43

controller.c
		_CONTROLLER_task		CODE           	0BF7	0000	223
		_CONTROLLER_init		CODE           	02D1	0000	409
		_getIsHold     		CODE           	0002	0000	3
		_CONTROL_DMX   		CODE           	09B3	0000	184
		_getMode       		CODE           	1E5F	0000	4

controller.c estimated size: 823

tm1650.c
		_TM1650_fastPrintNum_2digit		CODE           	16F6	0000	117
		_putch         		CODE           	11D0	0000	37
		_TM1650_fastPrintNum_3digit		CODE           	0871	0000	154
		_TM1650_init   		CODE           	1007	0000	21
		_TM1650_enable 		CODE           	1030	0000	22
		_TM1650_fastPrintNum		CODE           	073A	0000	195
		_writeData     		CODE           	10D8	0000	30
		_TM1650_setDigit		CODE           	1FB3	0000	19

tm1650.c estimated size: 595

C:\Program Files (x86)\Microchip\xc8\v2.05\pic\sources\c99\common\nf_fputs.c
		_fputs         		CODE           	1218	0000	39

C:\Program Files (x86)\Microchip\xc8\v2.05\pic\sources\c99\common\nf_fputs.c estimated size: 39

mcc_generated_files/adcc.c
		_ADCC_DefaultInterruptHandler		CODE           	1E50	0000	2
		_ADCC_SetADTIInterruptHandler		CODE           	1E80	0000	10
		_ADCC_ThresholdISR		CODE           	1F3B	0000	14
		_ADCC_StartConversion		CODE           	1E92	0000	10
		_ADCC_Initialize		CODE           	123E	0000	39
		_ADCC_SetUpperThreshold		CODE           	1E89	0000	10

mcc_generated_files/adcc.c estimated size: 85

dmx.c
		_DMX_interrupt 		CODE           	131A	0000	50
		_address_dec   		CODE           	1F72	0000	16
		_address_inc   		CODE           	1F81	0000	17
		_DMX_init      		CODE           	1FC5	0000	20
		_DMX_getAddress		CODE           	1E5C	0000	4

dmx.c estimated size: 107

C:\Program Files (x86)\Microchip\xc8\v2.05\pic\sources\c99\common\Umul8_16.c
		__Umul8_16     		CODE           	118D	0000	33

C:\Program Files (x86)\Microchip\xc8\v2.05\pic\sources\c99\common\Umul8_16.c estimated size: 33

main.c
		_main          		CODE           	1453	0000	64

main.c estimated size: 64

beat.c
		_BEAT_task     		CODE           	0B25	0000	211
		_BEAT_init     		CODE           	105B	0000	24
		_BEAT_detected 		CODE           	1EAD	0000	10
		_adcThresholdHandler		CODE           	1E62	0000	5

beat.c estimated size: 250

led.c
		_LED_task_BEAT_MIXED		CODE           	1000	0000	2
		_LED_task_BEAT_STROBE		CODE           	0CD5	0000	236
		_LED_task_ANIMATION		CODE           	1E53	0000	2
		_LED_task_MANUAL		CODE           	1F17	0000	13
		_LED_task_BEAT_CONTINUOUS		CODE           	1E54	0000	2
		_LED_init      		CODE           	1E78	0000	9
		_beatColorCreator		CODE           	1683	0000	116
		_beatBrightnessCalculation		CODE           	1045	0000	23
		_LED_setColor  		CODE           	05E3	0000	344
		_LED_task_BEAT_FADE		CODE           	1E55	0000	2
		_LED_task      		CODE           	0A6A	0000	188
		_LED_task_DMX  		CODE           	1620	0000	100

led.c estimated size: 1037

